IQ-TREE multicore version 2.2.3 COVID-edition for Linux 64-bit built Aug 13 2023
Developed by Bui Quang Minh, James Barbetti, Nguyen Lam Tung,
Olga Chernomor, Heiko Schmidt, Dominik Schrempf, Michael Woodhams, Ly Trong Nhan.

Host:    dna030 (AVX2, FMA3, 503 GB RAM)
Command: iqtree -p c1/templateXAA.nx -seed 42 -nt AUTO -n 50
Seed:    42 (Using SPRNG - Scalable Parallel Random Number Generator)
Time:    Tue Mar 18 22:38:33 2025
Kernel:  AVX+FMA - auto-detect threads (20 CPU cores detected)

Reading partition model file c1/templateXAA.nx ...

Loading 2 partitions...
Reading alignment file c1/alnAA_AA.fasta ... Fasta format detected
Reading fasta file: done in 0.000290485 secs using 37.18% CPU
Alignment most likely contains protein sequences
Constructing alignment: done in 0.00027172 secs using 124% CPU
Alignment has 47 sequences with 228 columns, 214 distinct patterns
164 parsimony-informative, 23 singleton sites, 41 constant sites
WARNING: Some sequence names are changed as follows:
ArgRS_AF_Bact_Escherichia_coli_O157:H7_str._Sakai_gene912519 -> ArgRS_AF_Bact_Escherichia_coli_O157_H7_str._Sakai_gene912519

                                                                               Gap/Ambiguity  Composition  p-value
Analyzing sequences: done in 0.0122286 secs using 1384% CPU
   1  ArgRS_AF_Euk_Thalassiosira_pseudonana_CCMP1335_gene7449555                      35.09%    passed     92.52%
   2  CysRS_AF_Bact_Treponema_pallidum_subsp_pertenue_str_SamoaD_gene57878631         47.37%    failed      0.01%
   3  CysRS_AF_Euk_Cyanidioschyzon_merolae_strain_10D_gene16993418                    42.98%    failed      0.17%
   4  CysRS_AF_Mito_Morone_saxatilis_gene118339815                                    43.42%    passed     36.30%
   5  ArgRS_PDB_Arch_2ZUF                                                             34.21%    passed     69.34%
   6  CysRS_AF_Euk_Drosophila_melanogaster_gene36784                                  42.54%    passed     72.69%
   7  ArgRS_PDB_Bact_1IQ0                                                             35.96%    passed     12.28%
   8  ArgRS_AF_Bact_Anoxybacillus_flavithermus_WK1_gene7039015                        36.40%    passed     86.77%
   9  CysRS_AF_Arch_Pyrobaculum_ferrireducens_gene11593896                            60.53%    passed     16.95%
  10  ArgRS_AF_Euk_Paulinella_chromatophora_gene6481434                               37.72%    passed     95.34%
  11  CysRS_AF_Bact_Bordetella_avium_197N_gene41394405                                56.58%    passed      6.16%
  12  CysRS_AF_Bact_Porphyromonas_gingivalis_ATCC_33277_gene29256960                  50.00%    passed     39.65%
  13  ArgRS_AF_Bact_Brachyspira_pilosicoli_95_1000_gene56439668                       35.09%    passed      5.07%
  14  CysRS_AF_Bact_Lactobacillus_amylovorus_GRL1118_gene66523130                     47.81%    passed     47.62%
  15  ArgRS_AF_Bact_Streptobacillus_moniliformis_DSM_12112_gene29674021               35.96%    passed     89.11%
  16  CysRS_AF_Arch_Candidatus_Nitrosopumilus_sediminis_gene13696907                  49.12%    passed     48.77%
  17  ArgRS_AF_Mito_Caenorhabditis_elegans_gene174023                                 35.96%    passed     30.88%
  18  CysRS_AF_Bact_Prochlorococcus_marinus_subsp_marinus_str_CCMP1375_gene54200571   37.72%    passed      6.81%
  19  ArgRS_AF_Mito_Homo_sapiens_gene57038                                            37.28%    passed     23.92%
  20  ArgRS_AF_Euk_Micromonas_commoda_gene8250062                                     38.16%    passed     71.98%
  21  ArgRS_AF_Bact_Chlamydia_psittaci_6BC_gene12242456                               38.60%    passed     67.22%
  22  ArgRS_AF_Bact_Prochlorococcus_marinus_subsp_marinus_str_CCMP1375_gene54199571   37.72%    passed     91.86%
  23  CysRS_AF_Euk_Micromonas_commoda_gene8246535                                     39.04%    failed      2.01%
  24  CysRS_AF_Bact_Streptobacillus_moniliformis_DSM_12112_gene29673427               49.56%    failed      0.04%
  25  ArgRS_AF_Vir_Megavirus_chiliensis_gene11257368                                  35.96%    failed      0.20%
  26  ArgRS_AF_Bact_Cupriavidus_taiwanensis_LMG_19424_gene29762022                    32.46%    failed      0.04%
  27  CysRS_AF_Euk_Arabidopsis_thaliana_gene833874                                    40.35%    passed      7.59%
  28  ArgRS_AF_Arch_Candidatus_Nitrosopumilus_sediminis_gene13697696                  37.28%    passed     78.37%
  29  ArgRS_AF_Arch_Methanothermococcus_okinawensis_IH1_gene10773248                  34.65%    failed      0.03%
  30  ArgRS_AF_Arch_Desulfurococcus_mucosus_DSM_2162_gene10153309                     30.70%    passed     24.63%
  31  ArgRS_AF_Arch_Candidatus_Korarchaeum_cryptofilum_OPF8_gene6093502               37.72%    passed     72.31%
  32  CysRS_PDB_Bact_M_smegmatis_3C8Z                                                 65.79%    failed      2.60%
  33  CysRS_PDB_Bact_E_coli_1LI5                                                      63.16%    passed     78.03%
  34  CysRS_AF_Vir_Megavirus_chiliensis_gene11257271                                  48.68%    failed      0.00%
  35  CysRS_AF_Mito_Saccharomyces_cerevisiae_S288C_gene855474                         43.42%    passed     44.58%
  36  CysRS_AF_Mito_Homo_sapiens_gene79587                                            43.42%    passed     24.86%
  37  CysRS_AF_Arch_Aciduliprofundum_boonei_T469_gene8827372                          51.32%    passed     36.14%
  38  CysRS_AF_Euk_Homo_sapiens_gene833                                               42.11%    passed     87.59%
  39  CysRS_AF_Arch_Methanospirillum_hungatei_JF-1_gene3922979                        61.84%    passed      9.13%
  40  ArgRS_PDB_Euk_S_cerevisiae_1BS2                                                 35.96%    passed     68.85%
  41  ArgRS_AF_Euk_Homo_sapiens_gene5917                                              32.46%    passed     13.14%
  42  ArgRS_AF_Bact_Corynebacterium_ulcerans_809_gene75260071                         34.21%    passed     25.29%
  43  CysRS_AF_Bact_Mycoplasma_hyopneumoniae_168-L_gene57101512                       61.40%    failed      0.03%
  44  ArgRS_AF_Bact_Escherichia_coli_O157_H7_str._Sakai_gene912519                    36.40%    passed     96.80%
  45  CysRS_AF_Bact_Mycobacterium_canettii_CIPT_140010059_gene45427568                54.39%    failed      4.06%
  46  ArgRS_AF_Bact_Mycoplasma_hyopneumoniae_168-L_gene57100855                       39.04%    failed      0.32%
  47  ArgRS_AF_Euk_Polyodon_spathula_gene121324634                                    32.46%    passed     10.95%
WARNING: 8 sequences contain more than 50% gaps/ambiguity
****  TOTAL                                                                           42.55%  12 sequences failed composition chi2 test (p-value<5%; df=19)
Reading alignment file c1/aln3di_AA.fasta ... Fasta format detected
Reading fasta file: done in 0.000248106 secs using 620.7% CPU
Alignment most likely contains protein sequences
Constructing alignment: done in 0.000246082 secs using 136.5% CPU
Alignment has 47 sequences with 187 columns, 187 distinct patterns
173 parsimony-informative, 13 singleton sites, 0 constant sites
WARNING: Some sequence names are changed as follows:
ArgRS_AF_Bact_Escherichia_coli_O157:H7_str._Sakai_gene912519 -> ArgRS_AF_Bact_Escherichia_coli_O157_H7_str._Sakai_gene912519

                                                                               Gap/Ambiguity  Composition  p-value
Analyzing sequences: done in 0.00613688 secs using 1367% CPU
   1  ArgRS_AF_Euk_Thalassiosira_pseudonana_CCMP1335_gene7449555                      20.86%    passed     92.44%
   2  CysRS_AF_Bact_Treponema_pallidum_subsp_pertenue_str_SamoaD_gene57878631         35.83%    failed      0.01%
   3  CysRS_AF_Euk_Cyanidioschyzon_merolae_strain_10D_gene16993418                    30.48%    failed      0.17%
   4  CysRS_AF_Mito_Morone_saxatilis_gene118339815                                    31.02%    passed     36.06%
   5  ArgRS_PDB_Arch_2ZUF                                                             19.79%    passed     69.27%
   6  CysRS_AF_Euk_Drosophila_melanogaster_gene36784                                  29.95%    passed     72.60%
   7  ArgRS_PDB_Bact_1IQ0                                                             21.93%    passed     12.25%
   8  ArgRS_AF_Bact_Anoxybacillus_flavithermus_WK1_gene7039015                        22.46%    passed     86.76%
   9  CysRS_AF_Arch_Pyrobaculum_ferrireducens_gene11593896                            51.87%    passed     16.96%
  10  ArgRS_AF_Euk_Paulinella_chromatophora_gene6481434                               24.06%    passed     95.34%
  11  CysRS_AF_Bact_Bordetella_avium_197N_gene41394405                                47.06%    passed      6.16%
  12  CysRS_AF_Bact_Porphyromonas_gingivalis_ATCC_33277_gene29256960                  39.04%    passed     39.72%
  13  ArgRS_AF_Bact_Brachyspira_pilosicoli_95_1000_gene56439668                       20.86%    passed      5.08%
  14  CysRS_AF_Bact_Lactobacillus_amylovorus_GRL1118_gene66523130                     36.36%    passed     47.70%
  15  ArgRS_AF_Bact_Streptobacillus_moniliformis_DSM_12112_gene29674021               21.93%    passed     89.15%
  16  CysRS_AF_Arch_Candidatus_Nitrosopumilus_sediminis_gene13696907                  37.97%    passed     48.78%
  17  ArgRS_AF_Mito_Caenorhabditis_elegans_gene174023                                 21.93%    passed     30.91%
  18  CysRS_AF_Bact_Prochlorococcus_marinus_subsp_marinus_str_CCMP1375_gene54200571   24.06%    passed      6.77%
  19  ArgRS_AF_Mito_Homo_sapiens_gene57038                                            23.53%    passed     23.81%
  20  ArgRS_AF_Euk_Micromonas_commoda_gene8250062                                     24.60%    passed     71.88%
  21  ArgRS_AF_Bact_Chlamydia_psittaci_6BC_gene12242456                               25.13%    passed     67.10%
  22  ArgRS_AF_Bact_Prochlorococcus_marinus_subsp_marinus_str_CCMP1375_gene54199571   24.06%    passed     91.84%
  23  CysRS_AF_Euk_Micromonas_commoda_gene8246535                                     25.67%    failed      2.02%
  24  CysRS_AF_Bact_Streptobacillus_moniliformis_DSM_12112_gene29673427               38.50%    failed      0.04%
  25  ArgRS_AF_Vir_Megavirus_chiliensis_gene11257368                                  21.93%    failed      0.20%
  26  ArgRS_AF_Bact_Cupriavidus_taiwanensis_LMG_19424_gene29762022                    17.65%    failed      0.04%
  27  CysRS_AF_Euk_Arabidopsis_thaliana_gene833874                                    27.27%    passed      7.60%
  28  ArgRS_AF_Arch_Candidatus_Nitrosopumilus_sediminis_gene13697696                  23.53%    passed     78.49%
  29  ArgRS_AF_Arch_Methanothermococcus_okinawensis_IH1_gene10773248                  20.32%    failed      0.03%
  30  ArgRS_AF_Arch_Desulfurococcus_mucosus_DSM_2162_gene10153309                     15.51%    passed     24.64%
  31  ArgRS_AF_Arch_Candidatus_Korarchaeum_cryptofilum_OPF8_gene6093502               24.06%    passed     72.19%
  32  CysRS_PDB_Bact_M_smegmatis_3C8Z                                                 58.29%    failed      2.56%
  33  CysRS_PDB_Bact_E_coli_1LI5                                                      55.08%    passed     78.06%
  34  CysRS_AF_Vir_Megavirus_chiliensis_gene11257271                                  37.43%    failed      0.00%
  35  CysRS_AF_Mito_Saccharomyces_cerevisiae_S288C_gene855474                         31.02%    passed     44.61%
  36  CysRS_AF_Mito_Homo_sapiens_gene79587                                            31.02%    passed     24.83%
  37  CysRS_AF_Arch_Aciduliprofundum_boonei_T469_gene8827372                          40.64%    passed     36.18%
  38  CysRS_AF_Euk_Homo_sapiens_gene833                                               29.41%    passed     87.43%
  39  CysRS_AF_Arch_Methanospirillum_hungatei_JF-1_gene3922979                        53.48%    passed      9.14%
  40  ArgRS_PDB_Euk_S_cerevisiae_1BS2                                                 21.93%    passed     68.52%
  41  ArgRS_AF_Euk_Homo_sapiens_gene5917                                              17.65%    passed     12.97%
  42  ArgRS_AF_Bact_Corynebacterium_ulcerans_809_gene75260071                         19.79%    passed     25.28%
  43  CysRS_AF_Bact_Mycoplasma_hyopneumoniae_168-L_gene57101512                       52.94%    failed      0.03%
  44  ArgRS_AF_Bact_Escherichia_coli_O157_H7_str._Sakai_gene912519                    22.46%    passed     96.81%
  45  CysRS_AF_Bact_Mycobacterium_canettii_CIPT_140010059_gene45427568                44.39%    failed      4.05%
  46  ArgRS_AF_Bact_Mycoplasma_hyopneumoniae_168-L_gene57100855                       25.67%    failed      0.32%
  47  ArgRS_AF_Euk_Polyodon_spathula_gene121324634                                    17.65%    passed     10.77%
WARNING: 5 sequences contain more than 50% gaps/ambiguity
****  TOTAL                                                                           29.96%  12 sequences failed composition chi2 test (p-value<5%; df=19)
Subset	Type	Seqs	Sites	Infor	Invar	Model	Name
1	AA	47	228	164	41	LG+I+G	part1
2		47	187	173	1	/work/FAC/FBM/DBC/cdessim2/default/dmoi/projects/snake_tree/3diphy/3DI_substmat/3di_substmat.txt+I+F	part2
Degree of missing data: 0.000
Info: multi-threading strategy over partitions


Create initial parsimony tree by phylogenetic likelihood library (PLL)... 0.010 seconds
Reading model parameters from file /work/FAC/FBM/DBC/cdessim2/default/dmoi/projects/snake_tree/3diphy/3DI_substmat/3di_substmat.txt
WARNING: Normalizing state frequencies so that sum of them equals to 1

NOTE: 8 MB RAM (0 GB) is required!
Measuring multi-threading efficiency up to 20 CPU cores
Increase to 10 rounds for branch lengths
64 trees examined
Threads: 1 / Time: 20.126 sec / Speedup: 1.000 / Efficiency: 100% / LogL: -31556
Threads: 2 / Time: 16.695 sec / Speedup: 1.206 / Efficiency: 60% / LogL: -31556
Threads: 3 / Time: 52.119 sec / Speedup: 0.386 / Efficiency: 13% / LogL: -31556
Determining AUTO threadcount: done in 88.9423 secs using 87.71% CPU
BEST NUMBER OF THREADS: 2

Estimate model parameters (epsilon = 0.100)
Initial log-likelihood: -31881.132
Current log-likelihood at step 1: -29692.137
Current log-likelihood at step 2: -29645.772
Current log-likelihood at step 3: -29645.681
Partition-specific rates:  0.747 1.309
Parameters optimization took 2 rounds (0.574 sec)

Wrote distance file to... 
Computing ML distances based on estimated model parameters...
Calculating distance matrix: done in 0.000153238 secs using 332.2% CPU
Computing ML distances took 0.000207 sec (of wall-clock time) 0.000550 sec (of CPU time)
Setting up auxiliary I and S matrices: done in 0.00019694 secs using 174.2% CPU
Constructing RapidNJ tree: done in 0.00527198 secs using 127.6% CPU
Computing RapidNJ tree took 0.005603 sec (of wall-clock time) 0.007169 sec (of CPU time)
Log-likelihood of RapidNJ tree: -31796.947
--------------------------------------------------------------------
|             INITIALIZING CANDIDATE TREE SET                      |
--------------------------------------------------------------------
Generating 98 parsimony trees... 1.026 second
Computing log-likelihood of 98 initial trees ... 3.229 seconds
Current best score: -29645.681

Do NNI search on 20 best initial trees
Optimizing NNI: done in 0.990858 secs using 180.5% CPU
Estimate model parameters (epsilon = 0.100)
Initial log-likelihood: -29576.700
Current log-likelihood at step 1: -29576.292
Current log-likelihood at step 2: -29576.276
Parameters optimization took 1 rounds (0.307 sec)

BETTER TREE FOUND at iteration 1: -29576.276
Optimizing NNI: done in 0.806986 secs using 180.1% CPU
Estimate model parameters (epsilon = 0.100)
Initial log-likelihood: -29554.777
Current log-likelihood at step 1: -29554.520
Current log-likelihood at step 2: -29554.520
Parameters optimization took 1 rounds (0.310 sec)

BETTER TREE FOUND at iteration 2: -29554.520
Optimizing NNI: done in 0.777577 secs using 181.2% CPU
Optimizing NNI: done in 1.16845 secs using 181.5% CPU
Optimizing NNI: done in 1.14884 secs using 182.2% CPU
Optimizing NNI: done in 1.09467 secs using 182% CPU
Optimizing NNI: done in 0.932663 secs using 182.1% CPU
Optimizing NNI: done in 1.0739 secs using 182.6% CPU
Optimizing NNI: done in 0.987282 secs using 182.7% CPU
Estimate model parameters (epsilon = 0.100)
Initial log-likelihood: -29546.940
Current log-likelihood at step 1: -29546.881
Parameters optimization took 0 rounds (0.125 sec)

BETTER TREE FOUND at iteration 9: -29546.881
Optimizing NNI: done in 0.940525 secs using 183.8% CPU
Iteration 10 / LogL: -29578.078 / Time: 0h:1m:45s
Optimizing NNI: done in 0.796727 secs using 184% CPU
Optimizing NNI: done in 0.993888 secs using 183.8% CPU
Optimizing NNI: done in 1.15395 secs using 184.2% CPU
Optimizing NNI: done in 1.03629 secs using 184.3% CPU
Optimizing NNI: done in 0.992623 secs using 184.9% CPU
Optimizing NNI: done in 0.907128 secs using 185.3% CPU
Optimizing NNI: done in 0.928842 secs using 185.3% CPU
Optimizing NNI: done in 1.23436 secs using 185.7% CPU
Optimizing NNI: done in 0.83312 secs using 185.9% CPU
Optimizing NNI: done in 1.25646 secs using 186% CPU
Iteration 20 / LogL: -29580.724 / Time: 0h:1m:55s
Finish initializing candidate tree set (20)
Current best tree score: -29546.881 / CPU time: 25.225
Number of iterations: 20
--------------------------------------------------------------------
|               OPTIMIZING CANDIDATE TREE SET                      |
--------------------------------------------------------------------
Optimizing NNI: done in 0.935601 secs using 185.9% CPU
Optimizing NNI: done in 0.842516 secs using 186% CPU
Estimate model parameters (epsilon = 0.100)
Initial log-likelihood: -29544.046
Current log-likelihood at step 1: -29544.015
Parameters optimization took 0 rounds (0.122 sec)

BETTER TREE FOUND at iteration 22: -29544.015
Optimizing NNI: done in 0.858415 secs using 186.7% CPU
Optimizing NNI: done in 0.624324 secs using 186% CPU
Optimizing NNI: done in 0.625032 secs using 186.4% CPU
Optimizing NNI: done in 0.730598 secs using 186.7% CPU
Optimizing NNI: done in 0.525386 secs using 185.9% CPU
Optimizing NNI: done in 0.483557 secs using 186.3% CPU
Optimizing NNI: done in 0.632459 secs using 186.7% CPU
Optimizing NNI: done in 0.863986 secs using 187% CPU
Iteration 30 / LogL: -29556.930 / Time: 0h:2m:2s (0h:1m:24s left)
Optimizing NNI: done in 0.645357 secs using 187.1% CPU
Estimate model parameters (epsilon = 0.100)
Initial log-likelihood: -29543.305
Current log-likelihood at step 1: -29543.214
Parameters optimization took 0 rounds (0.129 sec)

BETTER TREE FOUND at iteration 31: -29543.214
Optimizing NNI: done in 0.572083 secs using 187.4% CPU
Estimate model parameters (epsilon = 0.100)
Initial log-likelihood: -29543.180
Current log-likelihood at step 1: -29543.120
Parameters optimization took 0 rounds (0.136 sec)

BETTER TREE FOUND at iteration 32: -29543.120
Optimizing NNI: done in 0.588279 secs using 188.4% CPU
Optimizing NNI: done in 0.682582 secs using 188.3% CPU
Optimizing NNI: done in 0.626341 secs using 187.8% CPU
Optimizing NNI: done in 0.642119 secs using 188.4% CPU
Optimizing NNI: done in 0.68221 secs using 188.5% CPU
Optimizing NNI: done in 0.668588 secs using 187.9% CPU
Optimizing NNI: done in 0.523036 secs using 187.6% CPU
Optimizing NNI: done in 0.528762 secs using 187.7% CPU
Iteration 40 / LogL: -29543.138 / Time: 0h:2m:9s (0h:0m:33s left)
Optimizing NNI: done in 0.700753 secs using 188.9% CPU
Optimizing NNI: done in 0.707099 secs using 188.7% CPU
Optimizing NNI: done in 0.551928 secs using 188.6% CPU
Optimizing NNI: done in 0.788383 secs using 188.4% CPU
Optimizing NNI: done in 0.717391 secs using 187.8% CPU
Optimizing NNI: done in 0.651573 secs using 189.3% CPU
Optimizing NNI: done in 0.600632 secs using 189.2% CPU
Optimizing NNI: done in 0.524155 secs using 189.4% CPU
Optimizing NNI: done in 0.491508 secs using 189.2% CPU
Optimizing NNI: done in 0.55522 secs using 188.8% CPU
Iteration 50 / LogL: -29543.971 / Time: 0h:2m:15s (0h:0m:0s left)
TREE SEARCH COMPLETED AFTER 50 ITERATIONS / Time: 0h:2m:15s

--------------------------------------------------------------------
|                    FINALIZING TREE SEARCH                        |
--------------------------------------------------------------------
Performs final model parameters optimization
Estimate model parameters (epsilon = 0.010)
Initial log-likelihood: -29543.120
Current log-likelihood at step 1: -29543.114
Partition-specific rates:  0.770 1.281
Parameters optimization took 0 rounds (0.122 sec)

Partition information was printed to c1/templateXAA.nx.best_model.nex
BEST SCORE FOUND : -29543.114
Total tree length: 71.225

Total number of iterations: 50
CPU time used for tree search: 82.723 sec (0h:1m:22s)
Wall-clock time used for tree search: 45.518 sec (0h:0m:45s)
Total CPU time used: 163.192 sec (0h:2m:43s)
Total wall-clock time used: 135.706 sec (0h:2m:15s)

Analysis results written to: 
  IQ-TREE report:                c1/templateXAA.nx.iqtree
  Maximum-likelihood tree:       c1/templateXAA.nx.treefile
  Likelihood distances:          c1/templateXAA.nx.mldist
  Screen log file:               c1/templateXAA.nx.log

Date and Time: Tue Mar 18 22:40:49 2025
