Config file /work/FAC/FBM/DBC/cdessim2/default/dmoi/projects/snake_tree/workflow/config/config_vars.yaml is extended by additional config specified via the command line.
Building DAG of jobs...
Using shell: /usr/bin/bash
Provided cores: 8
Rules claiming more threads will be scaled down.
Provided resources: mem_mb=20000, mem_mib=19074, disk_mb=1000, disk_mib=954
Select jobs to execute...

[Tue Mar 18 22:36:45 2025]
rule BM_iqtree:
    input: c2/sequences.aln.muscle.fst
    output: c2/sequences.aln.muscle.fst.treefile
    log: c2/logs/iqtree.muscle.log
    jobid: 0
    reason: Missing output files: c2/sequences.aln.muscle.fst.treefile
    wildcards: folder=c2, aligner=muscle
    threads: 8
    resources: mem_mb=20000, mem_mib=19074, disk_mb=1000, disk_mib=954, tmpdir=/tmp/51037457, partition=cpu, time=00:45:00

iqtree -s c2/sequences.aln.muscle.fst  -redo -m LG+I+G -seed 42 -nt AUTO -n 50 
Activating conda environment: foldtree
IQ-TREE multicore version 2.2.3 COVID-edition for Linux 64-bit built Aug 13 2023
Developed by Bui Quang Minh, James Barbetti, Nguyen Lam Tung,
Olga Chernomor, Heiko Schmidt, Dominik Schrempf, Michael Woodhams, Ly Trong Nhan.

Host:    dna030 (AVX2, FMA3, 503 GB RAM)
Command: iqtree -s c2/sequences.aln.muscle.fst -redo -m LG+I+G -seed 42 -nt AUTO -n 50
Seed:    42 (Using SPRNG - Scalable Parallel Random Number Generator)
Time:    Tue Mar 18 22:36:46 2025
Kernel:  AVX+FMA - auto-detect threads (8 CPU cores detected)

Reading alignment file c2/sequences.aln.muscle.fst ... Fasta format detected
Reading fasta file: done in 0.000298579 secs using 28.47% CPU
Alignment most likely contains protein sequences
Constructing alignment: done in 0.000218319 secs using 28.86% CPU
Alignment has 47 sequences with 212 columns, 206 distinct patterns
147 parsimony-informative, 17 singleton sites, 48 constant sites
WARNING: Some sequence names are changed as follows:
ArgRS_AF_Bact_Escherichia_coli_O157:H7_str._Sakai_gene912519 -> ArgRS_AF_Bact_Escherichia_coli_O157_H7_str._Sakai_gene912519

                                                                               Gap/Ambiguity  Composition  p-value
Analyzing sequences: done in 1.35051e-05 secs using 88.86% CPU
   1  CysRS_AF_Arch_Aciduliprofundum_boonei_T469_gene8827372                          47.64%    passed     36.16%
   2  ArgRS_AF_Arch_Candidatus_Nitrosopumilus_sediminis_gene13697696                  32.55%    passed     78.44%
   3  CysRS_AF_Bact_Treponema_pallidum_subsp_pertenue_str_SamoaD_gene57878631         43.40%    failed      0.01%
   4  CysRS_PDB_Bact_M_smegmatis_3C8Z                                                 63.21%    failed      2.58%
   5  ArgRS_AF_Euk_Paulinella_chromatophora_gene6481434                               33.02%    passed     95.34%
   6  ArgRS_AF_Euk_Polyodon_spathula_gene121324634                                    27.36%    passed     10.84%
   7  CysRS_AF_Mito_Homo_sapiens_gene79587                                            39.15%    passed     24.84%
   8  CysRS_AF_Bact_Streptobacillus_moniliformis_DSM_12112_gene29673427               45.75%    failed      0.04%
   9  ArgRS_AF_Bact_Streptobacillus_moniliformis_DSM_12112_gene29674021               31.13%    passed     89.13%
  10  CysRS_AF_Euk_Homo_sapiens_gene833                                               37.74%    passed     87.49%
  11  ArgRS_AF_Arch_Candidatus_Korarchaeum_cryptofilum_OPF8_gene6093502               33.02%    passed     72.24%
  12  CysRS_AF_Euk_Arabidopsis_thaliana_gene833874                                    35.85%    passed      7.59%
  13  ArgRS_AF_Vir_Megavirus_chiliensis_gene11257368                                  31.13%    failed      0.20%
  14  ArgRS_AF_Bact_Mycoplasma_hyopneumoniae_168-L_gene57100855                       34.43%    failed      0.32%
  15  ArgRS_AF_Euk_Thalassiosira_pseudonana_CCMP1335_gene7449555                      30.19%    passed     92.47%
  16  ArgRS_AF_Mito_Homo_sapiens_gene57038                                            32.55%    passed     23.85%
  17  ArgRS_AF_Arch_Methanothermococcus_okinawensis_IH1_gene10773248                  29.72%    failed      0.03%
  18  ArgRS_AF_Bact_Brachyspira_pilosicoli_95_1000_gene56439668                       30.19%    passed      5.07%
  19  CysRS_AF_Bact_Mycobacterium_canettii_CIPT_140010059_gene45427568                50.94%    failed      4.05%
  20  CysRS_AF_Bact_Lactobacillus_amylovorus_GRL1118_gene66523130                     43.87%    passed     47.67%
  21  CysRS_AF_Vir_Megavirus_chiliensis_gene11257271                                  44.81%    failed      0.00%
  22  CysRS_AF_Mito_Morone_saxatilis_gene118339815                                    39.15%    passed     36.16%
  23  CysRS_AF_Bact_Mycoplasma_hyopneumoniae_168-L_gene57101512                       58.49%    failed      0.03%
  24  ArgRS_AF_Bact_Corynebacterium_ulcerans_809_gene75260071                         29.25%    passed     25.29%
  25  ArgRS_AF_Bact_Chlamydia_psittaci_6BC_gene12242456                               33.96%    passed     67.15%
  26  CysRS_AF_Bact_Bordetella_avium_197N_gene41394405                                53.30%    passed      6.16%
  27  ArgRS_AF_Euk_Homo_sapiens_gene5917                                              27.36%    passed     13.04%
  28  CysRS_AF_Arch_Candidatus_Nitrosopumilus_sediminis_gene13696907                  45.28%    passed     48.77%
  29  ArgRS_AF_Mito_Caenorhabditis_elegans_gene174023                                 31.13%    passed     30.90%
  30  CysRS_AF_Bact_Porphyromonas_gingivalis_ATCC_33277_gene29256960                  46.23%    passed     39.69%
  31  ArgRS_PDB_Bact_1IQ0                                                             31.13%    passed     12.26%
  32  CysRS_AF_Euk_Drosophila_melanogaster_gene36784                                  38.21%    passed     72.64%
  33  CysRS_AF_Mito_Saccharomyces_cerevisiae_S288C_gene855474                         39.15%    passed     44.60%
  34  CysRS_AF_Euk_Cyanidioschyzon_merolae_strain_10D_gene16993418                    38.68%    failed      0.17%
  35  ArgRS_AF_Euk_Micromonas_commoda_gene8250062                                     33.49%    passed     71.92%
  36  ArgRS_AF_Bact_Escherichia_coli_O157_H7_str._Sakai_gene912519                    31.60%    passed     96.81%
  37  CysRS_AF_Arch_Pyrobaculum_ferrireducens_gene11593896                            57.55%    passed     16.95%
  38  ArgRS_PDB_Arch_2ZUF                                                             29.25%    passed     69.30%
  39  CysRS_AF_Euk_Micromonas_commoda_gene8246535                                     34.43%    failed      2.01%
  40  ArgRS_AF_Bact_Anoxybacillus_flavithermus_WK1_gene7039015                        31.60%    passed     86.77%
  41  CysRS_PDB_Bact_E_coli_1LI5                                                      60.38%    passed     78.05%
  42  CysRS_AF_Arch_Methanospirillum_hungatei_JF-1_gene3922979                        58.96%    passed      9.14%
  43  CysRS_AF_Bact_Prochlorococcus_marinus_subsp_marinus_str_CCMP1375_gene54200571   33.02%    passed      6.78%
  44  ArgRS_PDB_Euk_S_cerevisiae_1BS2                                                 31.13%    passed     68.65%
  45  ArgRS_AF_Bact_Cupriavidus_taiwanensis_LMG_19424_gene29762022                    27.36%    failed      0.04%
  46  ArgRS_AF_Arch_Desulfurococcus_mucosus_DSM_2162_gene10153309                     25.47%    passed     24.63%
  47  ArgRS_AF_Bact_Prochlorococcus_marinus_subsp_marinus_str_CCMP1375_gene54199571   33.02%    passed     91.85%
WARNING: 7 sequences contain more than 50% gaps/ambiguity
****  TOTAL                                                                           38.22%  12 sequences failed composition chi2 test (p-value<5%; df=19)
Checking for duplicate sequences: done in 8.73841e-05 secs using 69.81% CPU

Create initial parsimony tree by phylogenetic likelihood library (PLL)... 0.008 seconds

NOTE: 6 MB RAM (0 GB) is required!
Measuring multi-threading efficiency up to 8 CPU cores
Increase to 10 rounds for branch lengths
34 trees examined
Threads: 1 / Time: 8.081 sec / Speedup: 1.000 / Efficiency: 100% / LogL: -14686
Threads: 2 / Time: 5.601 sec / Speedup: 1.443 / Efficiency: 72% / LogL: -14686
Threads: 3 / Time: 4.962 sec / Speedup: 1.629 / Efficiency: 54% / LogL: -14686
Threads: 4 / Time: 3.908 sec / Speedup: 2.068 / Efficiency: 52% / LogL: -14686
Threads: 5 / Time: 3.478 sec / Speedup: 2.323 / Efficiency: 46% / LogL: -14686
Determining AUTO threadcount: done in 26.0306 secs using 255.9% CPU
BEST NUMBER OF THREADS: 4

Estimate model parameters (epsilon = 0.100)
Thoroughly optimizing +I+G parameters from 10 start values...
Init pinv, alpha: 0.000, 1.000 / Estimate: 0.000, 2.120 / LogL: -13385.260
Init pinv, alpha: 0.025, 1.000 / Estimate: 0.000, 2.121 / LogL: -13385.277
Init pinv, alpha: 0.050, 1.000 / Estimate: 0.000, 2.123 / LogL: -13385.266
Init pinv, alpha: 0.075, 1.000 / Estimate: 0.000, 2.123 / LogL: -13385.271
Init pinv, alpha: 0.101, 1.000 / Estimate: 0.000, 2.124 / LogL: -13385.275
Init pinv, alpha: 0.126, 1.000 / Estimate: 0.000, 2.124 / LogL: -13385.279
Init pinv, alpha: 0.151, 1.000 / Estimate: 0.000, 2.124 / LogL: -13385.283
Init pinv, alpha: 0.176, 1.000 / Estimate: 0.000, 2.124 / LogL: -13385.287
Init pinv, alpha: 0.201, 1.000 / Estimate: 0.000, 2.124 / LogL: -13385.266
Init pinv, alpha: 0.226, 1.000 / Estimate: 0.000, 2.124 / LogL: -13385.267
Optimal pinv,alpha: 0.000, 2.120 / LogL: -13385.260

Parameters optimization took 2.506 sec
Wrote distance file to... 
Computing ML distances based on estimated model parameters...
Calculating distance matrix: done in 0.0828881 secs using 396.7% CPU
Computing ML distances took 0.082978 sec (of wall-clock time) 0.330369 sec (of CPU time)
WARNING: Some pairwise ML distances are too long (saturated)
Setting up auxiliary I and S matrices: done in 0.00023473 secs using 184.9% CPU
Constructing RapidNJ tree: done in 0.00996011 secs using 75.84% CPU
Computing RapidNJ tree took 0.010357 sec (of wall-clock time) 0.008082 sec (of CPU time)
Log-likelihood of RapidNJ tree: -13379.530
--------------------------------------------------------------------
|             INITIALIZING CANDIDATE TREE SET                      |
--------------------------------------------------------------------
Generating 98 parsimony trees... 0.671 second
Computing log-likelihood of 98 initial trees ... 1.366 seconds
Current best score: -13379.530

Do NNI search on 20 best initial trees
Optimizing NNI: done in 0.295483 secs using 396.2% CPU
Estimate model parameters (epsilon = 0.100)
BETTER TREE FOUND at iteration 1: -13327.869
Optimizing NNI: done in 0.219644 secs using 397.4% CPU
Estimate model parameters (epsilon = 0.100)
BETTER TREE FOUND at iteration 2: -13321.042
Optimizing NNI: done in 0.442655 secs using 396.1% CPU
Estimate model parameters (epsilon = 0.100)
BETTER TREE FOUND at iteration 3: -13306.638
Optimizing NNI: done in 0.347821 secs using 392.8% CPU
Optimizing NNI: done in 0.461902 secs using 394.5% CPU
Optimizing NNI: done in 0.295721 secs using 396.9% CPU
Optimizing NNI: done in 0.220987 secs using 396.4% CPU
Optimizing NNI: done in 0.383217 secs using 394.8% CPU
Optimizing NNI: done in 0.464741 secs using 395.7% CPU
Optimizing NNI: done in 0.47434 secs using 396.5% CPU
Iteration 10 / LogL: -13319.924 / Time: 0h:0m:34s
Optimizing NNI: done in 0.441421 secs using 396.8% CPU
Optimizing NNI: done in 0.364438 secs using 395.9% CPU
Optimizing NNI: done in 0.373073 secs using 396.2% CPU
Optimizing NNI: done in 0.290888 secs using 397% CPU
Optimizing NNI: done in 0.327961 secs using 395.7% CPU
Optimizing NNI: done in 0.356996 secs using 395.9% CPU
Optimizing NNI: done in 0.323352 secs using 394.7% CPU
Optimizing NNI: done in 0.434013 secs using 395.3% CPU
Optimizing NNI: done in 0.322496 secs using 394.5% CPU
Optimizing NNI: done in 0.345358 secs using 396.9% CPU
Estimate model parameters (epsilon = 0.100)
BETTER TREE FOUND at iteration 20: -13306.310
Iteration 20 / LogL: -13306.310 / Time: 0h:0m:38s
Finish initializing candidate tree set (20)
Current best tree score: -13306.310 / CPU time: 9.515
Number of iterations: 20
--------------------------------------------------------------------
|               OPTIMIZING CANDIDATE TREE SET                      |
--------------------------------------------------------------------
Optimizing NNI: done in 0.28431 secs using 396.6% CPU
Optimizing NNI: done in 0.278528 secs using 397.3% CPU
Optimizing NNI: done in 0.277054 secs using 396.1% CPU
Optimizing NNI: done in 0.289026 secs using 397.3% CPU
Optimizing NNI: done in 0.233316 secs using 397% CPU
Optimizing NNI: done in 0.235684 secs using 394.4% CPU
Optimizing NNI: done in 0.290568 secs using 396.4% CPU
Optimizing NNI: done in 0.251584 secs using 395.6% CPU
Optimizing NNI: done in 0.158509 secs using 396.4% CPU
Optimizing NNI: done in 0.281362 secs using 395.4% CPU
Iteration 30 / LogL: -13307.025 / Time: 0h:0m:40s (0h:0m:28s left)
Optimizing NNI: done in 0.258163 secs using 396.2% CPU
Optimizing NNI: done in 0.226232 secs using 396.6% CPU
Optimizing NNI: done in 0.217015 secs using 396.4% CPU
Optimizing NNI: done in 0.236777 secs using 396.4% CPU
Optimizing NNI: done in 0.267411 secs using 396.7% CPU
Estimate model parameters (epsilon = 0.100)
UPDATE BEST LOG-LIKELIHOOD: -13306.027
Optimizing NNI: done in 0.212016 secs using 394.4% CPU
Optimizing NNI: done in 0.266007 secs using 394.2% CPU
Optimizing NNI: done in 0.243494 secs using 398.1% CPU
Optimizing NNI: done in 0.225011 secs using 396% CPU
Optimizing NNI: done in 0.35172 secs using 396.4% CPU
Iteration 40 / LogL: -13306.698 / Time: 0h:0m:43s (0h:0m:11s left)
Optimizing NNI: done in 0.210539 secs using 397.9% CPU
Optimizing NNI: done in 0.269172 secs using 395.5% CPU
Optimizing NNI: done in 0.229569 secs using 395.8% CPU
Optimizing NNI: done in 0.254241 secs using 397.6% CPU
Optimizing NNI: done in 0.296951 secs using 394.4% CPU
Optimizing NNI: done in 0.335035 secs using 396.3% CPU
Optimizing NNI: done in 0.328326 secs using 396% CPU
Optimizing NNI: done in 0.332223 secs using 394.9% CPU
Optimizing NNI: done in 0.225827 secs using 394.9% CPU
Optimizing NNI: done in 0.305898 secs using 397.2% CPU
Iteration 50 / LogL: -13306.427 / Time: 0h:0m:46s (0h:0m:0s left)
TREE SEARCH COMPLETED AFTER 50 ITERATIONS / Time: 0h:0m:46s

--------------------------------------------------------------------
|                    FINALIZING TREE SEARCH                        |
--------------------------------------------------------------------
Performs final model parameters optimization
Estimate model parameters (epsilon = 0.010)
1. Initial log-likelihood: -13306.027
Optimal log-likelihood: -13306.026
Proportion of invariable sites: 0.000
Gamma shape alpha: 2.157
Parameters optimization took 1 rounds (0.039 sec)
BEST SCORE FOUND : -13306.026
Total tree length: 67.309

Total number of iterations: 50
CPU time used for tree search: 67.412 sec (0h:1m:7s)
Wall-clock time used for tree search: 17.527 sec (0h:0m:17s)
Total CPU time used: 145.015 sec (0h:2m:25s)
Total wall-clock time used: 46.342 sec (0h:0m:46s)

Analysis results written to: 
  IQ-TREE report:                c2/sequences.aln.muscle.fst.iqtree
  Maximum-likelihood tree:       c2/sequences.aln.muscle.fst.treefile
  Likelihood distances:          c2/sequences.aln.muscle.fst.mldist
  Screen log file:               c2/sequences.aln.muscle.fst.log

Date and Time: Tue Mar 18 22:37:32 2025
[Tue Mar 18 22:37:36 2025]
Finished job 0.
1 of 1 steps (100%) done
 benchmark all running in  /work/FAC/FBM/DBC/cdessim2/default/dmoi/projects/snake_tree/
3 families to benchmark
benchmarking running in  /work/FAC/FBM/DBC/cdessim2/default/dmoi/projects/snake_tree/
ml3ditree running in  /work/FAC/FBM/DBC/cdessim2/default/dmoi/projects/snake_tree/
custom submat /work/FAC/FBM/DBC/cdessim2/default/dmoi/projects/snake_tree/mafftmat/3diHEXmat.txt
fident x aln running in  /work/FAC/FBM/DBC/cdessim2/default/dmoi/projects/snake_tree/
tcoffee benchmark running in  /work/FAC/FBM/DBC/cdessim2/default/dmoi/projects/snake_tree/
ml_3dixAA single iqtree running in  /work/FAC/FBM/DBC/cdessim2/default/dmoi/projects/snake_tree/
