Config file /work/FAC/FBM/DBC/cdessim2/default/dmoi/projects/snake_tree/workflow/config/config_vars.yaml is extended by additional config specified via the command line.
Config file /work/FAC/FBM/DBC/cdessim2/default/dmoi/projects/snake_tree/workflow/config/config_vars.yaml is extended by additional config specified via the command line.
Building DAG of jobs...
Config file /work/FAC/FBM/DBC/cdessim2/default/dmoi/projects/snake_tree/workflow/config/config_vars.yaml is extended by additional config specified via the command line.
Using shell: /usr/bin/bash
Provided cores: 1 (use --cores to define parallelism)
Rules claiming more threads will be scaled down.
Provided resources: mem_mb=20000, mem_mib=19074, disk_mb=1000, disk_mib=954
Select jobs to execute...

[Tue Mar 18 22:36:15 2025]
rule BM_quicktree:
    input: c2/alntmscore_0_exp_fastmemat.txt
    output: c2/alntmscore_0_exp_struct_tree.nwk
    log: c2/logs/alntmscore_0_exp_fastme.log
    jobid: 0
    reason: Missing output files: c2/alntmscore_0_exp_struct_tree.nwk
    wildcards: folder=c2, mattype=alntmscore, alntype=0, exp=exp
    resources: mem_mb=20000, mem_mib=19074, disk_mb=1000, disk_mib=954, tmpdir=/tmp/51037422, partition=cpu, time=00:45:00

quicktree -i m c2/alntmscore_0_exp_fastmemat.txt > c2/alntmscore_0_exp_struct_tree.nwk 
Building DAG of jobs...
Config file /work/FAC/FBM/DBC/cdessim2/default/dmoi/projects/snake_tree/workflow/config/config_vars.yaml is extended by additional config specified via the command line.
Config file /work/FAC/FBM/DBC/cdessim2/default/dmoi/projects/snake_tree/workflow/config/config_vars.yaml is extended by additional config specified via the command line.
Using shell: /usr/bin/bash
Provided cores: 1 (use --cores to define parallelism)
Rules claiming more threads will be scaled down.
Provided resources: mem_mb=20000, mem_mib=19074, disk_mb=1000, disk_mib=954
Select jobs to execute...

[Tue Mar 18 22:36:16 2025]
rule BM_quicktree:
    input: c2/lddt_0_exp_fastmemat.txt
    output: c2/lddt_0_exp_struct_tree.nwk
    log: c2/logs/lddt_0_exp_fastme.log
    jobid: 0
    reason: Missing output files: c2/lddt_0_exp_struct_tree.nwk
    wildcards: folder=c2, mattype=lddt, alntype=0, exp=exp
    resources: mem_mb=20000, mem_mib=19074, disk_mb=1000, disk_mib=954, tmpdir=/tmp/51037418, partition=cpu, time=00:45:00

quicktree -i m c2/lddt_0_exp_fastmemat.txt > c2/lddt_0_exp_struct_tree.nwk 
Building DAG of jobs...
Config file /work/FAC/FBM/DBC/cdessim2/default/dmoi/projects/snake_tree/workflow/config/config_vars.yaml is extended by additional config specified via the command line.
Using shell: /usr/bin/bash
Provided cores: 1 (use --cores to define parallelism)
Rules claiming more threads will be scaled down.
Provided resources: mem_mb=20000, mem_mib=19074, disk_mb=1000, disk_mib=954
Select jobs to execute...

[Tue Mar 18 22:36:16 2025]
rule BM_quicktree:
    input: c2/alntmscore_0_raw_fastmemat.txt
    output: c2/alntmscore_0_raw_struct_tree.nwk
    log: c2/logs/alntmscore_0_raw_fastme.log
    jobid: 0
    reason: Missing output files: c2/alntmscore_0_raw_struct_tree.nwk
    wildcards: folder=c2, mattype=alntmscore, alntype=0, exp=raw
    resources: mem_mb=20000, mem_mib=19074, disk_mb=1000, disk_mib=954, tmpdir=/tmp/51037420, partition=cpu, time=00:45:00

quicktree -i m c2/alntmscore_0_raw_fastmemat.txt > c2/alntmscore_0_raw_struct_tree.nwk 
Building DAG of jobs...
Building DAG of jobs...
Using shell: /usr/bin/bash
Provided cores: 1 (use --cores to define parallelism)
Rules claiming more threads will be scaled down.
Provided resources: mem_mb=20000, mem_mib=19074, disk_mb=1000, disk_mib=954
Select jobs to execute...
Building DAG of jobs...

[Tue Mar 18 22:36:16 2025]
Using shell: /usr/bin/bash
rule BM_quicktree:
    input: c2/fident_0_exp_fastmemat.txt
    output: c2/fident_0_exp_struct_tree.nwk
    log: c2/logs/fident_0_exp_fastme.log
    jobid: 0
    reason: Missing output files: c2/fident_0_exp_struct_tree.nwk
    wildcards: folder=c2, mattype=fident, alntype=0, exp=exp
    resources: mem_mb=20000, mem_mib=19074, disk_mb=1000, disk_mib=954, tmpdir=/tmp/51037421, partition=cpu, time=00:45:00Provided cores: 1 (use --cores to define parallelism)

Rules claiming more threads will be scaled down.

Provided resources: mem_mb=20000, mem_mib=19074, disk_mb=1000, disk_mib=954
Select jobs to execute...
quicktree -i m c2/fident_0_exp_fastmemat.txt > c2/fident_0_exp_struct_tree.nwk 

[Tue Mar 18 22:36:16 2025]
rule BM_quicktree:
    input: c2/fident_0_raw_fastmemat.txt
    output: c2/fident_0_raw_struct_tree.nwk
    log: c2/logs/fident_0_raw_fastme.log
    jobid: 0
    reason: Missing output files: c2/fident_0_raw_struct_tree.nwk
    wildcards: folder=c2, mattype=fident, alntype=0, exp=raw
    resources: mem_mb=20000, mem_mib=19074, disk_mb=1000, disk_mib=954, tmpdir=/tmp/51037419, partition=cpu, time=00:45:00

quicktree -i m c2/fident_0_raw_fastmemat.txt > c2/fident_0_raw_struct_tree.nwk 
Using shell: /usr/bin/bash
Provided cores: 1 (use --cores to define parallelism)
Rules claiming more threads will be scaled down.
Provided resources: mem_mb=20000, mem_mib=19074, disk_mb=1000, disk_mib=954
Select jobs to execute...

[Tue Mar 18 22:36:16 2025]
rule BM_quicktree:
    input: c2/lddt_0_raw_fastmemat.txt
    output: c2/lddt_0_raw_struct_tree.nwk
    log: c2/logs/lddt_0_raw_fastme.log
    jobid: 0
    reason: Missing output files: c2/lddt_0_raw_struct_tree.nwk
    wildcards: folder=c2, mattype=lddt, alntype=0, exp=raw
    resources: mem_mb=20000, mem_mib=19074, disk_mb=1000, disk_mib=954, tmpdir=/tmp/51037423, partition=cpu, time=00:45:00

quicktree -i m c2/lddt_0_raw_fastmemat.txt > c2/lddt_0_raw_struct_tree.nwk 
Activating conda environment: foldtree
Activating conda environment: foldtree
Activating conda environment: foldtree
Activating conda environment: foldtree
Activating conda environment: foldtree
Activating conda environment: foldtree
[Tue Mar 18 22:36:20 2025]
Finished job 0.
1 of 1 steps (100%) done
 benchmark all running in  /work/FAC/FBM/DBC/cdessim2/default/dmoi/projects/snake_tree/
3 families to benchmark
benchmarking running in  /work/FAC/FBM/DBC/cdessim2/default/dmoi/projects/snake_tree/
ml3ditree running in  /work/FAC/FBM/DBC/cdessim2/default/dmoi/projects/snake_tree/
custom submat /work/FAC/FBM/DBC/cdessim2/default/dmoi/projects/snake_tree/mafftmat/3diHEXmat.txt
fident x aln running in  /work/FAC/FBM/DBC/cdessim2/default/dmoi/projects/snake_tree/
tcoffee benchmark running in  /work/FAC/FBM/DBC/cdessim2/default/dmoi/projects/snake_tree/
ml_3dixAA single iqtree running in  /work/FAC/FBM/DBC/cdessim2/default/dmoi/projects/snake_tree/
[Tue Mar 18 22:36:20 2025]
Finished job 0.
1 of 1 steps (100%) done
 benchmark all running in  /work/FAC/FBM/DBC/cdessim2/default/dmoi/projects/snake_tree/
3 families to benchmark
benchmarking running in  /work/FAC/FBM/DBC/cdessim2/default/dmoi/projects/snake_tree/
ml3ditree running in  /work/FAC/FBM/DBC/cdessim2/default/dmoi/projects/snake_tree/
custom submat /work/FAC/FBM/DBC/cdessim2/default/dmoi/projects/snake_tree/mafftmat/3diHEXmat.txt
fident x aln running in  /work/FAC/FBM/DBC/cdessim2/default/dmoi/projects/snake_tree/
tcoffee benchmark running in  /work/FAC/FBM/DBC/cdessim2/default/dmoi/projects/snake_tree/
ml_3dixAA single iqtree running in  /work/FAC/FBM/DBC/cdessim2/default/dmoi/projects/snake_tree/
[Tue Mar 18 22:36:20 2025]
Finished job 0.
1 of 1 steps (100%) done
 benchmark all running in  /work/FAC/FBM/DBC/cdessim2/default/dmoi/projects/snake_tree/
3 families to benchmark
benchmarking running in  /work/FAC/FBM/DBC/cdessim2/default/dmoi/projects/snake_tree/
ml3ditree running in  /work/FAC/FBM/DBC/cdessim2/default/dmoi/projects/snake_tree/
custom submat /work/FAC/FBM/DBC/cdessim2/default/dmoi/projects/snake_tree/mafftmat/3diHEXmat.txt
fident x aln running in  /work/FAC/FBM/DBC/cdessim2/default/dmoi/projects/snake_tree/
tcoffee benchmark running in  /work/FAC/FBM/DBC/cdessim2/default/dmoi/projects/snake_tree/
ml_3dixAA single iqtree running in  /work/FAC/FBM/DBC/cdessim2/default/dmoi/projects/snake_tree/
[Tue Mar 18 22:36:21 2025]
Finished job 0.
1 of 1 steps (100%) done
 benchmark all running in  /work/FAC/FBM/DBC/cdessim2/default/dmoi/projects/snake_tree/
3 families to benchmark
benchmarking running in  /work/FAC/FBM/DBC/cdessim2/default/dmoi/projects/snake_tree/
ml3ditree running in  /work/FAC/FBM/DBC/cdessim2/default/dmoi/projects/snake_tree/
custom submat /work/FAC/FBM/DBC/cdessim2/default/dmoi/projects/snake_tree/mafftmat/3diHEXmat.txt
fident x aln running in  /work/FAC/FBM/DBC/cdessim2/default/dmoi/projects/snake_tree/
tcoffee benchmark running in  /work/FAC/FBM/DBC/cdessim2/default/dmoi/projects/snake_tree/
ml_3dixAA single iqtree running in  /work/FAC/FBM/DBC/cdessim2/default/dmoi/projects/snake_tree/
[Tue Mar 18 22:36:21 2025]
Finished job 0.
1 of 1 steps (100%) done
 benchmark all running in  /work/FAC/FBM/DBC/cdessim2/default/dmoi/projects/snake_tree/
3 families to benchmark
benchmarking running in  /work/FAC/FBM/DBC/cdessim2/default/dmoi/projects/snake_tree/
ml3ditree running in  /work/FAC/FBM/DBC/cdessim2/default/dmoi/projects/snake_tree/
custom submat /work/FAC/FBM/DBC/cdessim2/default/dmoi/projects/snake_tree/mafftmat/3diHEXmat.txt
fident x aln running in  /work/FAC/FBM/DBC/cdessim2/default/dmoi/projects/snake_tree/
tcoffee benchmark running in  /work/FAC/FBM/DBC/cdessim2/default/dmoi/projects/snake_tree/
ml_3dixAA single iqtree running in  /work/FAC/FBM/DBC/cdessim2/default/dmoi/projects/snake_tree/
[Tue Mar 18 22:36:21 2025]
Finished job 0.
1 of 1 steps (100%) done
 benchmark all running in  /work/FAC/FBM/DBC/cdessim2/default/dmoi/projects/snake_tree/
3 families to benchmark
benchmarking running in  /work/FAC/FBM/DBC/cdessim2/default/dmoi/projects/snake_tree/
ml3ditree running in  /work/FAC/FBM/DBC/cdessim2/default/dmoi/projects/snake_tree/
custom submat /work/FAC/FBM/DBC/cdessim2/default/dmoi/projects/snake_tree/mafftmat/3diHEXmat.txt
fident x aln running in  /work/FAC/FBM/DBC/cdessim2/default/dmoi/projects/snake_tree/
tcoffee benchmark running in  /work/FAC/FBM/DBC/cdessim2/default/dmoi/projects/snake_tree/
ml_3dixAA single iqtree running in  /work/FAC/FBM/DBC/cdessim2/default/dmoi/projects/snake_tree/
