Config file /work/FAC/FBM/DBC/cdessim2/default/dmoi/projects/snake_tree/workflow/config/config_vars.yaml is extended by additional config specified via the command line.
Config file /work/FAC/FBM/DBC/cdessim2/default/dmoi/projects/snake_tree/workflow/config/config_vars.yaml is extended by additional config specified via the command line.
Building DAG of jobs...
Using shell: /usr/bin/bash
Provided cores: 1 (use --cores to define parallelism)
Rules claiming more threads will be scaled down.
Provided resources: mem_mb=15000, mem_mib=14306, disk_mb=1000, disk_mib=954
Select jobs to execute...

[Tue Mar 18 22:42:32 2025]
rule BM_ML_mad_root_postML:
    input: CRIMVLG/templateXAA.nx.treefile.rooted
    output: CRIMVLG/templateXAA.nx.treefile.rooted.final
    log: CRIMVLG/logs/structML_madroot_post_AA.log
    jobid: 0
    reason: Missing output files: CRIMVLG/templateXAA.nx.treefile.rooted.final
    wildcards: folder=CRIMVLG, alntype=AA
    resources: mem_mb=15000, mem_mib=14306, disk_mb=1000, disk_mib=954, tmpdir=/tmp/51037757, partition=cpu, time=00:45:00

Building DAG of jobs...
Using shell: /usr/bin/bash
Provided cores: 1 (use --cores to define parallelism)
Rules claiming more threads will be scaled down.
Provided resources: mem_mb=15000, mem_mib=14306, disk_mb=1000, disk_mib=954
Select jobs to execute...

[Tue Mar 18 22:42:32 2025]
rule BM_ML_mad_root_postML:
    input: CRIMVLG/templateX3di.nx.treefile.rooted
    output: CRIMVLG/templateX3di.nx.treefile.rooted.final
    log: CRIMVLG/logs/structML_madroot_post_3di.log
    jobid: 0
    reason: Missing output files: CRIMVLG/templateX3di.nx.treefile.rooted.final
    wildcards: folder=CRIMVLG, alntype=3di
    resources: mem_mb=15000, mem_mib=14306, disk_mb=1000, disk_mib=954, tmpdir=/tmp/51037756, partition=cpu, time=00:45:00

python -c "from __future__ import print_function; import sys, json; print(json.dumps([sys.version_info.major, sys.version_info.minor]))"
python -c "from __future__ import print_function; import sys, json; print(json.dumps([sys.version_info.major, sys.version_info.minor]))"
Activating conda environment: foldtree
Activating conda environment: foldtree
python /work/FAC/FBM/DBC/cdessim2/default/dmoi/projects/aars/aarsonline.github.io/struct_trees/mltrees/.snakemake/scripts/tmpj38ydwoq.process_madroot.py
Activating conda environment: foldtree
python /work/FAC/FBM/DBC/cdessim2/default/dmoi/projects/aars/aarsonline.github.io/struct_trees/mltrees/.snakemake/scripts/tmp8op1pj5l.process_madroot.py
Activating conda environment: foldtree
postprocessing MAD-root done
postprocessing MAD-root done
Not cleaning up /work/FAC/FBM/DBC/cdessim2/default/dmoi/projects/aars/aarsonline.github.io/struct_trees/mltrees/.snakemake/scripts/tmpj38ydwoq.process_madroot.py
Not cleaning up /work/FAC/FBM/DBC/cdessim2/default/dmoi/projects/aars/aarsonline.github.io/struct_trees/mltrees/.snakemake/scripts/tmp8op1pj5l.process_madroot.py
[Tue Mar 18 22:42:39 2025]
Finished job 0.
1 of 1 steps (100%) done
 benchmark all running in  /work/FAC/FBM/DBC/cdessim2/default/dmoi/projects/snake_tree/
3 families to benchmark
benchmarking running in  /work/FAC/FBM/DBC/cdessim2/default/dmoi/projects/snake_tree/
ml3ditree running in  /work/FAC/FBM/DBC/cdessim2/default/dmoi/projects/snake_tree/
custom submat /work/FAC/FBM/DBC/cdessim2/default/dmoi/projects/snake_tree/mafftmat/3diHEXmat.txt
fident x aln running in  /work/FAC/FBM/DBC/cdessim2/default/dmoi/projects/snake_tree/
tcoffee benchmark running in  /work/FAC/FBM/DBC/cdessim2/default/dmoi/projects/snake_tree/
ml_3dixAA single iqtree running in  /work/FAC/FBM/DBC/cdessim2/default/dmoi/projects/snake_tree/
[Tue Mar 18 22:42:39 2025]
Finished job 0.
1 of 1 steps (100%) done
 benchmark all running in  /work/FAC/FBM/DBC/cdessim2/default/dmoi/projects/snake_tree/
3 families to benchmark
benchmarking running in  /work/FAC/FBM/DBC/cdessim2/default/dmoi/projects/snake_tree/
ml3ditree running in  /work/FAC/FBM/DBC/cdessim2/default/dmoi/projects/snake_tree/
custom submat /work/FAC/FBM/DBC/cdessim2/default/dmoi/projects/snake_tree/mafftmat/3diHEXmat.txt
fident x aln running in  /work/FAC/FBM/DBC/cdessim2/default/dmoi/projects/snake_tree/
tcoffee benchmark running in  /work/FAC/FBM/DBC/cdessim2/default/dmoi/projects/snake_tree/
ml_3dixAA single iqtree running in  /work/FAC/FBM/DBC/cdessim2/default/dmoi/projects/snake_tree/
