Config file /work/FAC/FBM/DBC/cdessim2/default/dmoi/projects/snake_tree/workflow/config/config_vars.yaml is extended by additional config specified via the command line.
Building DAG of jobs...
Using shell: /usr/bin/bash
Provided cores: 1 (use --cores to define parallelism)
Rules claiming more threads will be scaled down.
Provided resources: mem_mb=15000, mem_mib=14306, disk_mb=1000, disk_mib=954
Select jobs to execute...

[Tue Mar 18 22:34:34 2025]
rule BM_ML_foldseek_createdb:
    input: CRIMVLG/finalset.csv
    output: CRIMVLG/outdb, CRIMVLG/outdb_ss
    log: CRIMVLG/logs/foldseekallvall.log
    jobid: 0
    reason: Missing output files: CRIMVLG/outdb, CRIMVLG/outdb_ss
    wildcards: folder=CRIMVLG
    resources: mem_mb=15000, mem_mib=14306, disk_mb=1000, disk_mib=954, tmpdir=/tmp/51037360, partition=cpu, time=00:45:00

foldseek createdb CRIMVLG/structs/ CRIMVLG/outdb
Activating conda environment: foldtree
createdb CRIMVLG/structs/ CRIMVLG/outdb 

MMseqs Version:        	7.04e0ec8
Chain name mode        	0
Write mapping file     	0
Mask b-factor threshold	0
Coord store mode       	2
Write lookup file      	1
Tar Inclusion Regex    	.*
Tar Exclusion Regex    	^$
Threads                	48
Verbosity              	3

Output file: CRIMVLG/outdb
[=================================================================] 47 0s 39ms
Time for merging to outdb_ss: 0h 0m 0s 87ms
Time for merging to outdb_h: 0h 0m 0s 37ms
Time for merging to outdb_ca: 0h 0m 0s 42ms
Time for merging to outdb: 0h 0m 0s 38ms
Ignore 0 out of 47.
Too short: 0, incorrect: 0, not proteins: 0.
Time for processing: 0h 0m 0s 510ms
[Tue Mar 18 22:34:39 2025]
Finished job 0.
1 of 1 steps (100%) done
 benchmark all running in  /work/FAC/FBM/DBC/cdessim2/default/dmoi/projects/snake_tree/
3 families to benchmark
benchmarking running in  /work/FAC/FBM/DBC/cdessim2/default/dmoi/projects/snake_tree/
ml3ditree running in  /work/FAC/FBM/DBC/cdessim2/default/dmoi/projects/snake_tree/
custom submat /work/FAC/FBM/DBC/cdessim2/default/dmoi/projects/snake_tree/mafftmat/3diHEXmat.txt
fident x aln running in  /work/FAC/FBM/DBC/cdessim2/default/dmoi/projects/snake_tree/
tcoffee benchmark running in  /work/FAC/FBM/DBC/cdessim2/default/dmoi/projects/snake_tree/
ml_3dixAA single iqtree running in  /work/FAC/FBM/DBC/cdessim2/default/dmoi/projects/snake_tree/
