Config file /work/FAC/FBM/DBC/cdessim2/default/dmoi/projects/snake_tree/workflow/config/config_vars.yaml is extended by additional config specified via the command line.
Config file /work/FAC/FBM/DBC/cdessim2/default/dmoi/projects/snake_tree/workflow/config/config_vars.yaml is extended by additional config specified via the command line.
Building DAG of jobs...
Using shell: /usr/bin/bash
Provided cores: 1 (use --cores to define parallelism)
Rules claiming more threads will be scaled down.
Provided resources: mem_mb=20000, mem_mib=19074, disk_mb=1000, disk_mib=954
Select jobs to execute...

[Tue Mar 18 22:36:15 2025]
rule BM_quicktree:
    input: CRIMVLG/fident_0_exp_fastmemat.txt
    output: CRIMVLG/fident_0_exp_struct_tree.nwk
    log: CRIMVLG/logs/fident_0_exp_fastme.log
    jobid: 0
    reason: Missing output files: CRIMVLG/fident_0_exp_struct_tree.nwk
    wildcards: folder=CRIMVLG, mattype=fident, alntype=0, exp=exp
    resources: mem_mb=20000, mem_mib=19074, disk_mb=1000, disk_mib=954, tmpdir=/tmp/51037406, partition=cpu, time=00:45:00

quicktree -i m CRIMVLG/fident_0_exp_fastmemat.txt > CRIMVLG/fident_0_exp_struct_tree.nwk 
Config file /work/FAC/FBM/DBC/cdessim2/default/dmoi/projects/snake_tree/workflow/config/config_vars.yaml is extended by additional config specified via the command line.
Config file /work/FAC/FBM/DBC/cdessim2/default/dmoi/projects/snake_tree/workflow/config/config_vars.yaml is extended by additional config specified via the command line.
Config file /work/FAC/FBM/DBC/cdessim2/default/dmoi/projects/snake_tree/workflow/config/config_vars.yaml is extended by additional config specified via the command line.
Config file /work/FAC/FBM/DBC/cdessim2/default/dmoi/projects/snake_tree/workflow/config/config_vars.yaml is extended by additional config specified via the command line.
Building DAG of jobs...
Using shell: /usr/bin/bash
Provided cores: 1 (use --cores to define parallelism)
Rules claiming more threads will be scaled down.
Provided resources: mem_mb=20000, mem_mib=19074, disk_mb=1000, disk_mib=954
Select jobs to execute...

[Tue Mar 18 22:36:15 2025]
rule BM_quicktree:
    input: CRIMVLG/lddt_0_exp_fastmemat.txt
    output: CRIMVLG/lddt_0_exp_struct_tree.nwk
    log: CRIMVLG/logs/lddt_0_exp_fastme.log
    jobid: 0
    reason: Missing output files: CRIMVLG/lddt_0_exp_struct_tree.nwk
    wildcards: folder=CRIMVLG, mattype=lddt, alntype=0, exp=exp
    resources: mem_mb=20000, mem_mib=19074, disk_mb=1000, disk_mib=954, tmpdir=/tmp/51037403, partition=cpu, time=00:45:00

quicktree -i m CRIMVLG/lddt_0_exp_fastmemat.txt > CRIMVLG/lddt_0_exp_struct_tree.nwk 
Building DAG of jobs...
Building DAG of jobs...
Using shell: /usr/bin/bash
Provided cores: 1 (use --cores to define parallelism)
Rules claiming more threads will be scaled down.
Provided resources: mem_mb=20000, mem_mib=19074, disk_mb=1000, disk_mib=954
Select jobs to execute...
Building DAG of jobs...

[Tue Mar 18 22:36:16 2025]
rule BM_quicktree:
    input: CRIMVLG/lddt_0_raw_fastmemat.txt
    output: CRIMVLG/lddt_0_raw_struct_tree.nwk
    log: CRIMVLG/logs/lddt_0_raw_fastme.log
    jobid: 0
    reason: Missing output files: CRIMVLG/lddt_0_raw_struct_tree.nwk
    wildcards: folder=CRIMVLG, mattype=lddt, alntype=0, exp=raw
    resources: mem_mb=20000, mem_mib=19074, disk_mb=1000, disk_mib=954, tmpdir=/tmp/51037402, partition=cpu, time=00:45:00

quicktree -i m CRIMVLG/lddt_0_raw_fastmemat.txt > CRIMVLG/lddt_0_raw_struct_tree.nwk 
Using shell: /usr/bin/bash
Provided cores: 1 (use --cores to define parallelism)
Rules claiming more threads will be scaled down.
Provided resources: mem_mb=20000, mem_mib=19074, disk_mb=1000, disk_mib=954
Select jobs to execute...
Using shell: /usr/bin/bash
Provided cores: 1 (use --cores to define parallelism)
Rules claiming more threads will be scaled down.
Provided resources: mem_mb=20000, mem_mib=19074, disk_mb=1000, disk_mib=954
Select jobs to execute...

[Tue Mar 18 22:36:16 2025]
rule BM_quicktree:
    input: CRIMVLG/alntmscore_0_exp_fastmemat.txt
    output: CRIMVLG/alntmscore_0_exp_struct_tree.nwk
    log: CRIMVLG/logs/alntmscore_0_exp_fastme.log
    jobid: 0
    reason: Missing output files: CRIMVLG/alntmscore_0_exp_struct_tree.nwk
    wildcards: folder=CRIMVLG, mattype=alntmscore, alntype=0, exp=exp
    resources: mem_mb=20000, mem_mib=19074, disk_mb=1000, disk_mib=954, tmpdir=/tmp/51037407, partition=cpu, time=00:45:00

quicktree -i m CRIMVLG/alntmscore_0_exp_fastmemat.txt > CRIMVLG/alntmscore_0_exp_struct_tree.nwk 

[Tue Mar 18 22:36:16 2025]
rule BM_quicktree:
    input: CRIMVLG/alntmscore_0_raw_fastmemat.txt
    output: CRIMVLG/alntmscore_0_raw_struct_tree.nwk
    log: CRIMVLG/logs/alntmscore_0_raw_fastme.log
    jobid: 0
    reason: Missing output files: CRIMVLG/alntmscore_0_raw_struct_tree.nwk
    wildcards: folder=CRIMVLG, mattype=alntmscore, alntype=0, exp=raw
    resources: mem_mb=20000, mem_mib=19074, disk_mb=1000, disk_mib=954, tmpdir=/tmp/51037405, partition=cpu, time=00:45:00

quicktree -i m CRIMVLG/alntmscore_0_raw_fastmemat.txt > CRIMVLG/alntmscore_0_raw_struct_tree.nwk 
Building DAG of jobs...
Using shell: /usr/bin/bash
Provided cores: 1 (use --cores to define parallelism)
Rules claiming more threads will be scaled down.
Provided resources: mem_mb=20000, mem_mib=19074, disk_mb=1000, disk_mib=954
Select jobs to execute...

[Tue Mar 18 22:36:16 2025]
rule BM_quicktree:
    input: CRIMVLG/fident_0_raw_fastmemat.txt
    output: CRIMVLG/fident_0_raw_struct_tree.nwk
    log: CRIMVLG/logs/fident_0_raw_fastme.log
    jobid: 0
    reason: Missing output files: CRIMVLG/fident_0_raw_struct_tree.nwk
    wildcards: folder=CRIMVLG, mattype=fident, alntype=0, exp=raw
    resources: mem_mb=20000, mem_mib=19074, disk_mb=1000, disk_mib=954, tmpdir=/tmp/51037404, partition=cpu, time=00:45:00

quicktree -i m CRIMVLG/fident_0_raw_fastmemat.txt > CRIMVLG/fident_0_raw_struct_tree.nwk 
Activating conda environment: foldtree
Activating conda environment: foldtree
Activating conda environment: foldtree
Activating conda environment: foldtree
Activating conda environment: foldtree
Activating conda environment: foldtree
[Tue Mar 18 22:36:20 2025]
Finished job 0.
1 of 1 steps (100%) done
 benchmark all running in  /work/FAC/FBM/DBC/cdessim2/default/dmoi/projects/snake_tree/
3 families to benchmark
benchmarking running in  /work/FAC/FBM/DBC/cdessim2/default/dmoi/projects/snake_tree/
ml3ditree running in  /work/FAC/FBM/DBC/cdessim2/default/dmoi/projects/snake_tree/
custom submat /work/FAC/FBM/DBC/cdessim2/default/dmoi/projects/snake_tree/mafftmat/3diHEXmat.txt
fident x aln running in  /work/FAC/FBM/DBC/cdessim2/default/dmoi/projects/snake_tree/
tcoffee benchmark running in  /work/FAC/FBM/DBC/cdessim2/default/dmoi/projects/snake_tree/
ml_3dixAA single iqtree running in  /work/FAC/FBM/DBC/cdessim2/default/dmoi/projects/snake_tree/
[Tue Mar 18 22:36:20 2025]
Finished job 0.
1 of 1 steps (100%) done
 benchmark all running in  /work/FAC/FBM/DBC/cdessim2/default/dmoi/projects/snake_tree/
3 families to benchmark
benchmarking running in  /work/FAC/FBM/DBC/cdessim2/default/dmoi/projects/snake_tree/
ml3ditree running in  /work/FAC/FBM/DBC/cdessim2/default/dmoi/projects/snake_tree/
custom submat /work/FAC/FBM/DBC/cdessim2/default/dmoi/projects/snake_tree/mafftmat/3diHEXmat.txt
fident x aln running in  /work/FAC/FBM/DBC/cdessim2/default/dmoi/projects/snake_tree/
tcoffee benchmark running in  /work/FAC/FBM/DBC/cdessim2/default/dmoi/projects/snake_tree/
ml_3dixAA single iqtree running in  /work/FAC/FBM/DBC/cdessim2/default/dmoi/projects/snake_tree/
[Tue Mar 18 22:36:21 2025]
Finished job 0.
1 of 1 steps (100%) done
 benchmark all running in  /work/FAC/FBM/DBC/cdessim2/default/dmoi/projects/snake_tree/
3 families to benchmark
benchmarking running in  /work/FAC/FBM/DBC/cdessim2/default/dmoi/projects/snake_tree/
ml3ditree running in  /work/FAC/FBM/DBC/cdessim2/default/dmoi/projects/snake_tree/
custom submat /work/FAC/FBM/DBC/cdessim2/default/dmoi/projects/snake_tree/mafftmat/3diHEXmat.txt
fident x aln running in  /work/FAC/FBM/DBC/cdessim2/default/dmoi/projects/snake_tree/
tcoffee benchmark running in  /work/FAC/FBM/DBC/cdessim2/default/dmoi/projects/snake_tree/
ml_3dixAA single iqtree running in  /work/FAC/FBM/DBC/cdessim2/default/dmoi/projects/snake_tree/
[Tue Mar 18 22:36:21 2025]
Finished job 0.
1 of 1 steps (100%) done
 benchmark all running in  /work/FAC/FBM/DBC/cdessim2/default/dmoi/projects/snake_tree/
3 families to benchmark
benchmarking running in  /work/FAC/FBM/DBC/cdessim2/default/dmoi/projects/snake_tree/
ml3ditree running in  /work/FAC/FBM/DBC/cdessim2/default/dmoi/projects/snake_tree/
custom submat /work/FAC/FBM/DBC/cdessim2/default/dmoi/projects/snake_tree/mafftmat/3diHEXmat.txt
fident x aln running in  /work/FAC/FBM/DBC/cdessim2/default/dmoi/projects/snake_tree/
tcoffee benchmark running in  /work/FAC/FBM/DBC/cdessim2/default/dmoi/projects/snake_tree/
ml_3dixAA single iqtree running in  /work/FAC/FBM/DBC/cdessim2/default/dmoi/projects/snake_tree/
[Tue Mar 18 22:36:21 2025]
Finished job 0.
1 of 1 steps (100%) done
[Tue Mar 18 22:36:21 2025]
Finished job 0.
1 of 1 steps (100%) done
 benchmark all running in  /work/FAC/FBM/DBC/cdessim2/default/dmoi/projects/snake_tree/
3 families to benchmark
benchmarking running in  /work/FAC/FBM/DBC/cdessim2/default/dmoi/projects/snake_tree/
ml3ditree running in  /work/FAC/FBM/DBC/cdessim2/default/dmoi/projects/snake_tree/
custom submat /work/FAC/FBM/DBC/cdessim2/default/dmoi/projects/snake_tree/mafftmat/3diHEXmat.txt
fident x aln running in  /work/FAC/FBM/DBC/cdessim2/default/dmoi/projects/snake_tree/
tcoffee benchmark running in  /work/FAC/FBM/DBC/cdessim2/default/dmoi/projects/snake_tree/
ml_3dixAA single iqtree running in  /work/FAC/FBM/DBC/cdessim2/default/dmoi/projects/snake_tree/
 benchmark all running in  /work/FAC/FBM/DBC/cdessim2/default/dmoi/projects/snake_tree/
3 families to benchmark
benchmarking running in  /work/FAC/FBM/DBC/cdessim2/default/dmoi/projects/snake_tree/
ml3ditree running in  /work/FAC/FBM/DBC/cdessim2/default/dmoi/projects/snake_tree/
custom submat /work/FAC/FBM/DBC/cdessim2/default/dmoi/projects/snake_tree/mafftmat/3diHEXmat.txt
fident x aln running in  /work/FAC/FBM/DBC/cdessim2/default/dmoi/projects/snake_tree/
tcoffee benchmark running in  /work/FAC/FBM/DBC/cdessim2/default/dmoi/projects/snake_tree/
ml_3dixAA single iqtree running in  /work/FAC/FBM/DBC/cdessim2/default/dmoi/projects/snake_tree/
