Config file /work/FAC/FBM/DBC/cdessim2/default/dmoi/projects/snake_tree/workflow/config/config_vars.yaml is extended by additional config specified via the command line.
Building DAG of jobs...
Using shell: /usr/bin/bash
Provided cores: 1 (use --cores to define parallelism)
Rules claiming more threads will be scaled down.
Provided resources: mem_mb=15000, mem_mib=14306, disk_mb=1000, disk_mib=954
Select jobs to execute...

[Tue Mar 18 22:51:19 2025]
rule BM_calc_tax_score_seq:
    input: c1/sequence_dataset.csv, c1/sequences.aln.muscle.fst.nwk.rooted
    output: c1/treescores_sequences.muscle.json
    log: c1/logs/sequences_scoring.muscle.log
    jobid: 0
    reason: Missing output files: c1/treescores_sequences.muscle.json
    wildcards: folder=c1, aligner=muscle
    resources: mem_mb=15000, mem_mib=14306, disk_mb=1000, disk_mib=954, tmpdir=/tmp/51038247, partition=cpu, time=00:45:00

python -c "from __future__ import print_function; import sys, json; print(json.dumps([sys.version_info.major, sys.version_info.minor]))"
Activating conda environment: foldtree
python /work/FAC/FBM/DBC/cdessim2/default/dmoi/projects/aars/aarsonline.github.io/struct_trees/mltrees/.snakemake/scripts/tmpgup4afzq.calctreescores.py
Activating conda environment: foldtree
Traceback (most recent call last):
  File "/work/FAC/FBM/DBC/cdessim2/default/dmoi/projects/aars/aarsonline.github.io/struct_trees/mltrees/.snakemake/scripts/tmpgup4afzq.calctreescores.py", line 89, in <module>
    uniprot_df = pd.read_csv(snakemake.input[0])
  File "/work/FAC/FBM/DBC/cdessim2/default/dmoi/miniconda3/envs/foldtree/lib/python3.10/site-packages/pandas/io/parsers/readers.py", line 912, in read_csv
    return _read(filepath_or_buffer, kwds)
  File "/work/FAC/FBM/DBC/cdessim2/default/dmoi/miniconda3/envs/foldtree/lib/python3.10/site-packages/pandas/io/parsers/readers.py", line 577, in _read
    parser = TextFileReader(filepath_or_buffer, **kwds)
  File "/work/FAC/FBM/DBC/cdessim2/default/dmoi/miniconda3/envs/foldtree/lib/python3.10/site-packages/pandas/io/parsers/readers.py", line 1407, in __init__
    self._engine = self._make_engine(f, self.engine)
  File "/work/FAC/FBM/DBC/cdessim2/default/dmoi/miniconda3/envs/foldtree/lib/python3.10/site-packages/pandas/io/parsers/readers.py", line 1679, in _make_engine
    return mapping[engine](f, **self.options)
  File "/work/FAC/FBM/DBC/cdessim2/default/dmoi/miniconda3/envs/foldtree/lib/python3.10/site-packages/pandas/io/parsers/c_parser_wrapper.py", line 93, in __init__
    self._reader = parsers.TextReader(src, **kwds)
  File "pandas/_libs/parsers.pyx", line 557, in pandas._libs.parsers.TextReader.__cinit__
pandas.errors.EmptyDataError: No columns to parse from file
Not cleaning up /work/FAC/FBM/DBC/cdessim2/default/dmoi/projects/aars/aarsonline.github.io/struct_trees/mltrees/.snakemake/scripts/tmpgup4afzq.calctreescores.py
[Tue Mar 18 22:51:22 2025]
Error in rule BM_calc_tax_score_seq:
    jobid: 0
    input: c1/sequence_dataset.csv, c1/sequences.aln.muscle.fst.nwk.rooted
    output: c1/treescores_sequences.muscle.json
    log: c1/logs/sequences_scoring.muscle.log (check log file(s) for error details)
    conda-env: foldtree

RuleException:
CalledProcessError in file /work/FAC/FBM/DBC/cdessim2/default/dmoi/projects/snake_tree/workflow/benchmarking, line 85:
Command 'source /work/FAC/FBM/DBC/cdessim2/default/dmoi/miniconda3/bin/activate 'foldtree'; set -euo pipefail;  python /work/FAC/FBM/DBC/cdessim2/default/dmoi/projects/aars/aarsonline.github.io/struct_trees/mltrees/.snakemake/scripts/tmpgup4afzq.calctreescores.py' returned non-zero exit status 1.
  File "/work/FAC/FBM/DBC/cdessim2/default/dmoi/projects/snake_tree/workflow/benchmarking", line 85, in __rule_calc_tax_score_seq
  File "/work/FAC/FBM/DBC/cdessim2/default/dmoi/miniconda3/envs/foldtree/lib/python3.10/concurrent/futures/thread.py", line 58, in run
Shutting down, this might take some time.
Exiting because a job execution failed. Look above for error message
 benchmark all running in  /work/FAC/FBM/DBC/cdessim2/default/dmoi/projects/snake_tree/
3 families to benchmark
benchmarking running in  /work/FAC/FBM/DBC/cdessim2/default/dmoi/projects/snake_tree/
ml3ditree running in  /work/FAC/FBM/DBC/cdessim2/default/dmoi/projects/snake_tree/
custom submat /work/FAC/FBM/DBC/cdessim2/default/dmoi/projects/snake_tree/mafftmat/3diHEXmat.txt
fident x aln running in  /work/FAC/FBM/DBC/cdessim2/default/dmoi/projects/snake_tree/
tcoffee benchmark running in  /work/FAC/FBM/DBC/cdessim2/default/dmoi/projects/snake_tree/
ml_3dixAA single iqtree running in  /work/FAC/FBM/DBC/cdessim2/default/dmoi/projects/snake_tree/
