Config file /work/FAC/FBM/DBC/cdessim2/default/dmoi/projects/snake_tree/workflow/config/config_vars.yaml is extended by additional config specified via the command line.
Building DAG of jobs...
Using shell: /usr/bin/bash
Provided cores: 1 (use --cores to define parallelism)
Rules claiming more threads will be scaled down.
Provided resources: mem_mb=40000, mem_mib=38147, disk_mb=1000, disk_mib=954
Select jobs to execute...

[Tue Mar 18 22:35:14 2025]
rule BM_foldseek_allvall_1:
    input: c1/finalset.csv
    output: c1/allvall_1.csv
    log: c1/logs/foldseekallvall.log
    jobid: 0
    reason: Missing output files: c1/allvall_1.csv
    wildcards: folder=c1
    resources: mem_mb=40000, mem_mib=38147, disk_mb=1000, disk_mib=954, tmpdir=/tmp/51037370, partition=cpu, time=00:45:00

foldseek easy-search c1/structs/ c1/structs/ c1/allvall_1.csv c1/tmp --format-output 'query,target,fident,alnlen,mismatch,gapopen,qstart,qend,tstart,tend,evalue,bits,lddt,qaln,taln,cigar,alntmscore' --exhaustive-search --alignment-type 2 -e inf
Activating conda environment: foldtree
easy-search c1/structs/ c1/structs/ c1/allvall_1.csv c1/tmp --format-output query,target,fident,alnlen,mismatch,gapopen,qstart,qend,tstart,tend,evalue,bits,lddt,qaln,taln,cigar,alntmscore --exhaustive-search --alignment-type 2 -e inf 

MMseqs Version:              	7.04e0ec8
Seq. id. threshold           	0
Coverage threshold           	0
Coverage mode                	0
Max reject                   	2147483647
Max accept                   	2147483647
Add backtrace                	false
TMscore threshold            	0
TMalign hit order            	0
TMalign fast                 	1
Preload mode                 	0
Threads                      	48
Verbosity                    	3
LDDT threshold               	0
Sort by structure bit score  	1
Substitution matrix          	aa:3di.out,nucl:3di.out
Alignment mode               	3
Alignment mode               	0
E-value threshold            	inf
Min alignment length         	0
Seq. id. mode                	0
Alternative alignments       	0
Max sequence length          	65535
Compositional bias           	1
Compositional bias           	1
Gap open cost                	aa:10,nucl:10
Gap extension cost           	aa:1,nucl:1
Compressed                   	0
Seed substitution matrix     	aa:3di.out,nucl:3di.out
Sensitivity                  	9.5
k-mer length                 	6
k-score                      	seq:2147483647,prof:2147483647
Max results per query        	1000
Split database               	0
Split mode                   	2
Split memory limit           	0
Diagonal scoring             	true
Exact k-mer matching         	0
Mask residues                	0
Mask residues probability    	0.99995
Mask lower case residues     	1
Minimum diagonal score       	30
Selected taxa                	
Spaced k-mers                	1
Spaced k-mer pattern         	
Local temporary path         	
Exhaustive search mode       	true
Prefilter mode               	0
Search iterations            	1
Alignment type               	2
Remove temporary files       	true
MPI runner                   	
Force restart with latest tmp	false
Cluster search               	0
Chain name mode              	0
Write mapping file           	0
Mask b-factor threshold      	0
Coord store mode             	2
Write lookup file            	1
Tar Inclusion Regex          	.*
Tar Exclusion Regex          	^$
Alignment format             	0
Format alignment output      	query,target,fident,alnlen,mismatch,gapopen,qstart,qend,tstart,tend,evalue,bits,lddt,qaln,taln,cigar,alntmscore
Database output              	false
Greedy best hits             	false

Alignment backtraces will be computed, since they were requested by output format.
createdb c1/structs/ c1/tmp/11915047808705303719/query --chain-name-mode 0 --write-mapping 0 --mask-bfactor-threshold 0 --coord-store-mode 2 --write-lookup 1 --tar-include '.*' --tar-exclude '^$' --threads 48 -v 3 

Output file: c1/tmp/11915047808705303719/query
[=================================================================] 47 0s 37ms
Time for merging to query_ss: 0h 0m 0s 13ms
Time for merging to query_h: 0h 0m 0s 12ms
Time for merging to query_ca: 0h 0m 0s 13ms
Time for merging to query: 0h 0m 0s 13ms
Ignore 0 out of 47.
Too short: 0, incorrect: 0, not proteins: 0.
Time for processing: 0h 0m 0s 149ms
createdb c1/structs/ c1/tmp/11915047808705303719/target --chain-name-mode 0 --write-mapping 0 --mask-bfactor-threshold 0 --coord-store-mode 2 --write-lookup 1 --tar-include '.*' --tar-exclude '^$' --threads 48 -v 3 

Output file: c1/tmp/11915047808705303719/target
[=================================================================] 47 0s 36ms
Time for merging to target_ss: 0h 0m 0s 14ms
Time for merging to target_h: 0h 0m 0s 12ms
Time for merging to target_ca: 0h 0m 0s 14ms
Time for merging to target: 0h 0m 0s 14ms
Ignore 0 out of 47.
Too short: 0, incorrect: 0, not proteins: 0.
Time for processing: 0h 0m 0s 146ms
Create directory c1/tmp/11915047808705303719/search_tmp
search c1/tmp/11915047808705303719/query c1/tmp/11915047808705303719/target c1/tmp/11915047808705303719/result c1/tmp/11915047808705303719/search_tmp -a 1 --alignment-mode 3 -e inf --comp-bias-corr 1 --gap-open aa:10,nucl:10 --gap-extend aa:1,nucl:1 -s 9.5 -k 6 --mask 0 --mask-prob 0.99995 --exhaustive-search 1 --alignment-type 2 --remove-tmp-files 1 

structurealign c1/tmp/11915047808705303719/query c1/tmp/11915047808705303719/target c1/tmp/11915047808705303719/search_tmp/7330741321425057580/pref c1/tmp/11915047808705303719/search_tmp/7330741321425057580/strualn --tmscore-threshold 0 --lddt-threshold 0 --sort-by-structure-bits 1 --sub-mat 'aa:3di.out,nucl:3di.out' -a 1 --alignment-mode 3 --alignment-output-mode 0 --wrapped-scoring 0 -e inf --min-seq-id 0 --min-aln-len 0 --seq-id-mode 0 --alt-ali 0 -c 0 --cov-mode 0 --max-seq-len 65535 --comp-bias-corr 1 --comp-bias-corr-scale 0.5 --max-rejected 2147483647 --max-accept 2147483647 --add-self-matches 0 --db-load-mode 0 --pca substitution:1.100,context:1.400 --pcb substitution:4.100,context:5.800 --score-bias 0 --realign 0 --realign-score-bias -0.2 --realign-max-seqs 2147483647 --corr-score-weight 0 --gap-open aa:10,nucl:10 --gap-extend aa:1,nucl:1 --zdrop 40 --threads 48 --compressed 0 -v 3 

[=================================================================] 47 0s 211ms
Time for merging to strualn: 0h 0m 0s 9ms
Time for processing: 0h 0m 0s 787ms
mvdb c1/tmp/11915047808705303719/search_tmp/7330741321425057580/strualn c1/tmp/11915047808705303719/search_tmp/7330741321425057580/aln 

Time for processing: 0h 0m 0s 5ms
mvdb c1/tmp/11915047808705303719/search_tmp/7330741321425057580/aln c1/tmp/11915047808705303719/result -v 3 

Time for processing: 0h 0m 0s 4ms
Removing temporary files
rmdb c1/tmp/11915047808705303719/search_tmp/7330741321425057580/pref -v 3 

Time for processing: 0h 0m 0s 0ms
convertalis c1/tmp/11915047808705303719/query c1/tmp/11915047808705303719/target c1/tmp/11915047808705303719/result c1/allvall_1.csv --sub-mat 'aa:3di.out,nucl:3di.out' --format-mode 0 --format-output query,target,fident,alnlen,mismatch,gapopen,qstart,qend,tstart,tend,evalue,bits,lddt,qaln,taln,cigar,alntmscore --translation-table 1 --gap-open aa:10,nucl:10 --gap-extend aa:1,nucl:1 --db-output 0 --db-load-mode 0 --search-type 0 --threads 48 --compressed 0 -v 3 

[=================================================================] 47 0s 531ms
Time for merging to allvall_1.csv: 0h 0m 0s 18ms
Time for processing: 0h 0m 0s 660ms
rmdb c1/tmp/11915047808705303719/result -v 3 

Time for processing: 0h 0m 0s 3ms
rmdb c1/tmp/11915047808705303719/target -v 3 

Time for processing: 0h 0m 0s 0ms
rmdb c1/tmp/11915047808705303719/target_h -v 3 

Time for processing: 0h 0m 0s 0ms
rmdb c1/tmp/11915047808705303719/target_ca -v 3 

Time for processing: 0h 0m 0s 0ms
rmdb c1/tmp/11915047808705303719/target_ss -v 3 

Time for processing: 0h 0m 0s 0ms
rmdb c1/tmp/11915047808705303719/query -v 3 

Time for processing: 0h 0m 0s 0ms
rmdb c1/tmp/11915047808705303719/query_h -v 3 

Time for processing: 0h 0m 0s 0ms
rmdb c1/tmp/11915047808705303719/query_ca -v 3 

Time for processing: 0h 0m 0s 0ms
rmdb c1/tmp/11915047808705303719/query_ss -v 3 

Time for processing: 0h 0m 0s 0ms
[Tue Mar 18 22:35:20 2025]
Finished job 0.
1 of 1 steps (100%) done
 benchmark all running in  /work/FAC/FBM/DBC/cdessim2/default/dmoi/projects/snake_tree/
3 families to benchmark
benchmarking running in  /work/FAC/FBM/DBC/cdessim2/default/dmoi/projects/snake_tree/
ml3ditree running in  /work/FAC/FBM/DBC/cdessim2/default/dmoi/projects/snake_tree/
custom submat /work/FAC/FBM/DBC/cdessim2/default/dmoi/projects/snake_tree/mafftmat/3diHEXmat.txt
fident x aln running in  /work/FAC/FBM/DBC/cdessim2/default/dmoi/projects/snake_tree/
tcoffee benchmark running in  /work/FAC/FBM/DBC/cdessim2/default/dmoi/projects/snake_tree/
ml_3dixAA single iqtree running in  /work/FAC/FBM/DBC/cdessim2/default/dmoi/projects/snake_tree/
