IQ-TREE multicore version 2.2.3 COVID-edition for Linux 64-bit built Aug 13 2023
Developed by Bui Quang Minh, James Barbetti, Nguyen Lam Tung,
Olga Chernomor, Heiko Schmidt, Dominik Schrempf, Michael Woodhams, Ly Trong Nhan.

Host:    dna040 (AVX2, FMA3, 503 GB RAM)
Command: iqtree -p c2/templateXAA.nx -seed 42 -nt AUTO -n 50
Seed:    42 (Using SPRNG - Scalable Parallel Random Number Generator)
Time:    Tue Mar 18 22:38:35 2025
Kernel:  AVX+FMA - auto-detect threads (20 CPU cores detected)

Reading partition model file c2/templateXAA.nx ...

Loading 2 partitions...
Reading alignment file c2/alnAA_AA.fasta ... Fasta format detected
Reading fasta file: done in 0.000304172 secs using 37.48% CPU
Alignment most likely contains protein sequences
Constructing alignment: done in 0.000264637 secs using 86.53% CPU
Alignment has 47 sequences with 228 columns, 214 distinct patterns
164 parsimony-informative, 23 singleton sites, 41 constant sites
WARNING: Some sequence names are changed as follows:
ArgRS_AF_Bact_Escherichia_coli_O157:H7_str._Sakai_gene912519 -> ArgRS_AF_Bact_Escherichia_coli_O157_H7_str._Sakai_gene912519

                                                                               Gap/Ambiguity  Composition  p-value
Analyzing sequences: done in 1.79121e-05 secs using 83.74% CPU
   1  ArgRS_AF_Bact_Corynebacterium_ulcerans_809_gene75260071                         34.21%    passed     25.29%
   2  ArgRS_AF_Bact_Cupriavidus_taiwanensis_LMG_19424_gene29762022                    32.46%    failed      0.04%
   3  CysRS_AF_Arch_Methanospirillum_hungatei_JF-1_gene3922979                        61.84%    passed      9.13%
   4  CysRS_AF_Arch_Candidatus_Nitrosopumilus_sediminis_gene13696907                  49.12%    passed     48.77%
   5  ArgRS_AF_Mito_Caenorhabditis_elegans_gene174023                                 35.96%    passed     30.88%
   6  CysRS_AF_Euk_Cyanidioschyzon_merolae_strain_10D_gene16993418                    42.98%    failed      0.17%
   7  ArgRS_PDB_Arch_2ZUF                                                             34.21%    passed     69.34%
   8  CysRS_AF_Euk_Homo_sapiens_gene833                                               42.11%    passed     87.59%
   9  CysRS_AF_Bact_Treponema_pallidum_subsp_pertenue_str_SamoaD_gene57878631         47.37%    failed      0.01%
  10  ArgRS_AF_Bact_Prochlorococcus_marinus_subsp_marinus_str_CCMP1375_gene54199571   37.72%    passed     91.86%
  11  ArgRS_PDB_Euk_S_cerevisiae_1BS2                                                 35.96%    passed     68.85%
  12  ArgRS_AF_Mito_Homo_sapiens_gene57038                                            37.28%    passed     23.92%
  13  CysRS_AF_Euk_Drosophila_melanogaster_gene36784                                  42.54%    passed     72.69%
  14  CysRS_AF_Bact_Streptobacillus_moniliformis_DSM_12112_gene29673427               49.56%    failed      0.04%
  15  ArgRS_AF_Vir_Megavirus_chiliensis_gene11257368                                  35.96%    failed      0.20%
  16  CysRS_AF_Bact_Porphyromonas_gingivalis_ATCC_33277_gene29256960                  50.00%    passed     39.65%
  17  CysRS_AF_Arch_Pyrobaculum_ferrireducens_gene11593896                            60.53%    passed     16.95%
  18  ArgRS_PDB_Bact_1IQ0                                                             35.96%    passed     12.28%
  19  CysRS_AF_Bact_Bordetella_avium_197N_gene41394405                                56.58%    passed      6.16%
  20  CysRS_AF_Bact_Mycobacterium_canettii_CIPT_140010059_gene45427568                54.39%    failed      4.06%
  21  CysRS_AF_Arch_Aciduliprofundum_boonei_T469_gene8827372                          51.32%    passed     36.14%
  22  ArgRS_AF_Bact_Streptobacillus_moniliformis_DSM_12112_gene29674021               35.96%    passed     89.11%
  23  ArgRS_AF_Euk_Paulinella_chromatophora_gene6481434                               37.72%    passed     95.34%
  24  ArgRS_AF_Bact_Mycoplasma_hyopneumoniae_168-L_gene57100855                       39.04%    failed      0.32%
  25  ArgRS_AF_Euk_Polyodon_spathula_gene121324634                                    32.46%    passed     10.95%
  26  ArgRS_AF_Euk_Homo_sapiens_gene5917                                              32.46%    passed     13.14%
  27  ArgRS_AF_Bact_Escherichia_coli_O157_H7_str._Sakai_gene912519                    36.40%    passed     96.80%
  28  ArgRS_AF_Arch_Methanothermococcus_okinawensis_IH1_gene10773248                  34.65%    failed      0.03%
  29  ArgRS_AF_Arch_Desulfurococcus_mucosus_DSM_2162_gene10153309                     30.70%    passed     24.63%
  30  ArgRS_AF_Arch_Candidatus_Nitrosopumilus_sediminis_gene13697696                  37.28%    passed     78.37%
  31  ArgRS_AF_Arch_Candidatus_Korarchaeum_cryptofilum_OPF8_gene6093502               37.72%    passed     72.31%
  32  CysRS_PDB_Bact_M_smegmatis_3C8Z                                                 65.79%    failed      2.60%
  33  CysRS_PDB_Bact_E_coli_1LI5                                                      63.16%    passed     78.03%
  34  CysRS_AF_Vir_Megavirus_chiliensis_gene11257271                                  48.68%    failed      0.00%
  35  CysRS_AF_Mito_Saccharomyces_cerevisiae_S288C_gene855474                         43.42%    passed     44.58%
  36  CysRS_AF_Mito_Morone_saxatilis_gene118339815                                    43.42%    passed     36.30%
  37  CysRS_AF_Euk_Micromonas_commoda_gene8246535                                     39.04%    failed      2.01%
  38  CysRS_AF_Euk_Arabidopsis_thaliana_gene833874                                    40.35%    passed      7.59%
  39  ArgRS_AF_Euk_Micromonas_commoda_gene8250062                                     38.16%    passed     71.98%
  40  ArgRS_AF_Euk_Thalassiosira_pseudonana_CCMP1335_gene7449555                      35.09%    passed     92.52%
  41  CysRS_AF_Bact_Mycoplasma_hyopneumoniae_168-L_gene57101512                       61.40%    failed      0.03%
  42  CysRS_AF_Bact_Prochlorococcus_marinus_subsp_marinus_str_CCMP1375_gene54200571   37.72%    passed      6.81%
  43  CysRS_AF_Bact_Lactobacillus_amylovorus_GRL1118_gene66523130                     47.81%    passed     47.62%
  44  CysRS_AF_Mito_Homo_sapiens_gene79587                                            43.42%    passed     24.86%
  45  ArgRS_AF_Bact_Anoxybacillus_flavithermus_WK1_gene7039015                        36.40%    passed     86.77%
  46  ArgRS_AF_Bact_Brachyspira_pilosicoli_95_1000_gene56439668                       35.09%    passed      5.07%
  47  ArgRS_AF_Bact_Chlamydia_psittaci_6BC_gene12242456                               38.60%    passed     67.22%
WARNING: 8 sequences contain more than 50% gaps/ambiguity
****  TOTAL                                                                           42.55%  12 sequences failed composition chi2 test (p-value<5%; df=19)
Reading alignment file c2/aln3di_AA.fasta ... Fasta format detected
Reading fasta file: done in 0.000244169 secs using 7634% CPU
Alignment most likely contains protein sequences
Constructing alignment: done in 0.000215797 secs using 90.83% CPU
Alignment has 47 sequences with 187 columns, 187 distinct patterns
173 parsimony-informative, 13 singleton sites, 0 constant sites
WARNING: Some sequence names are changed as follows:
ArgRS_AF_Bact_Escherichia_coli_O157:H7_str._Sakai_gene912519 -> ArgRS_AF_Bact_Escherichia_coli_O157_H7_str._Sakai_gene912519

                                                                               Gap/Ambiguity  Composition  p-value
Analyzing sequences: done in 1.7684e-05 secs using 84.82% CPU
   1  ArgRS_AF_Bact_Corynebacterium_ulcerans_809_gene75260071                         19.79%    passed     25.28%
   2  ArgRS_AF_Bact_Cupriavidus_taiwanensis_LMG_19424_gene29762022                    17.65%    failed      0.04%
   3  CysRS_AF_Arch_Methanospirillum_hungatei_JF-1_gene3922979                        53.48%    passed      9.14%
   4  CysRS_AF_Arch_Candidatus_Nitrosopumilus_sediminis_gene13696907                  37.97%    passed     48.78%
   5  ArgRS_AF_Mito_Caenorhabditis_elegans_gene174023                                 21.93%    passed     30.91%
   6  CysRS_AF_Euk_Cyanidioschyzon_merolae_strain_10D_gene16993418                    30.48%    failed      0.17%
   7  ArgRS_PDB_Arch_2ZUF                                                             19.79%    passed     69.27%
   8  CysRS_AF_Euk_Homo_sapiens_gene833                                               29.41%    passed     87.43%
   9  CysRS_AF_Bact_Treponema_pallidum_subsp_pertenue_str_SamoaD_gene57878631         35.83%    failed      0.01%
  10  ArgRS_AF_Bact_Prochlorococcus_marinus_subsp_marinus_str_CCMP1375_gene54199571   24.06%    passed     91.84%
  11  ArgRS_PDB_Euk_S_cerevisiae_1BS2                                                 21.93%    passed     68.52%
  12  ArgRS_AF_Mito_Homo_sapiens_gene57038                                            23.53%    passed     23.81%
  13  CysRS_AF_Euk_Drosophila_melanogaster_gene36784                                  29.95%    passed     72.60%
  14  CysRS_AF_Bact_Streptobacillus_moniliformis_DSM_12112_gene29673427               38.50%    failed      0.04%
  15  ArgRS_AF_Vir_Megavirus_chiliensis_gene11257368                                  21.93%    failed      0.20%
  16  CysRS_AF_Bact_Porphyromonas_gingivalis_ATCC_33277_gene29256960                  39.04%    passed     39.72%
  17  CysRS_AF_Arch_Pyrobaculum_ferrireducens_gene11593896                            51.87%    passed     16.96%
  18  ArgRS_PDB_Bact_1IQ0                                                             21.93%    passed     12.25%
  19  CysRS_AF_Bact_Bordetella_avium_197N_gene41394405                                47.06%    passed      6.16%
  20  CysRS_AF_Bact_Mycobacterium_canettii_CIPT_140010059_gene45427568                44.39%    failed      4.05%
  21  CysRS_AF_Arch_Aciduliprofundum_boonei_T469_gene8827372                          40.64%    passed     36.18%
  22  ArgRS_AF_Bact_Streptobacillus_moniliformis_DSM_12112_gene29674021               21.93%    passed     89.15%
  23  ArgRS_AF_Euk_Paulinella_chromatophora_gene6481434                               24.06%    passed     95.34%
  24  ArgRS_AF_Bact_Mycoplasma_hyopneumoniae_168-L_gene57100855                       25.67%    failed      0.32%
  25  ArgRS_AF_Euk_Polyodon_spathula_gene121324634                                    17.65%    passed     10.77%
  26  ArgRS_AF_Euk_Homo_sapiens_gene5917                                              17.65%    passed     12.97%
  27  ArgRS_AF_Bact_Escherichia_coli_O157_H7_str._Sakai_gene912519                    22.46%    passed     96.81%
  28  ArgRS_AF_Arch_Methanothermococcus_okinawensis_IH1_gene10773248                  20.32%    failed      0.03%
  29  ArgRS_AF_Arch_Desulfurococcus_mucosus_DSM_2162_gene10153309                     15.51%    passed     24.64%
  30  ArgRS_AF_Arch_Candidatus_Nitrosopumilus_sediminis_gene13697696                  23.53%    passed     78.49%
  31  ArgRS_AF_Arch_Candidatus_Korarchaeum_cryptofilum_OPF8_gene6093502               24.06%    passed     72.19%
  32  CysRS_PDB_Bact_M_smegmatis_3C8Z                                                 58.29%    failed      2.56%
  33  CysRS_PDB_Bact_E_coli_1LI5                                                      55.08%    passed     78.06%
  34  CysRS_AF_Vir_Megavirus_chiliensis_gene11257271                                  37.43%    failed      0.00%
  35  CysRS_AF_Mito_Saccharomyces_cerevisiae_S288C_gene855474                         31.02%    passed     44.61%
  36  CysRS_AF_Mito_Morone_saxatilis_gene118339815                                    31.02%    passed     36.06%
  37  CysRS_AF_Euk_Micromonas_commoda_gene8246535                                     25.67%    failed      2.02%
  38  CysRS_AF_Euk_Arabidopsis_thaliana_gene833874                                    27.27%    passed      7.60%
  39  ArgRS_AF_Euk_Micromonas_commoda_gene8250062                                     24.60%    passed     71.88%
  40  ArgRS_AF_Euk_Thalassiosira_pseudonana_CCMP1335_gene7449555                      20.86%    passed     92.44%
  41  CysRS_AF_Bact_Mycoplasma_hyopneumoniae_168-L_gene57101512                       52.94%    failed      0.03%
  42  CysRS_AF_Bact_Prochlorococcus_marinus_subsp_marinus_str_CCMP1375_gene54200571   24.06%    passed      6.77%
  43  CysRS_AF_Bact_Lactobacillus_amylovorus_GRL1118_gene66523130                     36.36%    passed     47.70%
  44  CysRS_AF_Mito_Homo_sapiens_gene79587                                            31.02%    passed     24.83%
  45  ArgRS_AF_Bact_Anoxybacillus_flavithermus_WK1_gene7039015                        22.46%    passed     86.76%
  46  ArgRS_AF_Bact_Brachyspira_pilosicoli_95_1000_gene56439668                       20.86%    passed      5.08%
  47  ArgRS_AF_Bact_Chlamydia_psittaci_6BC_gene12242456                               25.13%    passed     67.10%
WARNING: 5 sequences contain more than 50% gaps/ambiguity
****  TOTAL                                                                           29.96%  12 sequences failed composition chi2 test (p-value<5%; df=19)
Subset	Type	Seqs	Sites	Infor	Invar	Model	Name
1	AA	47	228	164	41	LG+I+G	part1
2		47	187	173	1	/work/FAC/FBM/DBC/cdessim2/default/dmoi/projects/snake_tree/3diphy/3DI_substmat/3di_substmat.txt+I+F	part2
Degree of missing data: 0.000
Info: multi-threading strategy over partitions


Create initial parsimony tree by phylogenetic likelihood library (PLL)... 0.013 seconds
Reading model parameters from file /work/FAC/FBM/DBC/cdessim2/default/dmoi/projects/snake_tree/3diphy/3DI_substmat/3di_substmat.txt
WARNING: Normalizing state frequencies so that sum of them equals to 1

NOTE: 8 MB RAM (0 GB) is required!
Measuring multi-threading efficiency up to 20 CPU cores
Increase to 10 rounds for branch lengths
62 trees examined
Threads: 1 / Time: 20.273 sec / Speedup: 1.000 / Efficiency: 100% / LogL: -31652
Threads: 2 / Time: 17.186 sec / Speedup: 1.180 / Efficiency: 59% / LogL: -31652
Threads: 3 / Time: 47.610 sec / Speedup: 0.426 / Efficiency: 14% / LogL: -31652
Determining AUTO threadcount: done in 85.0751 secs using 91.6% CPU
BEST NUMBER OF THREADS: 2

Estimate model parameters (epsilon = 0.100)
Initial log-likelihood: -31808.996
Current log-likelihood at step 1: -29687.429
Current log-likelihood at step 2: -29642.206
Current log-likelihood at step 3: -29642.114
Partition-specific rates:  0.753 1.302
Parameters optimization took 2 rounds (0.543 sec)

Wrote distance file to... 
Computing ML distances based on estimated model parameters...
Calculating distance matrix: done in 0.000180651 secs using 351.5% CPU
Computing ML distances took 0.000247 sec (of wall-clock time) 0.000686 sec (of CPU time)
Setting up auxiliary I and S matrices: done in 0.000211829 secs using 85.92% CPU
Constructing RapidNJ tree: done in 0.00569292 secs using 114.6% CPU
Computing RapidNJ tree took 0.006012 sec (of wall-clock time) 0.006787 sec (of CPU time)
Log-likelihood of RapidNJ tree: -31461.208
--------------------------------------------------------------------
|             INITIALIZING CANDIDATE TREE SET                      |
--------------------------------------------------------------------
Generating 98 parsimony trees... 1.004 second
Computing log-likelihood of 98 initial trees ... 3.540 seconds
Current best score: -29642.114

Do NNI search on 20 best initial trees
Optimizing NNI: done in 1.09857 secs using 181.6% CPU
Estimate model parameters (epsilon = 0.100)
Initial log-likelihood: -29550.393
Current log-likelihood at step 1: -29550.107
Current log-likelihood at step 2: -29550.089
Parameters optimization took 1 rounds (0.298 sec)

BETTER TREE FOUND at iteration 1: -29550.089
Optimizing NNI: done in 0.754321 secs using 182.5% CPU
Optimizing NNI: done in 1.10494 secs using 182.7% CPU
Optimizing NNI: done in 0.863783 secs using 182.7% CPU
Optimizing NNI: done in 0.659279 secs using 183.1% CPU
Optimizing NNI: done in 1.14015 secs using 183.4% CPU
Optimizing NNI: done in 0.87344 secs using 184.4% CPU
Optimizing NNI: done in 0.890906 secs using 183.8% CPU
Optimizing NNI: done in 0.829571 secs using 184.3% CPU
Optimizing NNI: done in 0.891933 secs using 184.7% CPU
Iteration 10 / LogL: -29573.002 / Time: 0h:1m:40s
Optimizing NNI: done in 0.858425 secs using 184.6% CPU
Optimizing NNI: done in 1.15425 secs using 184.6% CPU
Estimate model parameters (epsilon = 0.100)
Initial log-likelihood: -29548.132
Current log-likelihood at step 1: -29548.118
Parameters optimization took 0 rounds (0.127 sec)

BETTER TREE FOUND at iteration 12: -29548.118
Optimizing NNI: done in 0.990547 secs using 185.1% CPU
Optimizing NNI: done in 0.858315 secs using 185.3% CPU
Optimizing NNI: done in 1.10915 secs using 185.9% CPU
Optimizing NNI: done in 0.88349 secs using 186.1% CPU
Optimizing NNI: done in 0.924626 secs using 186.7% CPU
Optimizing NNI: done in 1.09805 secs using 186.7% CPU
Optimizing NNI: done in 1.13366 secs using 186.7% CPU
Optimizing NNI: done in 0.65708 secs using 186.8% CPU
Iteration 20 / LogL: -29606.064 / Time: 0h:1m:50s
Finish initializing candidate tree set (20)
Current best tree score: -29548.118 / CPU time: 23.972
Number of iterations: 20
--------------------------------------------------------------------
|               OPTIMIZING CANDIDATE TREE SET                      |
--------------------------------------------------------------------
Optimizing NNI: done in 0.684945 secs using 187.6% CPU
Optimizing NNI: done in 0.688017 secs using 187% CPU
Estimate model parameters (epsilon = 0.100)
Initial log-likelihood: -29543.225
Current log-likelihood at step 1: -29543.131
Parameters optimization took 0 rounds (0.132 sec)

BETTER TREE FOUND at iteration 22: -29543.131
Optimizing NNI: done in 0.666063 secs using 188% CPU
Optimizing NNI: done in 0.585004 secs using 187.5% CPU
Estimate model parameters (epsilon = 0.100)
Initial log-likelihood: -29543.121
Current log-likelihood at step 1: -29543.093
Parameters optimization took 0 rounds (0.130 sec)

BETTER TREE FOUND at iteration 24: -29543.093
Optimizing NNI: done in 0.539173 secs using 187.1% CPU
Optimizing NNI: done in 0.624537 secs using 187% CPU
Optimizing NNI: done in 0.607385 secs using 188% CPU
Optimizing NNI: done in 0.601173 secs using 187.7% CPU
Optimizing NNI: done in 0.626397 secs using 188.4% CPU
Optimizing NNI: done in 0.748442 secs using 188.7% CPU
Iteration 30 / LogL: -29543.160 / Time: 0h:1m:56s (0h:1m:20s left)
Optimizing NNI: done in 0.632044 secs using 188.2% CPU
Optimizing NNI: done in 0.797379 secs using 188% CPU
Optimizing NNI: done in 0.970551 secs using 188.5% CPU
Optimizing NNI: done in 0.641721 secs using 188.9% CPU
Optimizing NNI: done in 0.673489 secs using 189% CPU
Optimizing NNI: done in 0.705805 secs using 188.4% CPU
Optimizing NNI: done in 0.547341 secs using 189.3% CPU
Optimizing NNI: done in 0.635143 secs using 188.5% CPU
Optimizing NNI: done in 0.625186 secs using 188.3% CPU
Optimizing NNI: done in 0.791266 secs using 189.5% CPU
Iteration 40 / LogL: -29548.176 / Time: 0h:2m:4s (0h:0m:31s left)
Optimizing NNI: done in 0.692057 secs using 189.6% CPU
Optimizing NNI: done in 0.736515 secs using 190.1% CPU
Optimizing NNI: done in 0.61819 secs using 189.5% CPU
Optimizing NNI: done in 0.452131 secs using 188.9% CPU
Optimizing NNI: done in 0.668854 secs using 190.1% CPU
Optimizing NNI: done in 0.646838 secs using 189.7% CPU
Optimizing NNI: done in 0.774566 secs using 189.4% CPU
Optimizing NNI: done in 0.630691 secs using 190.4% CPU
Optimizing NNI: done in 0.748392 secs using 189.9% CPU
Optimizing NNI: done in 0.710202 secs using 189.8% CPU
Iteration 50 / LogL: -29549.081 / Time: 0h:2m:10s (0h:0m:0s left)
TREE SEARCH COMPLETED AFTER 50 ITERATIONS / Time: 0h:2m:10s

--------------------------------------------------------------------
|                    FINALIZING TREE SEARCH                        |
--------------------------------------------------------------------
Performs final model parameters optimization
Estimate model parameters (epsilon = 0.010)
Initial log-likelihood: -29543.093
Current log-likelihood at step 1: -29543.091
Partition-specific rates:  0.766 1.285
Parameters optimization took 0 rounds (0.128 sec)

Partition information was printed to c2/templateXAA.nx.best_model.nex
BEST SCORE FOUND : -29543.091
Total tree length: 71.161

Total number of iterations: 50
CPU time used for tree search: 81.822 sec (0h:1m:21s)
Wall-clock time used for tree search: 44.690 sec (0h:0m:44s)
Total CPU time used: 161.990 sec (0h:2m:41s)
Total wall-clock time used: 131.079 sec (0h:2m:11s)

Analysis results written to: 
  IQ-TREE report:                c2/templateXAA.nx.iqtree
  Maximum-likelihood tree:       c2/templateXAA.nx.treefile
  Likelihood distances:          c2/templateXAA.nx.mldist
  Screen log file:               c2/templateXAA.nx.log

Date and Time: Tue Mar 18 22:40:46 2025
