RecursionError in file /work/FAC/FBM/DBC/cdessim2/default/dmoi/projects/snake_tree/workflow/ML3ditree, line 14:
maximum recursion depth exceeded
  File "/work/FAC/FBM/DBC/cdessim2/default/dmoi/projects/snake_tree/workflow/ML3ditree", line 14, in <module>
  File "/work/FAC/FBM/DBC/cdessim2/default/dmoi/projects/snake_tree/workflow/benchmarking", line 41, in <module>
  File "/work/FAC/FBM/DBC/cdessim2/default/dmoi/projects/snake_tree/workflow/ML3ditree", line 14, in <module>
  File "/work/FAC/FBM/DBC/cdessim2/default/dmoi/projects/snake_tree/workflow/benchmarking", line 41, in <module>
  File "/work/FAC/FBM/DBC/cdessim2/default/dmoi/projects/snake_tree/workflow/ML3ditree", line 14, in <module>
  File "/work/FAC/FBM/DBC/cdessim2/default/dmoi/projects/snake_tree/workflow/benchmarking", line 41, in <module>
  File "/work/FAC/FBM/DBC/cdessim2/default/dmoi/projects/snake_tree/workflow/ML3ditree", line 14, in <module>
  File "/work/FAC/FBM/DBC/cdessim2/default/dmoi/projects/snake_tree/workflow/benchmarking", line 41, in <module>
  File "/work/FAC/FBM/DBC/cdessim2/default/dmoi/projects/snake_tree/workflow/ML3ditree", line 14, in <module>
  File "/work/FAC/FBM/DBC/cdessim2/default/dmoi/projects/snake_tree/workflow/benchmarking", line 41, in <module>
  File "/work/FAC/FBM/DBC/cdessim2/default/dmoi/projects/snake_tree/workflow/ML3ditree", line 14, in <module>
  File "/work/FAC/FBM/DBC/cdessim2/default/dmoi/projects/snake_tree/workflow/benchmarking", line 41, in <module>
  File "/work/FAC/FBM/DBC/cdessim2/default/dmoi/projects/snake_tree/workflow/ML3ditree", line 14, in <module>
  File "/work/FAC/FBM/DBC/cdessim2/default/dmoi/projects/snake_tree/workflow/benchmarking", line 41, in <module>
  File "/work/FAC/FBM/DBC/cdessim2/default/dmoi/projects/snake_tree/workflow/ML3ditree", line 14, in <module>
  File "/work/FAC/FBM/DBC/cdessim2/default/dmoi/projects/snake_tree/workflow/benchmarking", line 41, in <module>
  File "/work/FAC/FBM/DBC/cdessim2/default/dmoi/projects/snake_tree/workflow/ML3ditree", line 14, in <module>
  File "/work/FAC/FBM/DBC/cdessim2/default/dmoi/projects/snake_tree/workflow/benchmarking", line 41, in <module>
  File "/work/FAC/FBM/DBC/cdessim2/default/dmoi/projects/snake_tree/workflow/ML3ditree", line 14, in <module>
  File "/work/FAC/FBM/DBC/cdessim2/default/dmoi/projects/snake_tree/workflow/benchmarking", line 41, in <module>
  File "/work/FAC/FBM/DBC/cdessim2/default/dmoi/projects/snake_tree/workflow/ML3ditree", line 14, in <module>
  File "/work/FAC/FBM/DBC/cdessim2/default/dmoi/projects/snake_tree/workflow/benchmarking", line 41, in <module>
  File "/work/FAC/FBM/DBC/cdessim2/default/dmoi/projects/snake_tree/workflow/ML3ditree", line 14, in <module>
  File "/work/FAC/FBM/DBC/cdessim2/default/dmoi/projects/snake_tree/workflow/benchmarking", line 41, in <module>
  File "/work/FAC/FBM/DBC/cdessim2/default/dmoi/projects/snake_tree/workflow/ML3ditree", line 14, in <module>
  File "/work/FAC/FBM/DBC/cdessim2/default/dmoi/projects/snake_tree/workflow/benchmarking", line 41, in <module>
  File "/work/FAC/FBM/DBC/cdessim2/default/dmoi/projects/snake_tree/workflow/ML3ditree", line 14, in <module>
  File "/work/FAC/FBM/DBC/cdessim2/default/dmoi/projects/snake_tree/workflow/benchmarking", line 41, in <module>
  File "/work/FAC/FBM/DBC/cdessim2/default/dmoi/projects/snake_tree/workflow/ML3ditree", line 14, in <module>
  File "/work/FAC/FBM/DBC/cdessim2/default/dmoi/projects/snake_tree/workflow/benchmarking", line 41, in <module>
  File "/work/FAC/FBM/DBC/cdessim2/default/dmoi/projects/snake_tree/workflow/ML3ditree", line 14, in <module>
  File "/work/FAC/FBM/DBC/cdessim2/default/dmoi/projects/snake_tree/workflow/benchmarking", line 41, in <module>
  File "/work/FAC/FBM/DBC/cdessim2/default/dmoi/projects/snake_tree/workflow/ML3ditree", line 14, in <module>
  File "/work/FAC/FBM/DBC/cdessim2/default/dmoi/projects/snake_tree/workflow/benchmarking", line 41, in <module>
  File "/work/FAC/FBM/DBC/cdessim2/default/dmoi/projects/snake_tree/workflow/ML3ditree", line 14, in <module>
  File "/work/FAC/FBM/DBC/cdessim2/default/dmoi/projects/snake_tree/workflow/benchmarking", line 41, in <module>
  File "/work/FAC/FBM/DBC/cdessim2/default/dmoi/projects/snake_tree/workflow/ML3ditree", line 14, in <module>
  File "/work/FAC/FBM/DBC/cdessim2/default/dmoi/projects/snake_tree/workflow/benchmarking", line 41, in <module>
  File "/work/FAC/FBM/DBC/cdessim2/default/dmoi/projects/snake_tree/workflow/ML3ditree", line 14, in <module>
  File "/work/FAC/FBM/DBC/cdessim2/default/dmoi/projects/snake_tree/workflow/benchmarking", line 41, in <module>
  File "/work/FAC/FBM/DBC/cdessim2/default/dmoi/projects/snake_tree/workflow/ML3ditree", line 14, in <module>
  File "/work/FAC/FBM/DBC/cdessim2/default/dmoi/projects/snake_tree/workflow/benchmarking", line 41, in <module>
  File "/work/FAC/FBM/DBC/cdessim2/default/dmoi/projects/snake_tree/workflow/ML3ditree", line 14, in <module>
  File "/work/FAC/FBM/DBC/cdessim2/default/dmoi/projects/snake_tree/workflow/benchmarking", line 41, in <module>
  File "/work/FAC/FBM/DBC/cdessim2/default/dmoi/projects/snake_tree/workflow/ML3ditree", line 14, in <module>
  File "/work/FAC/FBM/DBC/cdessim2/default/dmoi/projects/snake_tree/workflow/benchmarking", line 41, in <module>
  File "/work/FAC/FBM/DBC/cdessim2/default/dmoi/projects/snake_tree/workflow/ML3ditree", line 14, in <module>
  File "/work/FAC/FBM/DBC/cdessim2/default/dmoi/projects/snake_tree/workflow/benchmarking", line 41, in <module>
  File "/work/FAC/FBM/DBC/cdessim2/default/dmoi/projects/snake_tree/workflow/ML3ditree", line 14, in <module>
  File "/work/FAC/FBM/DBC/cdessim2/default/dmoi/projects/snake_tree/workflow/benchmarking", line 41, in <module>
  File "/work/FAC/FBM/DBC/cdessim2/default/dmoi/projects/snake_tree/workflow/ML3ditree", line 14, in <module>
  File "/work/FAC/FBM/DBC/cdessim2/default/dmoi/projects/snake_tree/workflow/benchmarking", line 41, in <module>
  File "/work/FAC/FBM/DBC/cdessim2/default/dmoi/projects/snake_tree/workflow/ML3ditree", line 14, in <module>
  File "/work/FAC/FBM/DBC/cdessim2/default/dmoi/projects/snake_tree/workflow/benchmarking", line 41, in <module>
  File "/work/FAC/FBM/DBC/cdessim2/default/dmoi/projects/snake_tree/workflow/ML3ditree", line 14, in <module>
  File "/work/FAC/FBM/DBC/cdessim2/default/dmoi/projects/snake_tree/workflow/benchmarking", line 41, in <module>
  File "/work/FAC/FBM/DBC/cdessim2/default/dmoi/projects/snake_tree/workflow/ML3ditree", line 14, in <module>
  File "/work/FAC/FBM/DBC/cdessim2/default/dmoi/projects/snake_tree/workflow/benchmarking", line 41, in <module>
  File "/work/FAC/FBM/DBC/cdessim2/default/dmoi/projects/snake_tree/workflow/ML3ditree", line 14, in <module>
  File "/work/FAC/FBM/DBC/cdessim2/default/dmoi/projects/snake_tree/workflow/benchmarking", line 41, in <module>
  File "/work/FAC/FBM/DBC/cdessim2/default/dmoi/projects/snake_tree/workflow/ML3ditree", line 14, in <module>
  File "/work/FAC/FBM/DBC/cdessim2/default/dmoi/projects/snake_tree/workflow/benchmarking", line 41, in <module>
  File "/work/FAC/FBM/DBC/cdessim2/default/dmoi/projects/snake_tree/workflow/ML3ditree", line 14, in <module>
  File "/work/FAC/FBM/DBC/cdessim2/default/dmoi/projects/snake_tree/workflow/benchmarking", line 41, in <module>
  File "/work/FAC/FBM/DBC/cdessim2/default/dmoi/projects/snake_tree/workflow/ML3ditree", line 14, in <module>
  File "/work/FAC/FBM/DBC/cdessim2/default/dmoi/projects/snake_tree/workflow/benchmarking", line 41, in <module>
  File "/work/FAC/FBM/DBC/cdessim2/default/dmoi/projects/snake_tree/workflow/ML3ditree", line 14, in <module>
  File "/work/FAC/FBM/DBC/cdessim2/default/dmoi/projects/snake_tree/workflow/benchmarking", line 41, in <module>
  File "/work/FAC/FBM/DBC/cdessim2/default/dmoi/projects/snake_tree/workflow/ML3ditree", line 14, in <module>
  File "/work/FAC/FBM/DBC/cdessim2/default/dmoi/projects/snake_tree/workflow/benchmarking", line 41, in <module>
  File "/work/FAC/FBM/DBC/cdessim2/default/dmoi/projects/snake_tree/workflow/ML3ditree", line 14, in <module>
  File "/work/FAC/FBM/DBC/cdessim2/default/dmoi/projects/snake_tree/workflow/benchmarking", line 41, in <module>
  File "/work/FAC/FBM/DBC/cdessim2/default/dmoi/projects/snake_tree/workflow/ML3ditree", line 14, in <module>
  File "/work/FAC/FBM/DBC/cdessim2/default/dmoi/projects/snake_tree/workflow/benchmarking", line 41, in <module>
  File "/work/FAC/FBM/DBC/cdessim2/default/dmoi/projects/snake_tree/workflow/ML3ditree", line 14, in <module>
  File "/work/FAC/FBM/DBC/cdessim2/default/dmoi/projects/snake_tree/workflow/benchmarking", line 41, in <module>
  File "/work/FAC/FBM/DBC/cdessim2/default/dmoi/projects/snake_tree/workflow/ML3ditree", line 14, in <module>
  File "/work/FAC/FBM/DBC/cdessim2/default/dmoi/projects/snake_tree/workflow/benchmarking", line 41, in <module>
  File "/work/FAC/FBM/DBC/cdessim2/default/dmoi/projects/snake_tree/workflow/ML3ditree", line 14, in <module>
  File "/work/FAC/FBM/DBC/cdessim2/default/dmoi/projects/snake_tree/workflow/benchmarking", line 41, in <module>
  File "/work/FAC/FBM/DBC/cdessim2/default/dmoi/projects/snake_tree/workflow/ML3ditree", line 14, in <module>
  File "/work/FAC/FBM/DBC/cdessim2/default/dmoi/projects/snake_tree/workflow/benchmarking", line 41, in <module>
  File "/work/FAC/FBM/DBC/cdessim2/default/dmoi/projects/snake_tree/workflow/ML3ditree", line 14, in <module>
  File "/work/FAC/FBM/DBC/cdessim2/default/dmoi/projects/snake_tree/workflow/benchmarking", line 41, in <module>
  File "/work/FAC/FBM/DBC/cdessim2/default/dmoi/projects/snake_tree/workflow/ML3ditree", line 14, in <module>
  File "/work/FAC/FBM/DBC/cdessim2/default/dmoi/projects/snake_tree/workflow/benchmarking", line 41, in <module>
  File "/work/FAC/FBM/DBC/cdessim2/default/dmoi/projects/snake_tree/workflow/ML3ditree", line 14, in <module>
  File "/work/FAC/FBM/DBC/cdessim2/default/dmoi/projects/snake_tree/workflow/benchmarking", line 41, in <module>
  File "/work/FAC/FBM/DBC/cdessim2/default/dmoi/projects/snake_tree/workflow/ML3ditree", line 14, in <module>
  File "/work/FAC/FBM/DBC/cdessim2/default/dmoi/projects/snake_tree/workflow/benchmarking", line 41, in <module>
  File "/work/FAC/FBM/DBC/cdessim2/default/dmoi/projects/snake_tree/workflow/ML3ditree", line 14, in <module>
  File "/work/FAC/FBM/DBC/cdessim2/default/dmoi/projects/snake_tree/workflow/benchmarking", line 41, in <module>
  File "/work/FAC/FBM/DBC/cdessim2/default/dmoi/projects/snake_tree/workflow/ML3ditree", line 14, in <module>
  File "/work/FAC/FBM/DBC/cdessim2/default/dmoi/projects/snake_tree/workflow/benchmarking", line 41, in <module>
  File "/work/FAC/FBM/DBC/cdessim2/default/dmoi/projects/snake_tree/workflow/ML3ditree", line 14, in <module>
  File "/work/FAC/FBM/DBC/cdessim2/default/dmoi/projects/snake_tree/workflow/benchmarking", line 41, in <module>
  File "/work/FAC/FBM/DBC/cdessim2/default/dmoi/projects/snake_tree/workflow/ML3ditree", line 14, in <module>
  File "/work/FAC/FBM/DBC/cdessim2/default/dmoi/projects/snake_tree/workflow/benchmarking", line 41, in <module>
  File "/work/FAC/FBM/DBC/cdessim2/default/dmoi/projects/snake_tree/workflow/ML3ditree", line 14, in <module>
  File "/work/FAC/FBM/DBC/cdessim2/default/dmoi/projects/snake_tree/workflow/benchmarking", line 41, in <module>
  File "/work/FAC/FBM/DBC/cdessim2/default/dmoi/projects/snake_tree/workflow/ML3ditree", line 14, in <module>
  File "/work/FAC/FBM/DBC/cdessim2/default/dmoi/projects/snake_tree/workflow/benchmarking", line 41, in <module>
  File "/work/FAC/FBM/DBC/cdessim2/default/dmoi/projects/snake_tree/workflow/ML3ditree", line 14, in <module>
  File "/work/FAC/FBM/DBC/cdessim2/default/dmoi/projects/snake_tree/workflow/benchmarking", line 41, in <module>
  File "/work/FAC/FBM/DBC/cdessim2/default/dmoi/projects/snake_tree/workflow/ML3ditree", line 14, in <module>
  File "/work/FAC/FBM/DBC/cdessim2/default/dmoi/projects/snake_tree/workflow/benchmarking", line 41, in <module>
  File "/work/FAC/FBM/DBC/cdessim2/default/dmoi/projects/snake_tree/workflow/ML3ditree", line 14, in <module>
  File "/work/FAC/FBM/DBC/cdessim2/default/dmoi/projects/snake_tree/workflow/benchmarking", line 41, in <module>
  File "/work/FAC/FBM/DBC/cdessim2/default/dmoi/projects/snake_tree/workflow/ML3ditree", line 14, in <module>
  File "/work/FAC/FBM/DBC/cdessim2/default/dmoi/projects/snake_tree/workflow/benchmarking", line 41, in <module>
  File "/work/FAC/FBM/DBC/cdessim2/default/dmoi/projects/snake_tree/workflow/ML3ditree", line 14, in <module>
  File "/work/FAC/FBM/DBC/cdessim2/default/dmoi/projects/snake_tree/workflow/benchmarking", line 41, in <module>
  File "/work/FAC/FBM/DBC/cdessim2/default/dmoi/projects/snake_tree/workflow/ML3ditree", line 14, in <module>
  File "/work/FAC/FBM/DBC/cdessim2/default/dmoi/projects/snake_tree/workflow/benchmarking", line 41, in <module>
  File "/work/FAC/FBM/DBC/cdessim2/default/dmoi/projects/snake_tree/workflow/ML3ditree", line 14, in <module>
  File "/work/FAC/FBM/DBC/cdessim2/default/dmoi/projects/snake_tree/workflow/benchmarking", line 41, in <module>
  File "/work/FAC/FBM/DBC/cdessim2/default/dmoi/projects/snake_tree/workflow/ML3ditree", line 14, in <module>
  File "/work/FAC/FBM/DBC/cdessim2/default/dmoi/projects/snake_tree/workflow/benchmarking", line 41, in <module>
  File "/work/FAC/FBM/DBC/cdessim2/default/dmoi/projects/snake_tree/workflow/ML3ditree", line 14, in <module>
  File "/work/FAC/FBM/DBC/cdessim2/default/dmoi/projects/snake_tree/workflow/benchmarking", line 41, in <module>
  File "/work/FAC/FBM/DBC/cdessim2/default/dmoi/projects/snake_tree/workflow/ML3ditree", line 14, in <module>
  File "/work/FAC/FBM/DBC/cdessim2/default/dmoi/projects/snake_tree/workflow/benchmarking", line 41, in <module>
  File "/work/FAC/FBM/DBC/cdessim2/default/dmoi/projects/snake_tree/workflow/ML3ditree", line 14, in <module>
  File "/work/FAC/FBM/DBC/cdessim2/default/dmoi/projects/snake_tree/workflow/benchmarking", line 41, in <module>
  File "/work/FAC/FBM/DBC/cdessim2/default/dmoi/projects/snake_tree/workflow/ML3ditree", line 14, in <module>
  File "/work/FAC/FBM/DBC/cdessim2/default/dmoi/projects/snake_tree/workflow/benchmarking", line 41, in <module>
  File "/work/FAC/FBM/DBC/cdessim2/default/dmoi/projects/snake_tree/workflow/ML3ditree", line 14, in <module>
  File "/work/FAC/FBM/DBC/cdessim2/default/dmoi/projects/snake_tree/workflow/benchmarking", line 41, in <module>
  File "/work/FAC/FBM/DBC/cdessim2/default/dmoi/projects/snake_tree/workflow/ML3ditree", line 14, in <module>
  File "/work/FAC/FBM/DBC/cdessim2/default/dmoi/projects/snake_tree/workflow/benchmarking", line 41, in <module>
  File "/work/FAC/FBM/DBC/cdessim2/default/dmoi/projects/snake_tree/workflow/ML3ditree", line 14, in <module>
  File "/work/FAC/FBM/DBC/cdessim2/default/dmoi/projects/snake_tree/workflow/benchmarking", line 41, in <module>
  File "/work/FAC/FBM/DBC/cdessim2/default/dmoi/projects/snake_tree/workflow/ML3ditree", line 14, in <module>
  File "/work/FAC/FBM/DBC/cdessim2/default/dmoi/projects/snake_tree/workflow/benchmarking", line 41, in <module>
  File "/work/FAC/FBM/DBC/cdessim2/default/dmoi/projects/snake_tree/workflow/ML3ditree", line 14, in <module>
  File "/work/FAC/FBM/DBC/cdessim2/default/dmoi/projects/snake_tree/workflow/benchmarking", line 41, in <module>
  File "/work/FAC/FBM/DBC/cdessim2/default/dmoi/projects/snake_tree/workflow/ML3ditree", line 14, in <module>
  File "/work/FAC/FBM/DBC/cdessim2/default/dmoi/projects/snake_tree/workflow/benchmarking", line 41, in <module>
  File "/work/FAC/FBM/DBC/cdessim2/default/dmoi/projects/snake_tree/workflow/ML3ditree", line 14, in <module>
  File "/work/FAC/FBM/DBC/cdessim2/default/dmoi/projects/snake_tree/workflow/benchmarking", line 41, in <module>
  File "/work/FAC/FBM/DBC/cdessim2/default/dmoi/projects/snake_tree/workflow/ML3ditree", line 14, in <module>
  File "/work/FAC/FBM/DBC/cdessim2/default/dmoi/projects/snake_tree/workflow/benchmarking", line 41, in <module>
  File "/work/FAC/FBM/DBC/cdessim2/default/dmoi/projects/snake_tree/workflow/ML3ditree", line 14, in <module>
  File "/work/FAC/FBM/DBC/cdessim2/default/dmoi/projects/snake_tree/workflow/benchmarking", line 41, in <module>
  File "/work/FAC/FBM/DBC/cdessim2/default/dmoi/projects/snake_tree/workflow/ML3ditree", line 14, in <module>
  File "/work/FAC/FBM/DBC/cdessim2/default/dmoi/projects/snake_tree/workflow/benchmarking", line 41, in <module>
  File "/work/FAC/FBM/DBC/cdessim2/default/dmoi/projects/snake_tree/workflow/ML3ditree", line 14, in <module>
  File "/work/FAC/FBM/DBC/cdessim2/default/dmoi/projects/snake_tree/workflow/benchmarking", line 41, in <module>
  File "/work/FAC/FBM/DBC/cdessim2/default/dmoi/projects/snake_tree/workflow/ML3ditree", line 14, in <module>
  File "/work/FAC/FBM/DBC/cdessim2/default/dmoi/projects/snake_tree/workflow/benchmarking", line 41, in <module>
  File "/work/FAC/FBM/DBC/cdessim2/default/dmoi/projects/snake_tree/workflow/ML3ditree", line 14, in <module>
  File "/work/FAC/FBM/DBC/cdessim2/default/dmoi/projects/snake_tree/workflow/benchmarking", line 41, in <module>
  File "/work/FAC/FBM/DBC/cdessim2/default/dmoi/projects/snake_tree/workflow/ML3ditree", line 14, in <module>
  File "/work/FAC/FBM/DBC/cdessim2/default/dmoi/projects/snake_tree/workflow/benchmarking", line 41, in <module>
  File "/work/FAC/FBM/DBC/cdessim2/default/dmoi/projects/snake_tree/workflow/ML3ditree", line 14, in <module>
  File "/work/FAC/FBM/DBC/cdessim2/default/dmoi/projects/snake_tree/workflow/benchmarking", line 41, in <module>
  File "/work/FAC/FBM/DBC/cdessim2/default/dmoi/projects/snake_tree/workflow/ML3ditree", line 14, in <module>
  File "/work/FAC/FBM/DBC/cdessim2/default/dmoi/projects/snake_tree/workflow/benchmarking", line 41, in <module>
  File "/work/FAC/FBM/DBC/cdessim2/default/dmoi/projects/snake_tree/workflow/ML3ditree", line 14, in <module>
  File "/work/FAC/FBM/DBC/cdessim2/default/dmoi/projects/snake_tree/workflow/benchmarking", line 41, in <module>
  File "/work/FAC/FBM/DBC/cdessim2/default/dmoi/projects/snake_tree/workflow/ML3ditree", line 14, in <module>
  File "/work/FAC/FBM/DBC/cdessim2/default/dmoi/projects/snake_tree/workflow/benchmarking", line 41, in <module>
  File "/work/FAC/FBM/DBC/cdessim2/default/dmoi/projects/snake_tree/workflow/ML3ditree", line 14, in <module>
  File "/work/FAC/FBM/DBC/cdessim2/default/dmoi/projects/snake_tree/workflow/benchmarking", line 41, in <module>
  File "/work/FAC/FBM/DBC/cdessim2/default/dmoi/projects/snake_tree/workflow/ML3ditree", line 14, in <module>
  File "/work/FAC/FBM/DBC/cdessim2/default/dmoi/projects/snake_tree/workflow/benchmarking", line 41, in <module>
  File "/work/FAC/FBM/DBC/cdessim2/default/dmoi/projects/snake_tree/workflow/ML3ditree", line 14, in <module>
  File "/work/FAC/FBM/DBC/cdessim2/default/dmoi/projects/snake_tree/workflow/benchmarking", line 41, in <module>
  File "/work/FAC/FBM/DBC/cdessim2/default/dmoi/projects/snake_tree/workflow/ML3ditree", line 14, in <module>
  File "/work/FAC/FBM/DBC/cdessim2/default/dmoi/projects/snake_tree/workflow/benchmarking", line 41, in <module>
  File "/work/FAC/FBM/DBC/cdessim2/default/dmoi/projects/snake_tree/workflow/ML3ditree", line 14, in <module>
  File "/work/FAC/FBM/DBC/cdessim2/default/dmoi/projects/snake_tree/workflow/benchmarking", line 41, in <module>
  File "/work/FAC/FBM/DBC/cdessim2/default/dmoi/projects/snake_tree/workflow/ML3ditree", line 14, in <module>
  File "/work/FAC/FBM/DBC/cdessim2/default/dmoi/projects/snake_tree/workflow/benchmarking", line 41, in <module>
  File "/work/FAC/FBM/DBC/cdessim2/default/dmoi/projects/snake_tree/workflow/ML3ditree", line 14, in <module>
  File "/work/FAC/FBM/DBC/cdessim2/default/dmoi/projects/snake_tree/workflow/benchmarking", line 41, in <module>
  File "/work/FAC/FBM/DBC/cdessim2/default/dmoi/projects/snake_tree/workflow/ML3ditree", line 14, in <module>
  File "/work/FAC/FBM/DBC/cdessim2/default/dmoi/projects/snake_tree/workflow/benchmarking", line 41, in <module>
  File "/work/FAC/FBM/DBC/cdessim2/default/dmoi/projects/snake_tree/workflow/ML3ditree", line 14, in <module>
  File "/work/FAC/FBM/DBC/cdessim2/default/dmoi/projects/snake_tree/workflow/benchmarking", line 41, in <module>
  File "/work/FAC/FBM/DBC/cdessim2/default/dmoi/projects/snake_tree/workflow/ML3ditree", line 14, in <module>
  File "/work/FAC/FBM/DBC/cdessim2/default/dmoi/projects/snake_tree/workflow/benchmarking", line 41, in <module>
  File "/work/FAC/FBM/DBC/cdessim2/default/dmoi/projects/snake_tree/workflow/ML3ditree", line 14, in <module>
  File "/work/FAC/FBM/DBC/cdessim2/default/dmoi/projects/snake_tree/workflow/benchmarking", line 41, in <module>
  File "/work/FAC/FBM/DBC/cdessim2/default/dmoi/projects/snake_tree/workflow/ML3ditree", line 14, in <module>
  File "/work/FAC/FBM/DBC/cdessim2/default/dmoi/projects/snake_tree/workflow/benchmarking", line 41, in <module>
  File "/work/FAC/FBM/DBC/cdessim2/default/dmoi/projects/snake_tree/workflow/ML3ditree", line 14, in <module>
  File "/work/FAC/FBM/DBC/cdessim2/default/dmoi/projects/snake_tree/workflow/benchmarking", line 41, in <module>
  File "/work/FAC/FBM/DBC/cdessim2/default/dmoi/projects/snake_tree/workflow/ML3ditree", line 14, in <module>
  File "/work/FAC/FBM/DBC/cdessim2/default/dmoi/projects/snake_tree/workflow/benchmarking", line 41, in <module>
  File "/work/FAC/FBM/DBC/cdessim2/default/dmoi/projects/snake_tree/workflow/ML3ditree", line 14, in <module>
  File "/work/FAC/FBM/DBC/cdessim2/default/dmoi/projects/snake_tree/workflow/benchmarking", line 41, in <module>
  File "/work/FAC/FBM/DBC/cdessim2/default/dmoi/projects/snake_tree/workflow/ML3ditree", line 14, in <module>
  File "/work/FAC/FBM/DBC/cdessim2/default/dmoi/projects/snake_tree/workflow/benchmarking", line 41, in <module>
  File "/work/FAC/FBM/DBC/cdessim2/default/dmoi/projects/snake_tree/workflow/ML3ditree", line 14, in <module>
  File "/work/FAC/FBM/DBC/cdessim2/default/dmoi/projects/snake_tree/workflow/benchmarking", line 41, in <module>
  File "/work/FAC/FBM/DBC/cdessim2/default/dmoi/projects/snake_tree/workflow/ML3ditree", line 14, in <module>
  File "/work/FAC/FBM/DBC/cdessim2/default/dmoi/miniconda3/envs/foldtree/lib/python3.10/site-packages/smart_open/smart_open_lib.py", line 80, in parse_uri
  File "/work/FAC/FBM/DBC/cdessim2/default/dmoi/miniconda3/envs/foldtree/lib/python3.10/site-packages/smart_open/smart_open_lib.py", line 59, in _sniff_scheme
  File "/work/FAC/FBM/DBC/cdessim2/default/dmoi/miniconda3/envs/foldtree/lib/python3.10/urllib/parse.py", line 465, in urlsplit
