RecursionError in file /work/FAC/FBM/DBC/cdessim2/default/dmoi/projects/snake_tree/workflow/FidentXaln, line 23:
maximum recursion depth exceeded while calling a Python object
  File "/work/FAC/FBM/DBC/cdessim2/default/dmoi/projects/snake_tree/workflow/ML3ditree", line 21, in <module>
  File "/work/FAC/FBM/DBC/cdessim2/default/dmoi/projects/snake_tree/workflow/benchmarking", line 41, in <module>
  File "/work/FAC/FBM/DBC/cdessim2/default/dmoi/projects/snake_tree/workflow/ML3ditree", line 21, in <module>
  File "/work/FAC/FBM/DBC/cdessim2/default/dmoi/projects/snake_tree/workflow/benchmarking", line 41, in <module>
  File "/work/FAC/FBM/DBC/cdessim2/default/dmoi/projects/snake_tree/workflow/ML3ditree", line 21, in <module>
  File "/work/FAC/FBM/DBC/cdessim2/default/dmoi/projects/snake_tree/workflow/benchmarking", line 41, in <module>
  File "/work/FAC/FBM/DBC/cdessim2/default/dmoi/projects/snake_tree/workflow/ML3ditree", line 21, in <module>
  File "/work/FAC/FBM/DBC/cdessim2/default/dmoi/projects/snake_tree/workflow/benchmarking", line 41, in <module>
  File "/work/FAC/FBM/DBC/cdessim2/default/dmoi/projects/snake_tree/workflow/ML3ditree", line 21, in <module>
  File "/work/FAC/FBM/DBC/cdessim2/default/dmoi/projects/snake_tree/workflow/benchmarking", line 41, in <module>
  File "/work/FAC/FBM/DBC/cdessim2/default/dmoi/projects/snake_tree/workflow/ML3ditree", line 21, in <module>
  File "/work/FAC/FBM/DBC/cdessim2/default/dmoi/projects/snake_tree/workflow/benchmarking", line 41, in <module>
  File "/work/FAC/FBM/DBC/cdessim2/default/dmoi/projects/snake_tree/workflow/ML3ditree", line 21, in <module>
  File "/work/FAC/FBM/DBC/cdessim2/default/dmoi/projects/snake_tree/workflow/benchmarking", line 41, in <module>
  File "/work/FAC/FBM/DBC/cdessim2/default/dmoi/projects/snake_tree/workflow/ML3ditree", line 21, in <module>
  File "/work/FAC/FBM/DBC/cdessim2/default/dmoi/projects/snake_tree/workflow/benchmarking", line 41, in <module>
  File "/work/FAC/FBM/DBC/cdessim2/default/dmoi/projects/snake_tree/workflow/ML3ditree", line 21, in <module>
  File "/work/FAC/FBM/DBC/cdessim2/default/dmoi/projects/snake_tree/workflow/benchmarking", line 41, in <module>
  File "/work/FAC/FBM/DBC/cdessim2/default/dmoi/projects/snake_tree/workflow/ML3ditree", line 21, in <module>
  File "/work/FAC/FBM/DBC/cdessim2/default/dmoi/projects/snake_tree/workflow/benchmarking", line 41, in <module>
  File "/work/FAC/FBM/DBC/cdessim2/default/dmoi/projects/snake_tree/workflow/ML3ditree", line 21, in <module>
  File "/work/FAC/FBM/DBC/cdessim2/default/dmoi/projects/snake_tree/workflow/benchmarking", line 41, in <module>
  File "/work/FAC/FBM/DBC/cdessim2/default/dmoi/projects/snake_tree/workflow/ML3ditree", line 21, in <module>
  File "/work/FAC/FBM/DBC/cdessim2/default/dmoi/projects/snake_tree/workflow/benchmarking", line 41, in <module>
  File "/work/FAC/FBM/DBC/cdessim2/default/dmoi/projects/snake_tree/workflow/ML3ditree", line 21, in <module>
  File "/work/FAC/FBM/DBC/cdessim2/default/dmoi/projects/snake_tree/workflow/benchmarking", line 41, in <module>
  File "/work/FAC/FBM/DBC/cdessim2/default/dmoi/projects/snake_tree/workflow/ML3ditree", line 21, in <module>
  File "/work/FAC/FBM/DBC/cdessim2/default/dmoi/projects/snake_tree/workflow/benchmarking", line 41, in <module>
  File "/work/FAC/FBM/DBC/cdessim2/default/dmoi/projects/snake_tree/workflow/ML3ditree", line 21, in <module>
  File "/work/FAC/FBM/DBC/cdessim2/default/dmoi/projects/snake_tree/workflow/benchmarking", line 41, in <module>
  File "/work/FAC/FBM/DBC/cdessim2/default/dmoi/projects/snake_tree/workflow/ML3ditree", line 21, in <module>
  File "/work/FAC/FBM/DBC/cdessim2/default/dmoi/projects/snake_tree/workflow/benchmarking", line 41, in <module>
  File "/work/FAC/FBM/DBC/cdessim2/default/dmoi/projects/snake_tree/workflow/ML3ditree", line 21, in <module>
  File "/work/FAC/FBM/DBC/cdessim2/default/dmoi/projects/snake_tree/workflow/benchmarking", line 41, in <module>
  File "/work/FAC/FBM/DBC/cdessim2/default/dmoi/projects/snake_tree/workflow/ML3ditree", line 21, in <module>
  File "/work/FAC/FBM/DBC/cdessim2/default/dmoi/projects/snake_tree/workflow/benchmarking", line 41, in <module>
  File "/work/FAC/FBM/DBC/cdessim2/default/dmoi/projects/snake_tree/workflow/ML3ditree", line 21, in <module>
  File "/work/FAC/FBM/DBC/cdessim2/default/dmoi/projects/snake_tree/workflow/benchmarking", line 41, in <module>
  File "/work/FAC/FBM/DBC/cdessim2/default/dmoi/projects/snake_tree/workflow/ML3ditree", line 21, in <module>
  File "/work/FAC/FBM/DBC/cdessim2/default/dmoi/projects/snake_tree/workflow/benchmarking", line 41, in <module>
  File "/work/FAC/FBM/DBC/cdessim2/default/dmoi/projects/snake_tree/workflow/ML3ditree", line 21, in <module>
  File "/work/FAC/FBM/DBC/cdessim2/default/dmoi/projects/snake_tree/workflow/benchmarking", line 41, in <module>
  File "/work/FAC/FBM/DBC/cdessim2/default/dmoi/projects/snake_tree/workflow/ML3ditree", line 21, in <module>
  File "/work/FAC/FBM/DBC/cdessim2/default/dmoi/projects/snake_tree/workflow/benchmarking", line 41, in <module>
  File "/work/FAC/FBM/DBC/cdessim2/default/dmoi/projects/snake_tree/workflow/ML3ditree", line 21, in <module>
  File "/work/FAC/FBM/DBC/cdessim2/default/dmoi/projects/snake_tree/workflow/benchmarking", line 41, in <module>
  File "/work/FAC/FBM/DBC/cdessim2/default/dmoi/projects/snake_tree/workflow/ML3ditree", line 21, in <module>
  File "/work/FAC/FBM/DBC/cdessim2/default/dmoi/projects/snake_tree/workflow/benchmarking", line 41, in <module>
  File "/work/FAC/FBM/DBC/cdessim2/default/dmoi/projects/snake_tree/workflow/ML3ditree", line 21, in <module>
  File "/work/FAC/FBM/DBC/cdessim2/default/dmoi/projects/snake_tree/workflow/benchmarking", line 41, in <module>
  File "/work/FAC/FBM/DBC/cdessim2/default/dmoi/projects/snake_tree/workflow/ML3ditree", line 21, in <module>
  File "/work/FAC/FBM/DBC/cdessim2/default/dmoi/projects/snake_tree/workflow/benchmarking", line 41, in <module>
  File "/work/FAC/FBM/DBC/cdessim2/default/dmoi/projects/snake_tree/workflow/ML3ditree", line 21, in <module>
  File "/work/FAC/FBM/DBC/cdessim2/default/dmoi/projects/snake_tree/workflow/benchmarking", line 41, in <module>
  File "/work/FAC/FBM/DBC/cdessim2/default/dmoi/projects/snake_tree/workflow/ML3ditree", line 21, in <module>
  File "/work/FAC/FBM/DBC/cdessim2/default/dmoi/projects/snake_tree/workflow/benchmarking", line 41, in <module>
  File "/work/FAC/FBM/DBC/cdessim2/default/dmoi/projects/snake_tree/workflow/ML3ditree", line 21, in <module>
  File "/work/FAC/FBM/DBC/cdessim2/default/dmoi/projects/snake_tree/workflow/benchmarking", line 41, in <module>
  File "/work/FAC/FBM/DBC/cdessim2/default/dmoi/projects/snake_tree/workflow/ML3ditree", line 21, in <module>
  File "/work/FAC/FBM/DBC/cdessim2/default/dmoi/projects/snake_tree/workflow/benchmarking", line 41, in <module>
  File "/work/FAC/FBM/DBC/cdessim2/default/dmoi/projects/snake_tree/workflow/ML3ditree", line 21, in <module>
  File "/work/FAC/FBM/DBC/cdessim2/default/dmoi/projects/snake_tree/workflow/benchmarking", line 41, in <module>
  File "/work/FAC/FBM/DBC/cdessim2/default/dmoi/projects/snake_tree/workflow/ML3ditree", line 21, in <module>
  File "/work/FAC/FBM/DBC/cdessim2/default/dmoi/projects/snake_tree/workflow/benchmarking", line 41, in <module>
  File "/work/FAC/FBM/DBC/cdessim2/default/dmoi/projects/snake_tree/workflow/ML3ditree", line 21, in <module>
  File "/work/FAC/FBM/DBC/cdessim2/default/dmoi/projects/snake_tree/workflow/benchmarking", line 41, in <module>
  File "/work/FAC/FBM/DBC/cdessim2/default/dmoi/projects/snake_tree/workflow/ML3ditree", line 21, in <module>
  File "/work/FAC/FBM/DBC/cdessim2/default/dmoi/projects/snake_tree/workflow/benchmarking", line 41, in <module>
  File "/work/FAC/FBM/DBC/cdessim2/default/dmoi/projects/snake_tree/workflow/ML3ditree", line 21, in <module>
  File "/work/FAC/FBM/DBC/cdessim2/default/dmoi/projects/snake_tree/workflow/benchmarking", line 41, in <module>
  File "/work/FAC/FBM/DBC/cdessim2/default/dmoi/projects/snake_tree/workflow/ML3ditree", line 21, in <module>
  File "/work/FAC/FBM/DBC/cdessim2/default/dmoi/projects/snake_tree/workflow/benchmarking", line 41, in <module>
  File "/work/FAC/FBM/DBC/cdessim2/default/dmoi/projects/snake_tree/workflow/ML3ditree", line 21, in <module>
  File "/work/FAC/FBM/DBC/cdessim2/default/dmoi/projects/snake_tree/workflow/benchmarking", line 41, in <module>
  File "/work/FAC/FBM/DBC/cdessim2/default/dmoi/projects/snake_tree/workflow/ML3ditree", line 21, in <module>
  File "/work/FAC/FBM/DBC/cdessim2/default/dmoi/projects/snake_tree/workflow/benchmarking", line 41, in <module>
  File "/work/FAC/FBM/DBC/cdessim2/default/dmoi/projects/snake_tree/workflow/ML3ditree", line 21, in <module>
  File "/work/FAC/FBM/DBC/cdessim2/default/dmoi/projects/snake_tree/workflow/benchmarking", line 41, in <module>
  File "/work/FAC/FBM/DBC/cdessim2/default/dmoi/projects/snake_tree/workflow/ML3ditree", line 21, in <module>
  File "/work/FAC/FBM/DBC/cdessim2/default/dmoi/projects/snake_tree/workflow/benchmarking", line 41, in <module>
  File "/work/FAC/FBM/DBC/cdessim2/default/dmoi/projects/snake_tree/workflow/ML3ditree", line 21, in <module>
  File "/work/FAC/FBM/DBC/cdessim2/default/dmoi/projects/snake_tree/workflow/benchmarking", line 41, in <module>
  File "/work/FAC/FBM/DBC/cdessim2/default/dmoi/projects/snake_tree/workflow/ML3ditree", line 21, in <module>
  File "/work/FAC/FBM/DBC/cdessim2/default/dmoi/projects/snake_tree/workflow/benchmarking", line 41, in <module>
  File "/work/FAC/FBM/DBC/cdessim2/default/dmoi/projects/snake_tree/workflow/ML3ditree", line 21, in <module>
  File "/work/FAC/FBM/DBC/cdessim2/default/dmoi/projects/snake_tree/workflow/benchmarking", line 41, in <module>
  File "/work/FAC/FBM/DBC/cdessim2/default/dmoi/projects/snake_tree/workflow/ML3ditree", line 21, in <module>
  File "/work/FAC/FBM/DBC/cdessim2/default/dmoi/projects/snake_tree/workflow/benchmarking", line 41, in <module>
  File "/work/FAC/FBM/DBC/cdessim2/default/dmoi/projects/snake_tree/workflow/ML3ditree", line 21, in <module>
  File "/work/FAC/FBM/DBC/cdessim2/default/dmoi/projects/snake_tree/workflow/benchmarking", line 41, in <module>
  File "/work/FAC/FBM/DBC/cdessim2/default/dmoi/projects/snake_tree/workflow/ML3ditree", line 21, in <module>
  File "/work/FAC/FBM/DBC/cdessim2/default/dmoi/projects/snake_tree/workflow/benchmarking", line 41, in <module>
  File "/work/FAC/FBM/DBC/cdessim2/default/dmoi/projects/snake_tree/workflow/ML3ditree", line 21, in <module>
  File "/work/FAC/FBM/DBC/cdessim2/default/dmoi/projects/snake_tree/workflow/benchmarking", line 41, in <module>
  File "/work/FAC/FBM/DBC/cdessim2/default/dmoi/projects/snake_tree/workflow/ML3ditree", line 21, in <module>
  File "/work/FAC/FBM/DBC/cdessim2/default/dmoi/projects/snake_tree/workflow/benchmarking", line 41, in <module>
  File "/work/FAC/FBM/DBC/cdessim2/default/dmoi/projects/snake_tree/workflow/ML3ditree", line 21, in <module>
  File "/work/FAC/FBM/DBC/cdessim2/default/dmoi/projects/snake_tree/workflow/benchmarking", line 41, in <module>
  File "/work/FAC/FBM/DBC/cdessim2/default/dmoi/projects/snake_tree/workflow/ML3ditree", line 21, in <module>
  File "/work/FAC/FBM/DBC/cdessim2/default/dmoi/projects/snake_tree/workflow/benchmarking", line 41, in <module>
  File "/work/FAC/FBM/DBC/cdessim2/default/dmoi/projects/snake_tree/workflow/ML3ditree", line 21, in <module>
  File "/work/FAC/FBM/DBC/cdessim2/default/dmoi/projects/snake_tree/workflow/benchmarking", line 41, in <module>
  File "/work/FAC/FBM/DBC/cdessim2/default/dmoi/projects/snake_tree/workflow/ML3ditree", line 21, in <module>
  File "/work/FAC/FBM/DBC/cdessim2/default/dmoi/projects/snake_tree/workflow/benchmarking", line 41, in <module>
  File "/work/FAC/FBM/DBC/cdessim2/default/dmoi/projects/snake_tree/workflow/ML3ditree", line 21, in <module>
  File "/work/FAC/FBM/DBC/cdessim2/default/dmoi/projects/snake_tree/workflow/benchmarking", line 41, in <module>
  File "/work/FAC/FBM/DBC/cdessim2/default/dmoi/projects/snake_tree/workflow/ML3ditree", line 21, in <module>
  File "/work/FAC/FBM/DBC/cdessim2/default/dmoi/projects/snake_tree/workflow/benchmarking", line 41, in <module>
  File "/work/FAC/FBM/DBC/cdessim2/default/dmoi/projects/snake_tree/workflow/ML3ditree", line 21, in <module>
  File "/work/FAC/FBM/DBC/cdessim2/default/dmoi/projects/snake_tree/workflow/benchmarking", line 41, in <module>
  File "/work/FAC/FBM/DBC/cdessim2/default/dmoi/projects/snake_tree/workflow/ML3ditree", line 21, in <module>
  File "/work/FAC/FBM/DBC/cdessim2/default/dmoi/projects/snake_tree/workflow/benchmarking", line 41, in <module>
  File "/work/FAC/FBM/DBC/cdessim2/default/dmoi/projects/snake_tree/workflow/ML3ditree", line 21, in <module>
  File "/work/FAC/FBM/DBC/cdessim2/default/dmoi/projects/snake_tree/workflow/benchmarking", line 41, in <module>
  File "/work/FAC/FBM/DBC/cdessim2/default/dmoi/projects/snake_tree/workflow/ML3ditree", line 21, in <module>
  File "/work/FAC/FBM/DBC/cdessim2/default/dmoi/projects/snake_tree/workflow/benchmarking", line 41, in <module>
  File "/work/FAC/FBM/DBC/cdessim2/default/dmoi/projects/snake_tree/workflow/ML3ditree", line 21, in <module>
  File "/work/FAC/FBM/DBC/cdessim2/default/dmoi/projects/snake_tree/workflow/benchmarking", line 41, in <module>
  File "/work/FAC/FBM/DBC/cdessim2/default/dmoi/projects/snake_tree/workflow/ML3ditree", line 21, in <module>
  File "/work/FAC/FBM/DBC/cdessim2/default/dmoi/projects/snake_tree/workflow/benchmarking", line 41, in <module>
  File "/work/FAC/FBM/DBC/cdessim2/default/dmoi/projects/snake_tree/workflow/ML3ditree", line 21, in <module>
  File "/work/FAC/FBM/DBC/cdessim2/default/dmoi/projects/snake_tree/workflow/benchmarking", line 41, in <module>
  File "/work/FAC/FBM/DBC/cdessim2/default/dmoi/projects/snake_tree/workflow/ML3ditree", line 21, in <module>
  File "/work/FAC/FBM/DBC/cdessim2/default/dmoi/projects/snake_tree/workflow/benchmarking", line 41, in <module>
  File "/work/FAC/FBM/DBC/cdessim2/default/dmoi/projects/snake_tree/workflow/ML3ditree", line 21, in <module>
  File "/work/FAC/FBM/DBC/cdessim2/default/dmoi/projects/snake_tree/workflow/benchmarking", line 41, in <module>
  File "/work/FAC/FBM/DBC/cdessim2/default/dmoi/projects/snake_tree/workflow/ML3ditree", line 21, in <module>
  File "/work/FAC/FBM/DBC/cdessim2/default/dmoi/projects/snake_tree/workflow/benchmarking", line 41, in <module>
  File "/work/FAC/FBM/DBC/cdessim2/default/dmoi/projects/snake_tree/workflow/ML3ditree", line 21, in <module>
  File "/work/FAC/FBM/DBC/cdessim2/default/dmoi/projects/snake_tree/workflow/benchmarking", line 41, in <module>
  File "/work/FAC/FBM/DBC/cdessim2/default/dmoi/projects/snake_tree/workflow/ML3ditree", line 21, in <module>
  File "/work/FAC/FBM/DBC/cdessim2/default/dmoi/projects/snake_tree/workflow/benchmarking", line 41, in <module>
  File "/work/FAC/FBM/DBC/cdessim2/default/dmoi/projects/snake_tree/workflow/ML3ditree", line 21, in <module>
  File "/work/FAC/FBM/DBC/cdessim2/default/dmoi/projects/snake_tree/workflow/benchmarking", line 41, in <module>
  File "/work/FAC/FBM/DBC/cdessim2/default/dmoi/projects/snake_tree/workflow/ML3ditree", line 21, in <module>
  File "/work/FAC/FBM/DBC/cdessim2/default/dmoi/projects/snake_tree/workflow/benchmarking", line 41, in <module>
  File "/work/FAC/FBM/DBC/cdessim2/default/dmoi/projects/snake_tree/workflow/ML3ditree", line 21, in <module>
  File "/work/FAC/FBM/DBC/cdessim2/default/dmoi/projects/snake_tree/workflow/benchmarking", line 41, in <module>
  File "/work/FAC/FBM/DBC/cdessim2/default/dmoi/projects/snake_tree/workflow/ML3ditree", line 21, in <module>
  File "/work/FAC/FBM/DBC/cdessim2/default/dmoi/projects/snake_tree/workflow/benchmarking", line 41, in <module>
  File "/work/FAC/FBM/DBC/cdessim2/default/dmoi/projects/snake_tree/workflow/ML3ditree", line 21, in <module>
  File "/work/FAC/FBM/DBC/cdessim2/default/dmoi/projects/snake_tree/workflow/benchmarking", line 41, in <module>
  File "/work/FAC/FBM/DBC/cdessim2/default/dmoi/projects/snake_tree/workflow/ML3ditree", line 13, in <module>
  File "/work/FAC/FBM/DBC/cdessim2/default/dmoi/projects/snake_tree/workflow/FidentXaln", line 23, in <module>
