IQ-TREE multicore version 2.2.3 COVID-edition for Linux 64-bit built Aug 13 2023
Developed by Bui Quang Minh, James Barbetti, Nguyen Lam Tung,
Olga Chernomor, Heiko Schmidt, Dominik Schrempf, Michael Woodhams, Ly Trong Nhan.

Host:    dna039 (AVX2, FMA3, 503 GB RAM)
Command: iqtree -s CRIMVLG/alnAA_3di.fasta -m LG+I+G -seed 42 -nt AUTO -n 50
Seed:    42 (Using SPRNG - Scalable Parallel Random Number Generator)
Time:    Tue Mar 18 22:37:36 2025
Kernel:  AVX+FMA - auto-detect threads (10 CPU cores detected)

Reading alignment file CRIMVLG/alnAA_3di.fasta ... Fasta format detected
Reading fasta file: done in 0.00028793 secs using 15.28% CPU
Alignment most likely contains protein sequences
Constructing alignment: done in 0.000234098 secs using 90.99% CPU
WARNING: 4 sites contain only gaps or ambiguous characters.
Alignment has 47 sequences with 228 columns, 207 distinct patterns
163 parsimony-informative, 27 singleton sites, 38 constant sites
WARNING: Some sequence names are changed as follows:
ArgRS_AF_Bact_Escherichia_coli_O157:H7_str._Sakai_gene912519 -> ArgRS_AF_Bact_Escherichia_coli_O157_H7_str._Sakai_gene912519

                                                                               Gap/Ambiguity  Composition  p-value
Analyzing sequences: done in 1.53994e-05 secs using 97.41% CPU
   1  ArgRS_PDB_Arch_2ZUF                                                             34.21%    passed     92.57%
   2  ArgRS_AF_Mito_Homo_sapiens_gene57038                                            37.28%    passed     99.71%
   3  CysRS_AF_Arch_Aciduliprofundum_boonei_T469_gene8827372                          51.32%    failed      2.60%
   4  ArgRS_AF_Bact_Mycoplasma_hyopneumoniae_168-L_gene57100855                       39.04%    passed     96.55%
   5  CysRS_AF_Euk_Micromonas_commoda_gene8246535                                     39.04%    passed     86.36%
   6  CysRS_AF_Bact_Prochlorococcus_marinus_subsp_marinus_str_CCMP1375_gene54200571   37.72%    passed     96.59%
   7  CysRS_AF_Mito_Homo_sapiens_gene79587                                            43.42%    passed      5.52%
   8  CysRS_AF_Arch_Candidatus_Nitrosopumilus_sediminis_gene13696907                  49.12%    passed     65.68%
   9  ArgRS_AF_Vir_Megavirus_chiliensis_gene11257368                                  35.96%    passed     24.43%
  10  CysRS_AF_Bact_Mycoplasma_hyopneumoniae_168-L_gene57101512                       61.40%    passed     88.74%
  11  ArgRS_AF_Bact_Brachyspira_pilosicoli_95_1000_gene56439668                       35.09%    passed     84.91%
  12  ArgRS_AF_Euk_Micromonas_commoda_gene8250062                                     38.16%    passed     99.68%
  13  ArgRS_PDB_Bact_1IQ0                                                             35.96%    passed     59.57%
  14  ArgRS_AF_Bact_Corynebacterium_ulcerans_809_gene75260071                         34.21%    passed     99.69%
  15  ArgRS_PDB_Euk_S_cerevisiae_1BS2                                                 35.96%    passed     98.13%
  16  ArgRS_AF_Bact_Escherichia_coli_O157_H7_str._Sakai_gene912519                    36.40%    passed     99.97%
  17  CysRS_AF_Bact_Treponema_pallidum_subsp_pertenue_str_SamoaD_gene57878631         47.37%    passed     93.83%
  18  CysRS_AF_Euk_Arabidopsis_thaliana_gene833874                                    40.35%    passed     89.14%
  19  CysRS_AF_Euk_Cyanidioschyzon_merolae_strain_10D_gene16993418                    42.98%    passed     98.55%
  20  CysRS_AF_Arch_Pyrobaculum_ferrireducens_gene11593896                            60.53%    passed     99.41%
  21  CysRS_AF_Bact_Mycobacterium_canettii_CIPT_140010059_gene45427568                54.39%    passed     65.18%
  22  CysRS_AF_Euk_Drosophila_melanogaster_gene36784                                  42.54%    passed     86.11%
  23  CysRS_AF_Bact_Porphyromonas_gingivalis_ATCC_33277_gene29256960                  50.00%    passed     49.76%
  24  CysRS_AF_Bact_Streptobacillus_moniliformis_DSM_12112_gene29673427               49.56%    passed    100.00%
  25  CysRS_AF_Bact_Bordetella_avium_197N_gene41394405                                56.58%    passed     46.36%
  26  CysRS_AF_Bact_Lactobacillus_amylovorus_GRL1118_gene66523130                     47.81%    passed     88.34%
  27  CysRS_AF_Arch_Methanospirillum_hungatei_JF-1_gene3922979                        61.84%    passed     99.74%
  28  ArgRS_AF_Arch_Methanothermococcus_okinawensis_IH1_gene10773248                  34.65%    passed     76.79%
  29  ArgRS_AF_Arch_Desulfurococcus_mucosus_DSM_2162_gene10153309                     30.70%    passed     90.65%
  30  ArgRS_AF_Arch_Candidatus_Nitrosopumilus_sediminis_gene13697696                  37.28%    passed     95.96%
  31  ArgRS_AF_Arch_Candidatus_Korarchaeum_cryptofilum_OPF8_gene6093502               37.72%    passed     32.19%
  32  CysRS_PDB_Bact_M_smegmatis_3C8Z                                                 65.79%    passed     91.89%
  33  CysRS_PDB_Bact_E_coli_1LI5                                                      63.16%    passed     99.88%
  34  CysRS_AF_Vir_Megavirus_chiliensis_gene11257271                                  48.68%    passed     99.98%
  35  CysRS_AF_Mito_Saccharomyces_cerevisiae_S288C_gene855474                         43.42%    passed     94.62%
  36  CysRS_AF_Mito_Morone_saxatilis_gene118339815                                    43.42%    passed     78.91%
  37  CysRS_AF_Euk_Homo_sapiens_gene833                                               42.11%    passed     95.62%
  38  ArgRS_AF_Euk_Thalassiosira_pseudonana_CCMP1335_gene7449555                      35.09%    passed     98.78%
  39  ArgRS_AF_Bact_Streptobacillus_moniliformis_DSM_12112_gene29674021               35.96%    passed     40.82%
  40  ArgRS_AF_Bact_Cupriavidus_taiwanensis_LMG_19424_gene29762022                    32.46%    passed     98.37%
  41  ArgRS_AF_Mito_Caenorhabditis_elegans_gene174023                                 35.96%    passed     99.03%
  42  ArgRS_AF_Euk_Polyodon_spathula_gene121324634                                    32.46%    passed     60.50%
  43  ArgRS_AF_Bact_Anoxybacillus_flavithermus_WK1_gene7039015                        36.40%    passed     98.43%
  44  ArgRS_AF_Euk_Paulinella_chromatophora_gene6481434                               37.72%    passed     99.97%
  45  ArgRS_AF_Bact_Prochlorococcus_marinus_subsp_marinus_str_CCMP1375_gene54199571   37.72%    passed     99.98%
  46  ArgRS_AF_Euk_Homo_sapiens_gene5917                                              32.46%    passed     57.33%
  47  ArgRS_AF_Bact_Chlamydia_psittaci_6BC_gene12242456                               38.60%    passed     98.33%
WARNING: 8 sequences contain more than 50% gaps/ambiguity
****  TOTAL                                                                           42.55%  1 sequences failed composition chi2 test (p-value<5%; df=19)
Checking for duplicate sequences: done in 8.94181e-05 secs using 98.41% CPU
WARNING: States(s) I, K, M rarely appear in alignment and may cause numerical problems

Create initial parsimony tree by phylogenetic likelihood library (PLL)... 0.007 seconds

NOTE: 6 MB RAM (0 GB) is required!
Measuring multi-threading efficiency up to 10 CPU cores
Increase to 10 rounds for branch lengths
43 trees examined
Threads: 1 / Time: 10.126 sec / Speedup: 1.000 / Efficiency: 100% / LogL: -13148
Threads: 2 / Time: 6.992 sec / Speedup: 1.448 / Efficiency: 72% / LogL: -13148
Threads: 3 / Time: 5.687 sec / Speedup: 1.780 / Efficiency: 59% / LogL: -13148
Threads: 4 / Time: 4.947 sec / Speedup: 2.047 / Efficiency: 51% / LogL: -13148
Threads: 5 / Time: 4.423 sec / Speedup: 2.289 / Efficiency: 46% / LogL: -13148
Determining AUTO threadcount: done in 32.1761 secs using 256.1% CPU
BEST NUMBER OF THREADS: 4

Estimate model parameters (epsilon = 0.100)
Thoroughly optimizing +I+G parameters from 10 start values...
Init pinv, alpha: 0.000, 1.000 / Estimate: 0.050, 1.687 / LogL: -11390.542
Init pinv, alpha: 0.019, 1.000 / Estimate: 0.050, 1.678 / LogL: -11390.556
Init pinv, alpha: 0.037, 1.000 / Estimate: 0.050, 1.679 / LogL: -11390.554
Init pinv, alpha: 0.056, 1.000 / Estimate: 0.050, 1.679 / LogL: -11390.553
Init pinv, alpha: 0.074, 1.000 / Estimate: 0.050, 1.680 / LogL: -11390.552
Init pinv, alpha: 0.093, 1.000 / Estimate: 0.050, 1.680 / LogL: -11390.551
Init pinv, alpha: 0.111, 1.000 / Estimate: 0.050, 1.680 / LogL: -11390.551
Init pinv, alpha: 0.130, 1.000 / Estimate: 0.050, 1.680 / LogL: -11390.550
Init pinv, alpha: 0.148, 1.000 / Estimate: 0.050, 1.681 / LogL: -11390.550
Init pinv, alpha: 0.167, 1.000 / Estimate: 0.050, 1.681 / LogL: -11390.549
Optimal pinv,alpha: 0.050, 1.687 / LogL: -11390.542

Parameters optimization took 3.188 sec
Wrote distance file to... 
Computing ML distances based on estimated model parameters...
Calculating distance matrix: done in 0.0831948 secs using 398.2% CPU
Computing ML distances took 0.083285 sec (of wall-clock time) 0.331340 sec (of CPU time)
WARNING: Some pairwise ML distances are too long (saturated)
Setting up auxiliary I and S matrices: done in 0.000290455 secs using 157% CPU
Constructing RapidNJ tree: done in 0.0103481 secs using 33.69% CPU
Computing RapidNJ tree took 0.010814 sec (of wall-clock time) 0.003953 sec (of CPU time)
Log-likelihood of RapidNJ tree: -11380.469
--------------------------------------------------------------------
|             INITIALIZING CANDIDATE TREE SET                      |
--------------------------------------------------------------------
Generating 98 parsimony trees... 0.742 second
Computing log-likelihood of 98 initial trees ... 1.364 seconds
Current best score: -11380.469

Do NNI search on 20 best initial trees
Optimizing NNI: done in 0.324917 secs using 397.5% CPU
Estimate model parameters (epsilon = 0.100)
BETTER TREE FOUND at iteration 1: -11306.085
Optimizing NNI: done in 0.366592 secs using 396.2% CPU
Optimizing NNI: done in 0.186034 secs using 396.7% CPU
Optimizing NNI: done in 0.221034 secs using 397.1% CPU
Optimizing NNI: done in 0.197471 secs using 398.2% CPU
Optimizing NNI: done in 0.204363 secs using 396% CPU
Optimizing NNI: done in 0.262823 secs using 397.9% CPU
Optimizing NNI: done in 0.16922 secs using 395% CPU
Optimizing NNI: done in 0.231948 secs using 395.6% CPU
Optimizing NNI: done in 0.222004 secs using 397.6% CPU
Iteration 10 / LogL: -11320.634 / Time: 0h:0m:40s
Optimizing NNI: done in 0.1766 secs using 394.5% CPU
Optimizing NNI: done in 0.145824 secs using 395.2% CPU
Optimizing NNI: done in 0.169314 secs using 397.8% CPU
Optimizing NNI: done in 0.220236 secs using 396.4% CPU
Optimizing NNI: done in 0.232449 secs using 397.1% CPU
Optimizing NNI: done in 0.230891 secs using 397.8% CPU
Optimizing NNI: done in 0.187132 secs using 396.6% CPU
Optimizing NNI: done in 0.19253 secs using 397.1% CPU
Optimizing NNI: done in 0.159367 secs using 398.3% CPU
Optimizing NNI: done in 0.335229 secs using 396.7% CPU
Iteration 20 / LogL: -11310.429 / Time: 0h:0m:42s
Finish initializing candidate tree set (20)
Current best tree score: -11306.085 / CPU time: 6.663
Number of iterations: 20
--------------------------------------------------------------------
|               OPTIMIZING CANDIDATE TREE SET                      |
--------------------------------------------------------------------
Optimizing NNI: done in 0.275231 secs using 395.8% CPU
Optimizing NNI: done in 0.256254 secs using 395.5% CPU
Optimizing NNI: done in 0.299231 secs using 397.4% CPU
BETTER TREE FOUND at iteration 23: -11306.077
Optimizing NNI: done in 0.304414 secs using 395.2% CPU
Optimizing NNI: done in 0.346494 secs using 396.2% CPU
UPDATE BEST LOG-LIKELIHOOD: -11306.076
Optimizing NNI: done in 0.212099 secs using 396.9% CPU
Optimizing NNI: done in 0.271722 secs using 397.4% CPU
Optimizing NNI: done in 0.322625 secs using 397.1% CPU
Optimizing NNI: done in 0.252851 secs using 396.8% CPU
Optimizing NNI: done in 0.263629 secs using 397.1% CPU
Iteration 30 / LogL: -11315.651 / Time: 0h:0m:45s (0h:0m:31s left)
Optimizing NNI: done in 0.329542 secs using 398.1% CPU
Optimizing NNI: done in 0.347019 secs using 396.4% CPU
Optimizing NNI: done in 0.334252 secs using 397.5% CPU
Optimizing NNI: done in 0.235432 secs using 395.4% CPU
Optimizing NNI: done in 0.306983 secs using 397.4% CPU
Optimizing NNI: done in 0.306702 secs using 398.2% CPU
Optimizing NNI: done in 0.303521 secs using 397.1% CPU
Optimizing NNI: done in 0.26999 secs using 397.5% CPU
Optimizing NNI: done in 0.262301 secs using 396.7% CPU
Optimizing NNI: done in 0.338307 secs using 395.7% CPU
Iteration 40 / LogL: -11307.520 / Time: 0h:0m:48s (0h:0m:12s left)
Optimizing NNI: done in 0.256025 secs using 394.2% CPU
Optimizing NNI: done in 0.407906 secs using 396.6% CPU
Optimizing NNI: done in 0.322394 secs using 395.5% CPU
Optimizing NNI: done in 0.327321 secs using 397.4% CPU
Optimizing NNI: done in 0.260771 secs using 395.6% CPU
Optimizing NNI: done in 0.298096 secs using 396.7% CPU
Optimizing NNI: done in 0.361704 secs using 397.7% CPU
UPDATE BEST LOG-LIKELIHOOD: -11306.076
Optimizing NNI: done in 0.306038 secs using 396.9% CPU
Optimizing NNI: done in 0.216899 secs using 396.8% CPU
Optimizing NNI: done in 0.305833 secs using 395.5% CPU
Iteration 50 / LogL: -11306.077 / Time: 0h:0m:51s (0h:0m:0s left)
TREE SEARCH COMPLETED AFTER 50 ITERATIONS / Time: 0h:0m:51s

--------------------------------------------------------------------
|                    FINALIZING TREE SEARCH                        |
--------------------------------------------------------------------
Performs final model parameters optimization
Estimate model parameters (epsilon = 0.010)
1. Initial log-likelihood: -11306.076
Optimal log-likelihood: -11306.070
Proportion of invariable sites: 0.052
Gamma shape alpha: 1.749
Parameters optimization took 1 rounds (0.040 sec)
BEST SCORE FOUND : -11306.070
Total tree length: 38.772

Total number of iterations: 50
CPU time used for tree search: 59.975 sec (0h:0m:59s)
Wall-clock time used for tree search: 15.668 sec (0h:0m:15s)
Total CPU time used: 156.184 sec (0h:2m:36s)
Total wall-clock time used: 51.327 sec (0h:0m:51s)

Analysis results written to: 
  IQ-TREE report:                CRIMVLG/alnAA_3di.fasta.iqtree
  Maximum-likelihood tree:       CRIMVLG/alnAA_3di.fasta.treefile
  Likelihood distances:          CRIMVLG/alnAA_3di.fasta.mldist
  Screen log file:               CRIMVLG/alnAA_3di.fasta.log

Date and Time: Tue Mar 18 22:38:28 2025
