IQ-TREE multicore version 2.2.3 COVID-edition for Linux 64-bit built Aug 13 2023
Developed by Bui Quang Minh, James Barbetti, Nguyen Lam Tung,
Olga Chernomor, Heiko Schmidt, Dominik Schrempf, Michael Woodhams, Ly Trong Nhan.

Host:    dna040 (AVX2, FMA3, 503 GB RAM)
Command: iqtree -p CRIMVLG/templateXAA.nx -seed 42 -nt AUTO -n 50
Seed:    42 (Using SPRNG - Scalable Parallel Random Number Generator)
Time:    Tue Mar 18 22:38:45 2025
Kernel:  AVX+FMA - auto-detect threads (20 CPU cores detected)

Reading partition model file CRIMVLG/templateXAA.nx ...

Loading 2 partitions...
Reading alignment file CRIMVLG/alnAA_AA.fasta ... Fasta format detected
Reading fasta file: done in 0.000290656 secs using 95.3% CPU
Alignment most likely contains protein sequences
Constructing alignment: done in 0.000276608 secs using 3339% CPU
Alignment has 47 sequences with 228 columns, 214 distinct patterns
164 parsimony-informative, 23 singleton sites, 41 constant sites
WARNING: Some sequence names are changed as follows:
ArgRS_AF_Bact_Escherichia_coli_O157:H7_str._Sakai_gene912519 -> ArgRS_AF_Bact_Escherichia_coli_O157_H7_str._Sakai_gene912519

                                                                               Gap/Ambiguity  Composition  p-value
Analyzing sequences: done in 0.0121179 secs using 1890% CPU
   1  ArgRS_PDB_Arch_2ZUF                                                             34.21%    passed     69.34%
   2  ArgRS_AF_Mito_Homo_sapiens_gene57038                                            37.28%    passed     23.92%
   3  CysRS_AF_Arch_Aciduliprofundum_boonei_T469_gene8827372                          51.32%    passed     36.14%
   4  ArgRS_AF_Bact_Mycoplasma_hyopneumoniae_168-L_gene57100855                       39.04%    failed      0.32%
   5  CysRS_AF_Euk_Micromonas_commoda_gene8246535                                     39.04%    failed      2.01%
   6  CysRS_AF_Bact_Prochlorococcus_marinus_subsp_marinus_str_CCMP1375_gene54200571   37.72%    passed      6.81%
   7  CysRS_AF_Mito_Homo_sapiens_gene79587                                            43.42%    passed     24.86%
   8  CysRS_AF_Arch_Candidatus_Nitrosopumilus_sediminis_gene13696907                  49.12%    passed     48.77%
   9  ArgRS_AF_Vir_Megavirus_chiliensis_gene11257368                                  35.96%    failed      0.20%
  10  CysRS_AF_Bact_Mycoplasma_hyopneumoniae_168-L_gene57101512                       61.40%    failed      0.03%
  11  ArgRS_AF_Bact_Brachyspira_pilosicoli_95_1000_gene56439668                       35.09%    passed      5.07%
  12  ArgRS_AF_Euk_Micromonas_commoda_gene8250062                                     38.16%    passed     71.98%
  13  ArgRS_PDB_Bact_1IQ0                                                             35.96%    passed     12.28%
  14  ArgRS_AF_Bact_Corynebacterium_ulcerans_809_gene75260071                         34.21%    passed     25.29%
  15  ArgRS_PDB_Euk_S_cerevisiae_1BS2                                                 35.96%    passed     68.85%
  16  ArgRS_AF_Bact_Escherichia_coli_O157_H7_str._Sakai_gene912519                    36.40%    passed     96.80%
  17  CysRS_AF_Bact_Treponema_pallidum_subsp_pertenue_str_SamoaD_gene57878631         47.37%    failed      0.01%
  18  CysRS_AF_Euk_Arabidopsis_thaliana_gene833874                                    40.35%    passed      7.59%
  19  CysRS_AF_Euk_Cyanidioschyzon_merolae_strain_10D_gene16993418                    42.98%    failed      0.17%
  20  CysRS_AF_Arch_Pyrobaculum_ferrireducens_gene11593896                            60.53%    passed     16.95%
  21  CysRS_AF_Bact_Mycobacterium_canettii_CIPT_140010059_gene45427568                54.39%    failed      4.06%
  22  CysRS_AF_Euk_Drosophila_melanogaster_gene36784                                  42.54%    passed     72.69%
  23  CysRS_AF_Bact_Porphyromonas_gingivalis_ATCC_33277_gene29256960                  50.00%    passed     39.65%
  24  CysRS_AF_Bact_Streptobacillus_moniliformis_DSM_12112_gene29673427               49.56%    failed      0.04%
  25  CysRS_AF_Bact_Bordetella_avium_197N_gene41394405                                56.58%    passed      6.16%
  26  CysRS_AF_Bact_Lactobacillus_amylovorus_GRL1118_gene66523130                     47.81%    passed     47.62%
  27  CysRS_AF_Arch_Methanospirillum_hungatei_JF-1_gene3922979                        61.84%    passed      9.13%
  28  ArgRS_AF_Arch_Methanothermococcus_okinawensis_IH1_gene10773248                  34.65%    failed      0.03%
  29  ArgRS_AF_Arch_Desulfurococcus_mucosus_DSM_2162_gene10153309                     30.70%    passed     24.63%
  30  ArgRS_AF_Arch_Candidatus_Nitrosopumilus_sediminis_gene13697696                  37.28%    passed     78.37%
  31  ArgRS_AF_Arch_Candidatus_Korarchaeum_cryptofilum_OPF8_gene6093502               37.72%    passed     72.31%
  32  CysRS_PDB_Bact_M_smegmatis_3C8Z                                                 65.79%    failed      2.60%
  33  CysRS_PDB_Bact_E_coli_1LI5                                                      63.16%    passed     78.03%
  34  CysRS_AF_Vir_Megavirus_chiliensis_gene11257271                                  48.68%    failed      0.00%
  35  CysRS_AF_Mito_Saccharomyces_cerevisiae_S288C_gene855474                         43.42%    passed     44.58%
  36  CysRS_AF_Mito_Morone_saxatilis_gene118339815                                    43.42%    passed     36.30%
  37  CysRS_AF_Euk_Homo_sapiens_gene833                                               42.11%    passed     87.59%
  38  ArgRS_AF_Euk_Thalassiosira_pseudonana_CCMP1335_gene7449555                      35.09%    passed     92.52%
  39  ArgRS_AF_Bact_Streptobacillus_moniliformis_DSM_12112_gene29674021               35.96%    passed     89.11%
  40  ArgRS_AF_Bact_Cupriavidus_taiwanensis_LMG_19424_gene29762022                    32.46%    failed      0.04%
  41  ArgRS_AF_Mito_Caenorhabditis_elegans_gene174023                                 35.96%    passed     30.88%
  42  ArgRS_AF_Euk_Polyodon_spathula_gene121324634                                    32.46%    passed     10.95%
  43  ArgRS_AF_Bact_Anoxybacillus_flavithermus_WK1_gene7039015                        36.40%    passed     86.77%
  44  ArgRS_AF_Euk_Paulinella_chromatophora_gene6481434                               37.72%    passed     95.34%
  45  ArgRS_AF_Bact_Prochlorococcus_marinus_subsp_marinus_str_CCMP1375_gene54199571   37.72%    passed     91.86%
  46  ArgRS_AF_Euk_Homo_sapiens_gene5917                                              32.46%    passed     13.14%
  47  ArgRS_AF_Bact_Chlamydia_psittaci_6BC_gene12242456                               38.60%    passed     67.22%
WARNING: 8 sequences contain more than 50% gaps/ambiguity
****  TOTAL                                                                           42.55%  12 sequences failed composition chi2 test (p-value<5%; df=19)
Reading alignment file CRIMVLG/aln3di_AA.fasta ... Fasta format detected
Reading fasta file: done in 0.000245772 secs using 98.87% CPU
Alignment most likely contains protein sequences
Constructing alignment: done in 0.000298643 secs using 974.7% CPU
Alignment has 47 sequences with 187 columns, 187 distinct patterns
173 parsimony-informative, 13 singleton sites, 0 constant sites
WARNING: Some sequence names are changed as follows:
ArgRS_AF_Bact_Escherichia_coli_O157:H7_str._Sakai_gene912519 -> ArgRS_AF_Bact_Escherichia_coli_O157_H7_str._Sakai_gene912519

                                                                               Gap/Ambiguity  Composition  p-value
Analyzing sequences: done in 0.0121239 secs using 1874% CPU
   1  ArgRS_PDB_Arch_2ZUF                                                             19.79%    passed     69.27%
   2  ArgRS_AF_Mito_Homo_sapiens_gene57038                                            23.53%    passed     23.81%
   3  CysRS_AF_Arch_Aciduliprofundum_boonei_T469_gene8827372                          40.64%    passed     36.18%
   4  ArgRS_AF_Bact_Mycoplasma_hyopneumoniae_168-L_gene57100855                       25.67%    failed      0.32%
   5  CysRS_AF_Euk_Micromonas_commoda_gene8246535                                     25.67%    failed      2.02%
   6  CysRS_AF_Bact_Prochlorococcus_marinus_subsp_marinus_str_CCMP1375_gene54200571   24.06%    passed      6.77%
   7  CysRS_AF_Mito_Homo_sapiens_gene79587                                            31.02%    passed     24.83%
   8  CysRS_AF_Arch_Candidatus_Nitrosopumilus_sediminis_gene13696907                  37.97%    passed     48.78%
   9  ArgRS_AF_Vir_Megavirus_chiliensis_gene11257368                                  21.93%    failed      0.20%
  10  CysRS_AF_Bact_Mycoplasma_hyopneumoniae_168-L_gene57101512                       52.94%    failed      0.03%
  11  ArgRS_AF_Bact_Brachyspira_pilosicoli_95_1000_gene56439668                       20.86%    passed      5.08%
  12  ArgRS_AF_Euk_Micromonas_commoda_gene8250062                                     24.60%    passed     71.88%
  13  ArgRS_PDB_Bact_1IQ0                                                             21.93%    passed     12.25%
  14  ArgRS_AF_Bact_Corynebacterium_ulcerans_809_gene75260071                         19.79%    passed     25.28%
  15  ArgRS_PDB_Euk_S_cerevisiae_1BS2                                                 21.93%    passed     68.52%
  16  ArgRS_AF_Bact_Escherichia_coli_O157_H7_str._Sakai_gene912519                    22.46%    passed     96.81%
  17  CysRS_AF_Bact_Treponema_pallidum_subsp_pertenue_str_SamoaD_gene57878631         35.83%    failed      0.01%
  18  CysRS_AF_Euk_Arabidopsis_thaliana_gene833874                                    27.27%    passed      7.60%
  19  CysRS_AF_Euk_Cyanidioschyzon_merolae_strain_10D_gene16993418                    30.48%    failed      0.17%
  20  CysRS_AF_Arch_Pyrobaculum_ferrireducens_gene11593896                            51.87%    passed     16.96%
  21  CysRS_AF_Bact_Mycobacterium_canettii_CIPT_140010059_gene45427568                44.39%    failed      4.05%
  22  CysRS_AF_Euk_Drosophila_melanogaster_gene36784                                  29.95%    passed     72.60%
  23  CysRS_AF_Bact_Porphyromonas_gingivalis_ATCC_33277_gene29256960                  39.04%    passed     39.72%
  24  CysRS_AF_Bact_Streptobacillus_moniliformis_DSM_12112_gene29673427               38.50%    failed      0.04%
  25  CysRS_AF_Bact_Bordetella_avium_197N_gene41394405                                47.06%    passed      6.16%
  26  CysRS_AF_Bact_Lactobacillus_amylovorus_GRL1118_gene66523130                     36.36%    passed     47.70%
  27  CysRS_AF_Arch_Methanospirillum_hungatei_JF-1_gene3922979                        53.48%    passed      9.14%
  28  ArgRS_AF_Arch_Methanothermococcus_okinawensis_IH1_gene10773248                  20.32%    failed      0.03%
  29  ArgRS_AF_Arch_Desulfurococcus_mucosus_DSM_2162_gene10153309                     15.51%    passed     24.64%
  30  ArgRS_AF_Arch_Candidatus_Nitrosopumilus_sediminis_gene13697696                  23.53%    passed     78.49%
  31  ArgRS_AF_Arch_Candidatus_Korarchaeum_cryptofilum_OPF8_gene6093502               24.06%    passed     72.19%
  32  CysRS_PDB_Bact_M_smegmatis_3C8Z                                                 58.29%    failed      2.56%
  33  CysRS_PDB_Bact_E_coli_1LI5                                                      55.08%    passed     78.06%
  34  CysRS_AF_Vir_Megavirus_chiliensis_gene11257271                                  37.43%    failed      0.00%
  35  CysRS_AF_Mito_Saccharomyces_cerevisiae_S288C_gene855474                         31.02%    passed     44.61%
  36  CysRS_AF_Mito_Morone_saxatilis_gene118339815                                    31.02%    passed     36.06%
  37  CysRS_AF_Euk_Homo_sapiens_gene833                                               29.41%    passed     87.43%
  38  ArgRS_AF_Euk_Thalassiosira_pseudonana_CCMP1335_gene7449555                      20.86%    passed     92.44%
  39  ArgRS_AF_Bact_Streptobacillus_moniliformis_DSM_12112_gene29674021               21.93%    passed     89.15%
  40  ArgRS_AF_Bact_Cupriavidus_taiwanensis_LMG_19424_gene29762022                    17.65%    failed      0.04%
  41  ArgRS_AF_Mito_Caenorhabditis_elegans_gene174023                                 21.93%    passed     30.91%
  42  ArgRS_AF_Euk_Polyodon_spathula_gene121324634                                    17.65%    passed     10.77%
  43  ArgRS_AF_Bact_Anoxybacillus_flavithermus_WK1_gene7039015                        22.46%    passed     86.76%
  44  ArgRS_AF_Euk_Paulinella_chromatophora_gene6481434                               24.06%    passed     95.34%
  45  ArgRS_AF_Bact_Prochlorococcus_marinus_subsp_marinus_str_CCMP1375_gene54199571   24.06%    passed     91.84%
  46  ArgRS_AF_Euk_Homo_sapiens_gene5917                                              17.65%    passed     12.97%
  47  ArgRS_AF_Bact_Chlamydia_psittaci_6BC_gene12242456                               25.13%    passed     67.10%
WARNING: 5 sequences contain more than 50% gaps/ambiguity
****  TOTAL                                                                           29.96%  12 sequences failed composition chi2 test (p-value<5%; df=19)
Subset	Type	Seqs	Sites	Infor	Invar	Model	Name
1	AA	47	228	164	41	LG+I+G	part1
2		47	187	173	1	/work/FAC/FBM/DBC/cdessim2/default/dmoi/projects/snake_tree/3diphy/3DI_substmat/3di_substmat.txt+I+F	part2
Degree of missing data: 0.000
Info: multi-threading strategy over partitions


Create initial parsimony tree by phylogenetic likelihood library (PLL)... 0.009 seconds
Reading model parameters from file /work/FAC/FBM/DBC/cdessim2/default/dmoi/projects/snake_tree/3diphy/3DI_substmat/3di_substmat.txt
WARNING: Normalizing state frequencies so that sum of them equals to 1

NOTE: 8 MB RAM (0 GB) is required!
Measuring multi-threading efficiency up to 20 CPU cores
Increase to 10 rounds for branch lengths
64 trees examined
Threads: 1 / Time: 20.196 sec / Speedup: 1.000 / Efficiency: 100% / LogL: -31832
Threads: 2 / Time: 17.216 sec / Speedup: 1.173 / Efficiency: 59% / LogL: -31832
Threads: 3 / Time: 48.597 sec / Speedup: 0.416 / Efficiency: 14% / LogL: -31832
Determining AUTO threadcount: done in 86.0255 secs using 91.09% CPU
BEST NUMBER OF THREADS: 2

Estimate model parameters (epsilon = 0.100)
Initial log-likelihood: -31886.042
Current log-likelihood at step 1: -29738.479
Current log-likelihood at step 2: -29683.673
Current log-likelihood at step 3: -29683.536
Current log-likelihood at step 4: -29683.511
Partition-specific rates:  0.774 1.275
Parameters optimization took 3 rounds (0.785 sec)

Wrote distance file to... 
Computing ML distances based on estimated model parameters...
Calculating distance matrix: done in 0.000147969 secs using 150.7% CPU
Computing ML distances took 0.000198 sec (of wall-clock time) 0.000264 sec (of CPU time)
Setting up auxiliary I and S matrices: done in 0.000192943 secs using 131.1% CPU
Constructing RapidNJ tree: done in 0.00481883 secs using 65.1% CPU
Computing RapidNJ tree took 0.005111 sec (of wall-clock time) 0.003465 sec (of CPU time)
Log-likelihood of RapidNJ tree: -31632.723
--------------------------------------------------------------------
|             INITIALIZING CANDIDATE TREE SET                      |
--------------------------------------------------------------------
Generating 98 parsimony trees... 1.009 second
Computing log-likelihood of 98 initial trees ... 3.501 seconds
Current best score: -29683.511

Do NNI search on 20 best initial trees
Optimizing NNI: done in 1.06658 secs using 182.2% CPU
Estimate model parameters (epsilon = 0.100)
Initial log-likelihood: -29571.266
Current log-likelihood at step 1: -29571.047
Current log-likelihood at step 2: -29571.029
Parameters optimization took 1 rounds (0.282 sec)

BETTER TREE FOUND at iteration 1: -29571.029
Optimizing NNI: done in 1.00795 secs using 183.5% CPU
Estimate model parameters (epsilon = 0.100)
Initial log-likelihood: -29554.883
Current log-likelihood at step 1: -29554.582
Current log-likelihood at step 2: -29554.561
Parameters optimization took 1 rounds (0.341 sec)

BETTER TREE FOUND at iteration 2: -29554.561
Optimizing NNI: done in 1.36816 secs using 183.5% CPU
Estimate model parameters (epsilon = 0.100)
Initial log-likelihood: -29551.999
Current log-likelihood at step 1: -29551.993
Parameters optimization took 0 rounds (0.124 sec)

BETTER TREE FOUND at iteration 3: -29551.993
Optimizing NNI: done in 0.876008 secs using 183.7% CPU
Optimizing NNI: done in 0.935979 secs using 184.1% CPU
Estimate model parameters (epsilon = 0.100)
Initial log-likelihood: -29543.310
Current log-likelihood at step 1: -29543.094
Current log-likelihood at step 2: -29543.091
Parameters optimization took 1 rounds (0.349 sec)

BETTER TREE FOUND at iteration 5: -29543.091
Optimizing NNI: done in 0.778828 secs using 185.1% CPU
Optimizing NNI: done in 0.974572 secs using 185% CPU
Optimizing NNI: done in 1.26352 secs using 185.3% CPU
Optimizing NNI: done in 1.19365 secs using 185.5% CPU
Optimizing NNI: done in 0.952915 secs using 185.7% CPU
Iteration 10 / LogL: -29547.414 / Time: 0h:1m:43s
Optimizing NNI: done in 0.96007 secs using 185.9% CPU
Optimizing NNI: done in 0.990956 secs using 186.4% CPU
Optimizing NNI: done in 0.919911 secs using 186.1% CPU
Optimizing NNI: done in 1.21628 secs using 186.4% CPU
Optimizing NNI: done in 1.11554 secs using 186.7% CPU
Optimizing NNI: done in 0.935544 secs using 186.7% CPU
Optimizing NNI: done in 1.22759 secs using 187.2% CPU
Optimizing NNI: done in 1.11491 secs using 186.8% CPU
Optimizing NNI: done in 0.599041 secs using 187.5% CPU
Optimizing NNI: done in 0.889368 secs using 188% CPU
Iteration 20 / LogL: -29590.568 / Time: 0h:1m:53s
Finish initializing candidate tree set (20)
Current best tree score: -29543.091 / CPU time: 26.244
Number of iterations: 20
--------------------------------------------------------------------
|               OPTIMIZING CANDIDATE TREE SET                      |
--------------------------------------------------------------------
Optimizing NNI: done in 0.590571 secs using 187.5% CPU
Optimizing NNI: done in 0.792043 secs using 187.8% CPU
Optimizing NNI: done in 0.644953 secs using 188.3% CPU
Optimizing NNI: done in 0.610369 secs using 187.5% CPU
Optimizing NNI: done in 0.65213 secs using 188% CPU
Optimizing NNI: done in 0.809719 secs using 188.3% CPU
Optimizing NNI: done in 0.532188 secs using 188.1% CPU
Optimizing NNI: done in 0.817779 secs using 188.6% CPU
Optimizing NNI: done in 0.899021 secs using 189.4% CPU
Optimizing NNI: done in 0.847017 secs using 188.4% CPU
Iteration 30 / LogL: -29545.877 / Time: 0h:2m:0s (0h:1m:23s left)
Optimizing NNI: done in 0.573629 secs using 189.8% CPU
Optimizing NNI: done in 0.534348 secs using 189.4% CPU
Optimizing NNI: done in 0.670904 secs using 189.3% CPU
Optimizing NNI: done in 0.607865 secs using 188.9% CPU
Optimizing NNI: done in 0.738196 secs using 189.6% CPU
Optimizing NNI: done in 0.6839 secs using 189.9% CPU
Estimate model parameters (epsilon = 0.100)
Initial log-likelihood: -29542.865
Current log-likelihood at step 1: -29542.828
Parameters optimization took 0 rounds (0.131 sec)

BETTER TREE FOUND at iteration 36: -29542.828
Optimizing NNI: done in 0.547225 secs using 189.7% CPU
Optimizing NNI: done in 0.59019 secs using 189% CPU
Optimizing NNI: done in 0.71716 secs using 189.6% CPU
Optimizing NNI: done in 0.637181 secs using 190.1% CPU
Iteration 40 / LogL: -29542.874 / Time: 0h:2m:7s (0h:0m:32s left)
Optimizing NNI: done in 1.0317 secs using 190% CPU
Optimizing NNI: done in 0.516859 secs using 190.1% CPU
Optimizing NNI: done in 0.641709 secs using 190.2% CPU
Optimizing NNI: done in 0.731286 secs using 189.5% CPU
Optimizing NNI: done in 0.784014 secs using 190.5% CPU
Optimizing NNI: done in 0.590849 secs using 190.2% CPU
Optimizing NNI: done in 0.752102 secs using 190.4% CPU
Optimizing NNI: done in 0.678636 secs using 190.2% CPU
Optimizing NNI: done in 0.633106 secs using 190.9% CPU
Optimizing NNI: done in 0.691788 secs using 190.6% CPU
Iteration 50 / LogL: -29552.719 / Time: 0h:2m:14s (0h:0m:0s left)
TREE SEARCH COMPLETED AFTER 50 ITERATIONS / Time: 0h:2m:14s

--------------------------------------------------------------------
|                    FINALIZING TREE SEARCH                        |
--------------------------------------------------------------------
Performs final model parameters optimization
Estimate model parameters (epsilon = 0.010)
Initial log-likelihood: -29542.828
Current log-likelihood at step 1: -29542.823
Partition-specific rates:  0.764 1.288
Parameters optimization took 0 rounds (0.128 sec)

Partition information was printed to CRIMVLG/templateXAA.nx.best_model.nex
BEST SCORE FOUND : -29542.823
Total tree length: 70.791

Total number of iterations: 50
CPU time used for tree search: 86.672 sec (0h:1m:26s)
Wall-clock time used for tree search: 47.275 sec (0h:0m:47s)
Total CPU time used: 167.854 sec (0h:2m:47s)
Total wall-clock time used: 134.809 sec (0h:2m:14s)

Analysis results written to: 
  IQ-TREE report:                CRIMVLG/templateXAA.nx.iqtree
  Maximum-likelihood tree:       CRIMVLG/templateXAA.nx.treefile
  Likelihood distances:          CRIMVLG/templateXAA.nx.mldist
  Screen log file:               CRIMVLG/templateXAA.nx.log

Date and Time: Tue Mar 18 22:41:00 2025
